Archive member included to satisfy reference by file (symbol)

/opt/wonderful/thirdparty/blocksds/external/nitro-engine/lib/libNE.a(NEGeneral.c.o)
                              build/DS_GAME/src/main.c.o (NE_Init3D)
/opt/wonderful/thirdparty/blocksds/external/nitro-engine/lib/libNE.a(NEDisplayList.c.o)
                              /opt/wonderful/thirdparty/blocksds/external/nitro-engine/lib/libNE.a(NEGeneral.c.o) (NE_DisplayListSetDefaultFunction)
/opt/wonderful/thirdparty/blocksds/external/nitro-engine/lib/libNE.a(NEModel.c.o)
                              build/DS_GAME/src/main.c.o (NE_ModelCreate)
/opt/wonderful/thirdparty/blocksds/external/nitro-engine/lib/libNE.a(NEGUI.c.o)
                              /opt/wonderful/thirdparty/blocksds/external/nitro-engine/lib/libNE.a(NEGeneral.c.o) (NE_GUIUpdate)
/opt/wonderful/thirdparty/blocksds/external/nitro-engine/lib/libNE.a(NEAnimation.c.o)
                              /opt/wonderful/thirdparty/blocksds/external/nitro-engine/lib/libNE.a(NEGeneral.c.o) (NE_AnimationSystemReset)
/opt/wonderful/thirdparty/blocksds/external/nitro-engine/lib/libNE.a(NEFAT.c.o)
                              /opt/wonderful/thirdparty/blocksds/external/nitro-engine/lib/libNE.a(NEModel.c.o) (NE_FATLoadData)
/opt/wonderful/thirdparty/blocksds/external/nitro-engine/lib/libNE.a(dsma.c.o)
                              /opt/wonderful/thirdparty/blocksds/external/nitro-engine/lib/libNE.a(NEModel.c.o) (DSMA_DrawModel)
/opt/wonderful/thirdparty/blocksds/external/nitro-engine/lib/libNE.a(NEPolygon.c.o)
                              /opt/wonderful/thirdparty/blocksds/external/nitro-engine/lib/libNE.a(NEGeneral.c.o) (NE_LightOff)
/opt/wonderful/thirdparty/blocksds/external/nitro-engine/lib/libNE.a(NETexture.c.o)
                              build/DS_GAME/src/main.c.o (NE_MaterialCreate)
/opt/wonderful/thirdparty/blocksds/external/nitro-engine/lib/libNE.a(NE2D.c.o)
                              /opt/wonderful/thirdparty/blocksds/external/nitro-engine/lib/libNE.a(NEGeneral.c.o) (NE_SpriteSystemReset)
/opt/wonderful/thirdparty/blocksds/external/nitro-engine/lib/libNE.a(NEText.c.o)
                              /opt/wonderful/thirdparty/blocksds/external/nitro-engine/lib/libNE.a(NEGeneral.c.o) (NE_TextPriorityReset)
/opt/wonderful/thirdparty/blocksds/external/nitro-engine/lib/libNE.a(NECamera.c.o)
                              build/DS_GAME/src/main.c.o (NE_CameraCreate)
/opt/wonderful/thirdparty/blocksds/external/nitro-engine/lib/libNE.a(NEPhysics.c.o)
                              /opt/wonderful/thirdparty/blocksds/external/nitro-engine/lib/libNE.a(NEGeneral.c.o) (NE_PhysicsSystemReset)
/opt/wonderful/thirdparty/blocksds/external/nitro-engine/lib/libNE.a(NEAlloc.c.o)
                              /opt/wonderful/thirdparty/blocksds/external/nitro-engine/lib/libNE.a(NETexture.c.o) (NE_AllocInit)
/opt/wonderful/thirdparty/blocksds/external/nitro-engine/lib/libNE.a(NEPalette.c.o)
                              /opt/wonderful/thirdparty/blocksds/external/nitro-engine/lib/libNE.a(NETexture.c.o) (NE_PaletteLoadSize)
/opt/wonderful/thirdparty/blocksds/core/libs/maxmod/lib/libmm9.a(mm_main9.s.o)
                              build/DS_GAME/src/main.c.o (mmInitDefault)
/opt/wonderful/thirdparty/blocksds/core/libs/maxmod/lib/libmm9.a(mm_comms.s.o)
                              /opt/wonderful/thirdparty/blocksds/core/libs/maxmod/lib/libmm9.a(mm_main9.s.o) (mmSetupComms)
/opt/wonderful/thirdparty/blocksds/core/libs/maxmod/lib/libmm9.a(mm_memory.s.o)
                              build/DS_GAME/src/main.c.o (mmLoad)
/opt/wonderful/thirdparty/blocksds/core/libs/maxmod/lib/libmm9.a(mm_flusher.s.o)
                              /opt/wonderful/thirdparty/blocksds/core/libs/maxmod/lib/libmm9.a(mm_memory.s.o) (mmFlushBank)
/opt/wonderful/thirdparty/blocksds/core/libs/maxmod/lib/libmm9.a(mm_soundbank.s.o)
                              /opt/wonderful/thirdparty/blocksds/core/libs/maxmod/lib/libmm9.a(mm_main9.s.o) (mmSoundBankInMemory)
/opt/wonderful/thirdparty/blocksds/core/libs/libnds/lib/libnds9.a(IntrWait.s.o)
                              build/DS_GAME/src/chloe_filesystem.c.o (swiWaitForVBlank)
/opt/wonderful/thirdparty/blocksds/core/libs/libnds/lib/libnds9.a(mpu_setup.s.o)
                              /opt/wonderful/thirdparty/blocksds/core/sys/crts/ds_arm9_crt0.o (__libnds_mpu_setup)
/opt/wonderful/thirdparty/blocksds/core/libs/libnds/lib/libnds9.a(cp15.s.o)
                              /opt/wonderful/thirdparty/blocksds/core/libs/libnds/lib/libnds9.a(mpu_setup.s.o) (CP15_CleanAndFlushDCache)
/opt/wonderful/thirdparty/blocksds/core/libs/libnds/lib/libnds9.a(dma.s.o)
                              /opt/wonderful/thirdparty/blocksds/external/nitro-engine/lib/libNE.a(NEGeneral.c.o) (dmaSetParams)
/opt/wonderful/thirdparty/blocksds/core/libs/libnds/lib/libnds9.a(memcpy.s.o)
                              build/DS_GAME/libmap/geo_generator.c.o (memcpy)
[...]
Memory Configuration

Name             Origin             Length             Attributes
ewram            0x02000000         0x00380000
dtcm             0x02ff0000         0x00004000
vectors          0x01000000         0x00000100
itcm             0x01000100         0x00007f00
*default*        0x00000000         0xffffffff

Linker script and memory map

                0x02380000                        __ewram_end = (ORIGIN (ewram) + LENGTH (ewram))
                0x02380000                        __eheap_end = (ORIGIN (ewram) + LENGTH (ewram))
                0x02ff4000                        __dtcm_top = (ORIGIN (dtcm) + LENGTH (dtcm))
                0x02ff3ff8                        __irq_flags = (__dtcm_top - 0x8)
                0x02ff3ffc                        __irq_vector = (__dtcm_top - 0x4)
                0x02ff3f00                        __sp_svc = (__dtcm_top - 0x100)
                0x02ff3e00                        __sp_irq = (__sp_svc - 0x100)
                0x02ff3d00                        __sp_usr = (__sp_irq - 0x100)

.secure         0x02000000      0x800
 *(.secure)
 .secure        0x02000000      0x800 /opt/wonderful/thirdparty/blocksds/core/libs/libnds/lib/libnds9.a(securearea.c.o)
                0x02000000                __secure_area__

.crt0           0x02000800      0x314
                0x02000800                        __text_start = .
 *(.crt0)
 .crt0          0x02000800      0x314 /opt/wonderful/thirdparty/blocksds/core/sys/crts/ds_arm9_crt0.o
                0x02000800                _start
                0x02000b14                        . = ALIGN (0x4)
                0x00004000                        PROVIDE (__dldi_size = 0x4000)
                0x0000000e                        __dldi_log2_size = (LOG2CEIL ((__dldi_size + 0x1)) - 0x1)

.dldi           0x02000b40     0x4000
                0x02000b40                        __dldi_start = .
 *(.dldi)
 .dldi          0x02000b40       0x88 /opt/wonderful/thirdparty/blocksds/core/libs/libnds/lib/libnds9.a(dldi_stub.s.o)
                0x02000b40                _io_dldi_stub
                0x02000bc8                        . = ALIGN (0x4)
                0x02000bc8                        __dldi_data_end = .
                0x02004b40                        __dldi_end = (__dldi_data_end > __dldi_start)?(__dldi_start + __dldi_size):__dldi_start
                0x02004b40                        . = __dldi_end
 *fill*         0x02000bc8     0x3f78 00
                0x02004b40                        . = ALIGN (0x4)

.plt
 *(.plt)

.init           0x02004b40        0x8
 *(SORT_NONE(.init))
 .init          0x02004b40        0x8 /opt/wonderful/toolchain/gcc-arm-none-eabi/lib/gcc/arm-none-eabi/13.2.0/thumb/arm946e-s/crtn.o

.text           0x02004b48    0x153d0
 *(EXCLUDE_FILE(*.twl* *.vectors* *.itcm*) .text)
 .text          0x02004b48      0x108 /opt/wonderful/thirdparty/blocksds/core/libs/maxmod/lib/libmm9.a(mm_main9.s.o)
                0x02004b48                mmActive
                0x02004b4e                mmSetEventHandler
                0x02004b54                mmInit
                0x02004b7e                mmInitDefault
                0x02004bc8                mmInitDefaultMem
                0x02004bea                mmSuspendIRQ_t
                0x02004c08                mmRestoreIRQ_t
 .text          0x02004c50      0x24c /opt/wonderful/thirdparty/blocksds/core/libs/maxmod/lib/libmm9.a(mm_comms.s.o)
                0x02004c50                mmSetupComms
                0x02004ca2                mmSendBank
                0x02004cac                mmLockChannels
                0x02004cb2                mmUnlockChannels
                0x02004cb8                mmStart
                0x02004cc2                mmPause
                0x02004cc6                mmResume
                0x02004cca                mmStop
                0x02004cce                mmPosition
                0x02004cd2                mmJingle
                0x02004cd6                mmSetModuleVolume
                0x02004cda                mmSetJingleVolume
                0x02004cde                mmSetModuleTempo
                0x02004ce2                mmSetModulePitch
                0x02004ce6                mmSetEffectsVolume
                0x02004cea                mmSelectMode
                0x02004cee                mmStreamBegin
                0x02004d02                mmStreamEnd
                0x02004d58                mmEffect
                0x02004d7c                mmEffectVolume
                0x02004d80                mmEffectPanning
                0x02004d84                mmEffectRate
                0x02004d8e                mmEffectScaleRate
                0x02004d98                mmEffectRelease
                0x02004d9e                mmEffectCancel
                0x02004da4                mmEffectEx
                0x02004de2                mmEffectCancelAll
                0x02004de6                mmReverbEnable
                0x02004dea                mmReverbDisable
                0x02004dee                mmReverbConfigure
                0x02004e4a                mmReverbStart
                0x02004e4e                mmReverbStop
 .text          0x02004e9c      0x120 /opt/wonderful/thirdparty/blocksds/core/libs/maxmod/lib/libmm9.a(mm_memory.s.o)
                0x02004e9c                mmLoad
                0x02004eec                mmUnload
                0x02004f44                mmLoadEffect
                0x02004f7c                mmUnloadEffect
 .text          0x02004fbc       0x3c /opt/wonderful/thirdparty/blocksds/core/libs/maxmod/lib/libmm9.a(mm_flusher.s.o)
                0x02004fbc                mmFlushBank
 .text          0x02004ff8      0x100 /opt/wonderful/thirdparty/blocksds/core/libs/maxmod/lib/libmm9.a(mm_soundbank.s.o)
                0x02004ff8                mmSoundBankInMemory
                0x02005000                mmSoundBankInFiles
                0x02005012                mmSetCustomSoundBankHandler
                0x0200503e                mmsHandleFileOp
 .text          0x020050f8       0x14 /opt/wonderful/toolchain/gcc-arm-none-eabi/lib/gcc/arm-none-eabi/13.2.0/../../../../arm-none-eabi/lib/thumb/arm946e-s/libc.a(strcmp.S.o)
                0x020050f8                strcmp
 .text          0x0200510c        0xe /opt/wonderful/toolchain/gcc-arm-none-eabi/lib/gcc/arm-none-eabi/13.2.0/../../../../arm-none-eabi/lib/thumb/arm946e-s/libc.a(strlen.S.o)
                0x0200510c                strlen
 *fill*         0x0200511a        0x2 ff
 .text          0x0200511c       0x14 /opt/wonderful/toolchain/gcc-arm-none-eabi/lib/gcc/arm-none-eabi/13.2.0/thumb/arm946e-s/libgcc.a(_thumb1_case_uqi.o)
                0x0200511c                __gnu_thumb1_case_uqi
 .text          0x02005130       0x14 /opt/wonderful/toolchain/gcc-arm-none-eabi/lib/gcc/arm-none-eabi/13.2.0/thumb/arm946e-s/libgcc.a(_thumb1_case_uhi.o)
                0x02005130                __gnu_thumb1_case_uhi
 .text          0x02005144      0x214 /opt/wonderful/toolchain/gcc-arm-none-eabi/lib/gcc/arm-none-eabi/13.2.0/thumb/arm946e-s/libgcc.a(_udivsi3.o)
                0x02005144                __udivsi3
                0x02005144                __aeabi_uidiv
                0x02005338                __aeabi_uidivmod
 .text          0x02005358      0x248 /opt/wonderful/toolchain/gcc-arm-none-eabi/lib/gcc/arm-none-eabi/13.2.0/thumb/arm946e-s/libgcc.a(_divsi3.o)
                0x02005358                __aeabi_idiv
                0x02005358                __divsi3
                0x02005580                __aeabi_idivmod
 .text          0x020055a0        0x4 /opt/wonderful/toolchain/gcc-arm-none-eabi/lib/gcc/arm-none-eabi/13.2.0/thumb/arm946e-s/libgcc.a(_dvmd_tls.o)
                0x020055a0                __aeabi_ldiv0
                0x020055a0                __aeabi_idiv0
 .text          0x020055a4       0x18 /opt/wonderful/toolchain/gcc-arm-none-eabi/lib/gcc/arm-none-eabi/13.2.0/thumb/arm946e-s/libgcc.a(_lshrdi3.o)
                0x020055a4                __aeabi_llsr
                0x020055a4                __lshrdi3
 .text          0x020055bc       0x1c /opt/wonderful/toolchain/gcc-arm-none-eabi/lib/gcc/arm-none-eabi/13.2.0/thumb/arm946e-s/libgcc.a(_ashrdi3.o)
                0x020055bc                __ashrdi3
                0x020055bc                __aeabi_lasr
 .text          0x020055d8       0x18 /opt/wonderful/toolchain/gcc-arm-none-eabi/lib/gcc/arm-none-eabi/13.2.0/thumb/arm946e-s/libgcc.a(_ashldi3.o)
                0x020055d8                __ashldi3
                0x020055d8                __aeabi_llsl
 .text          0x020055f0      0x3c0 /opt/wonderful/toolchain/gcc-arm-none-eabi/lib/gcc/arm-none-eabi/13.2.0/thumb/arm946e-s/libgcc.a(_arm_addsubdf3.o)
                0x020055f0                __aeabi_drsub
                0x020055f8                __subdf3
                0x020055f8                __aeabi_dsub
                0x020055fc                __adddf3
                0x020055fc                __aeabi_dadd
                0x020058a8                __aeabi_ui2d
                0x020058a8                __floatunsidf
                0x020058cc                __floatsidf
                0x020058cc                __aeabi_i2d
                0x020058f4                __extendsfdf2
                0x020058f4                __aeabi_f2d
                0x0200593c                __aeabi_ul2d
                0x0200593c                __floatundidf
                0x02005950                __aeabi_l2d
                0x02005950                __floatdidf
 .text          0x020059b0      0x470 /opt/wonderful/toolchain/gcc-arm-none-eabi/lib/gcc/arm-none-eabi/13.2.0/thumb/arm946e-s/libgcc.a(_arm_muldivdf3.o)
                0x020059b0                __muldf3
                0x020059b0                __aeabi_dmul
                0x02005c1c                __aeabi_ddiv
                0x02005c1c                __divdf3
 .text          0x02005e20      0x12c /opt/wonderful/toolchain/gcc-arm-none-eabi/lib/gcc/arm-none-eabi/13.2.0/thumb/arm946e-s/libgcc.a(_arm_cmpdf2.o)
                0x02005e20                __gtdf2
                0x02005e20                __gedf2
                0x02005e28                __ledf2
                0x02005e28                __ltdf2
                0x02005e30                __cmpdf2
                0x02005e30                __eqdf2
                0x02005e30                __nedf2
                0x02005eb8                __aeabi_cdrcmple
                0x02005ed4                __aeabi_cdcmpeq
                0x02005ed4                __aeabi_cdcmple
                0x02005ee8                __aeabi_dcmpeq
                0x02005efc                __aeabi_dcmplt
                0x02005f10                __aeabi_dcmple
                0x02005f24                __aeabi_dcmpge
                0x02005f38                __aeabi_dcmpgt
 .text          0x02005f4c       0x5c /opt/wonderful/toolchain/gcc-arm-none-eabi/lib/gcc/arm-none-eabi/13.2.0/thumb/arm946e-s/libgcc.a(_arm_fixdfsi.o)
                0x02005f4c                __fixdfsi
                0x02005f4c                __aeabi_d2iz
 .text          0x02005fa8       0xa0 /opt/wonderful/toolchain/gcc-arm-none-eabi/lib/gcc/arm-none-eabi/13.2.0/thumb/arm946e-s/libgcc.a(_arm_truncdfsf2.o)
                0x02005fa8                __aeabi_d2f
                0x02005fa8                __truncdfsf2
 .text          0x02006048      0x250 /opt/wonderful/toolchain/gcc-arm-none-eabi/lib/gcc/arm-none-eabi/13.2.0/thumb/arm946e-s/libgcc.a(_arm_addsubsf3.o)
                0x02006048                __aeabi_frsub
                0x02006050                __subsf3
                0x02006050                __aeabi_fsub
                0x02006054                __aeabi_fadd
                0x02006054                __addsf3
                0x020061e4                __floatunsisf
                0x020061e4                __aeabi_ui2f
                0x020061ec                __floatsisf
                0x020061ec                __aeabi_i2f
                0x0200620c                __floatundisf
                0x0200620c                __aeabi_ul2f
                0x0200621c                __floatdisf
                0x0200621c                __aeabi_l2f
 .text          0x02006298      0x2f8 /opt/wonderful/toolchain/gcc-arm-none-eabi/lib/gcc/arm-none-eabi/13.2.0/thumb/arm946e-s/libgcc.a(_arm_muldivsf3.o)
                0x02006298                __mulsf3
                0x02006298                __aeabi_fmul
                0x02006430                __aeabi_fdiv
                0x02006430                __divsf3
 .text          0x02006590       0x5c /opt/wonderful/toolchain/gcc-arm-none-eabi/lib/gcc/arm-none-eabi/13.2.0/thumb/arm946e-s/libgcc.a(_arm_fixsfsi.o)
                0x02006590                __fixsfsi
                0x02006590                __aeabi_f2iz
 .text          0x020065ec        0x8 /opt/wonderful/toolchain/gcc-arm-none-eabi/lib/gcc/arm-none-eabi/13.2.0/thumb/arm946e-s/libgcc.a(_clzsi2.o)
                0x020065ec                __clzsi2
 .text          0x020065f4       0x14 /opt/wonderful/toolchain/gcc-arm-none-eabi/lib/gcc/arm-none-eabi/13.2.0/thumb/arm946e-s/libgcc.a(_clzdi2.o)
                0x020065f4                __clzdi2
 .text          0x02006608       0xd4 /opt/wonderful/toolchain/gcc-arm-none-eabi/lib/gcc/arm-none-eabi/13.2.0/thumb/arm946e-s/libgcc.a(_aeabi_ldivmod.o)
                0x02006608                __aeabi_ldivmod
 .text          0x020066dc       0x3c /opt/wonderful/toolchain/gcc-arm-none-eabi/lib/gcc/arm-none-eabi/13.2.0/thumb/arm946e-s/libgcc.a(_aeabi_uldivmod.o)
                0x020066dc                __aeabi_uldivmod
 .text          0x02006718       0x60 /opt/wonderful/toolchain/gcc-arm-none-eabi/lib/gcc/arm-none-eabi/13.2.0/thumb/arm946e-s/libgcc.a(_muldi3.o)
                0x02006718                __aeabi_lmul
                0x02006718                __muldi3
 .text          0x02006778      0x198 /opt/wonderful/toolchain/gcc-arm-none-eabi/lib/gcc/arm-none-eabi/13.2.0/thumb/arm946e-s/libgcc.a(_udivmoddi4.o)
                0x02006778                __udivmoddi4
 *(EXCLUDE_FILE(*.twl* *.vectors* *.itcm*) .stub)
 *(EXCLUDE_FILE(*.twl* *.vectors* *.itcm*) .text.*)
 .text.WaitForNitro
                0x02006910       0x30 build/DS_GAME/src/chloe_filesystem.c.o
                0x02006910                WaitForNitro
 .text.Draw3DScene
                0x02006940       0xdc build/DS_GAME/src/main.c.o
                0x02006940                Draw3DScene
 .text.Update3DScene
                0x02006a1c       0xd0 build/DS_GAME/src/main.c.o
                0x02006a1c                Update3DScene
 .text.Init3DScene
                0x02006aec      0x1a8 build/DS_GAME/src/main.c.o
                0x02006aec                Init3DScene
 .text.startup.main
                0x02006c94      0x120 build/DS_GAME/src/main.c.o
                0x02006c94                main
 .text.sort_vertices_by_winding
                0x02006db4      0x194 build/DS_GAME/libmap/geo_generator.c.o
                0x02006db4                sort_vertices_by_winding
 .text.intersect_faces
                0x02006f48      0x1ac build/DS_GAME/libmap/geo_generator.c.o
                0x02006f48                intersect_faces
 .text.vertex_in_hull
                0x020070f4       0xc0 build/DS_GAME/libmap/geo_generator.c.o
                0x020070f4                vertex_in_hull
 .text.get_standard_uv
                0x020071b4      0x278 build/DS_GAME/libmap/geo_generator.c.o
                0x020071b4                get_standard_uv
 .text.get_valve_uv
                0x0200742c      0x12c build/DS_GAME/libmap/geo_generator.c.o
                0x0200742c                get_valve_uv
 .text.get_standard_tangent
                0x02007558      0x2f0 build/DS_GAME/libmap/geo_generator.c.o
                0x02007558                get_standard_tangent
 .text.get_valve_tangent
                0x02007848       0xf4 build/DS_GAME/libmap/geo_generator.c.o
                0x02007848                get_valve_tangent
 .text.generate_brush_vertices
                0x0200793c      0x5a0 build/DS_GAME/libmap/geo_generator.c.o
                0x0200793c                generate_brush_vertices
 .text.geo_generator_run
                0x02007edc      0x508 build/DS_GAME/libmap/geo_generator.c.o
                0x02007edc                geo_generator_run
 .text.map_data_reset
                0x020083e4      0x200 build/DS_GAME/libmap/map_data.c.o
                0x020083e4                map_data_reset
 .text.map_data_register_texture
                0x020085e4       0x90 build/DS_GAME/libmap/map_data.c.o
                0x020085e4                map_data_register_texture
 .text.map_data_get_texture
                0x02008674       0x28 build/DS_GAME/libmap/map_data.c.o
                0x02008674                map_data_get_texture
 .text.map_data_get_entities
                0x0200869c        0xc build/DS_GAME/libmap/map_data.c.o
                0x0200869c                map_data_get_entities
 .text.map_data_get_entity_property
                0x020086a8       0x40 build/DS_GAME/libmap/map_data.c.o
                0x020086a8                map_data_get_entity_property
 .text.reset_current_entity
                0x020086e8       0x84 build/DS_GAME/libmap/map_parser.c.o
                0x020086e8                reset_current_entity
 .text.commit_face
                0x0200876c       0xf4 build/DS_GAME/libmap/map_parser.c.o
                0x0200876c                commit_face
 .text.commit_brush
                0x02008860       0x8c build/DS_GAME/libmap/map_parser.c.o
                0x02008860                commit_brush
 .text.commit_entity
                0x020088ec      0x10c build/DS_GAME/libmap/map_parser.c.o
                0x020088ec                commit_entity
 .text.token.part.0
                0x020089f8      0x510 build/DS_GAME/libmap/map_parser.c.o
 .text.map_parser_load
                0x02008f08      0x1a0 build/DS_GAME/libmap/map_parser.c.o
                0x02008f08                map_parser_load
 .text.mat4_mul_vec3
                0x020090a8      0x134 build/DS_GAME/libmap/matrix.c.o
                0x020090a8                mat4_mul_vec3
 .text.rotation_matrix
                0x020091dc      0x30c build/DS_GAME/libmap/matrix.c.o
                0x020091dc                rotation_matrix
 .text.surface_gatherer_set_split_type
                0x020094e8        0xc build/DS_GAME/libmap/surface_gatherer.c.o
                0x020094e8                surface_gatherer_set_split_type
 .text.surface_gatherer_filter_brush
                0x020094f4       0x90 build/DS_GAME/libmap/surface_gatherer.c.o
                0x020094f4                surface_gatherer_filter_brush
 .text.surface_gatherer_filter_face
                0x02009584       0x6c build/DS_GAME/libmap/surface_gatherer.c.o
                0x02009584                surface_gatherer_filter_face
 .text.surface_gatherer_reset_state
                0x020095f0       0x4c build/DS_GAME/libmap/surface_gatherer.c.o
                0x020095f0                surface_gatherer_reset_state
 .text.surface_gatherer_fetch
                0x0200963c        0x8 build/DS_GAME/libmap/surface_gatherer.c.o
                0x0200963c                surface_gatherer_fetch
 .text.surface_gatherer_add_surface
                0x02009644       0x30 build/DS_GAME/libmap/surface_gatherer.c.o
                0x02009644                surface_gatherer_add_surface
 .text.surface_gatherer_run
                0x02009674      0x26c build/DS_GAME/libmap/surface_gatherer.c.o
                0x02009674                surface_gatherer_run
 .text.surface_gatherer_reset_params
                0x020098e0       0x3c build/DS_GAME/libmap/surface_gatherer.c.o
                0x020098e0                surface_gatherer_reset_params
 .text.vec3_add
                0x0200991c       0x58 build/DS_GAME/libmap/vector.c.o
                0x0200991c                vec3_add
 .text.vec3_sub
                0x02009974       0x58 build/DS_GAME/libmap/vector.c.o
                0x02009974                vec3_sub
 .text.vec3_length
                0x020099cc       0x68 build/DS_GAME/libmap/vector.c.o
                0x020099cc                vec3_length
 .text.vec3_normalize
                0x02009a34       0xb4 build/DS_GAME/libmap/vector.c.o
                0x02009a34                vec3_normalize
 .text.vec3_dot
                0x02009ae8       0x58 build/DS_GAME/libmap/vector.c.o
                0x02009ae8                vec3_dot
 .text.vec3_cross
                0x02009b40       0xd8 build/DS_GAME/libmap/vector.c.o
                0x02009b40                vec3_cross
 .text.vec3_rotate
                0x02009c18       0x54 build/DS_GAME/libmap/vector.c.o
                0x02009c18                vec3_rotate
 .text.vec3_mul_double
                0x02009c6c       0x58 build/DS_GAME/libmap/vector.c.o
                0x02009c6c                vec3_mul_double
 .text.vec3_div_double
                0x02009cc4       0x58 build/DS_GAME/libmap/vector.c.o
                0x02009cc4                vec3_div_double
 .text.glFrustumf32
                0x02009d1c      0x160 /opt/wonderful/thirdparty/blocksds/external/nitro-engine/lib/libNE.a(NEGeneral.c.o)
 .text.ne_systems_reset_all
                0x02009e7c       0x84 /opt/wonderful/thirdparty/blocksds/external/nitro-engine/lib/libNE.a(NEGeneral.c.o)
 .text.NE_End.part.0
                0x02009f00      0x124 /opt/wonderful/thirdparty/blocksds/external/nitro-engine/lib/libNE.a(NEGeneral.c.o)
 .text.ne_process_common
                0x0200a024      0x138 /opt/wonderful/thirdparty/blocksds/external/nitro-engine/lib/libNE.a(NEGeneral.c.o)
 .text.NE_CurrentExecutionMode
                0x0200a15c        0xc /opt/wonderful/thirdparty/blocksds/external/nitro-engine/lib/libNE.a(NEGeneral.c.o)
                0x0200a15c                NE_CurrentExecutionMode
 .text.NE_Viewport
                0x0200a168      0x114 /opt/wonderful/thirdparty/blocksds/external/nitro-engine/lib/libNE.a(NEGeneral.c.o)
                0x0200a168                NE_Viewport
 .text.ne_init_registers
                0x0200a27c      0x1a8 /opt/wonderful/thirdparty/blocksds/external/nitro-engine/lib/libNE.a(NEGeneral.c.o)
 .text.NE_Init3D
                0x0200a424       0x5c /opt/wonderful/thirdparty/blocksds/external/nitro-engine/lib/libNE.a(NEGeneral.c.o)
                0x0200a424                NE_Init3D
 .text.NE_ProcessArg
                0x0200a480       0x1c /opt/wonderful/thirdparty/blocksds/external/nitro-engine/lib/libNE.a(NEGeneral.c.o)
                0x0200a480                NE_ProcessArg
 .text.NE_VBLFunc
                0x0200a49c       0xa0 /opt/wonderful/thirdparty/blocksds/external/nitro-engine/lib/libNE.a(NEGeneral.c.o)
                0x0200a49c                NE_VBLFunc
 .text.NE_HBLFunc
                0x0200a53c       0xb0 /opt/wonderful/thirdparty/blocksds/external/nitro-engine/lib/libNE.a(NEGeneral.c.o)
                0x0200a53c                NE_HBLFunc
 .text.NE_WaitForVBL
                0x0200a5ec       0x84 /opt/wonderful/thirdparty/blocksds/external/nitro-engine/lib/libNE.a(NEGeneral.c.o)
                0x0200a5ec                NE_WaitForVBL
 .text.NE_DisplayListDrawCPU
                0x0200a670       0x18 /opt/wonderful/thirdparty/blocksds/external/nitro-engine/lib/libNE.a(NEDisplayList.c.o)
                0x0200a670                NE_DisplayListDrawCPU
 .text.NE_DisplayListDrawDMA_GFX_FIFO
                0x0200a688       0x60 /opt/wonderful/thirdparty/blocksds/external/nitro-engine/lib/libNE.a(NEDisplayList.c.o)
                0x0200a688                NE_DisplayListDrawDMA_GFX_FIFO
 .text.NE_DisplayListSetDefaultFunction
                0x0200a6e8       0x1c /opt/wonderful/thirdparty/blocksds/external/nitro-engine/lib/libNE.a(NEDisplayList.c.o)
                0x0200a6e8                NE_DisplayListSetDefaultFunction
 .text.NE_DisplayListDrawDefault
                0x0200a704       0x10 /opt/wonderful/thirdparty/blocksds/external/nitro-engine/lib/libNE.a(NEDisplayList.c.o)
                0x0200a704                NE_DisplayListDrawDefault
 .text.NE_ModelDelete.part.0
                0x0200a714       0x7c /opt/wonderful/thirdparty/blocksds/external/nitro-engine/lib/libNE.a(NEModel.c.o)
 .text.NE_ModelCreate
                0x0200a790       0x80 /opt/wonderful/thirdparty/blocksds/external/nitro-engine/lib/libNE.a(NEModel.c.o)
                0x0200a790                NE_ModelCreate
 .text.NE_ModelLoadStaticMeshFAT
                0x0200a810       0x9c /opt/wonderful/thirdparty/blocksds/external/nitro-engine/lib/libNE.a(NEModel.c.o)
                0x0200a810                NE_ModelLoadStaticMeshFAT
 .text.NE_ModelSetMaterial
                0x0200a8ac        0x4 /opt/wonderful/thirdparty/blocksds/external/nitro-engine/lib/libNE.a(NEModel.c.o)
                0x0200a8ac                NE_ModelSetMaterial
 .text.NE_ModelDraw
                0x0200a8b0      0x184 /opt/wonderful/thirdparty/blocksds/external/nitro-engine/lib/libNE.a(NEModel.c.o)
                0x0200a8b0                NE_ModelDraw
 .text.NE_ModelSetCoordI
                0x0200aa34        0x8 /opt/wonderful/thirdparty/blocksds/external/nitro-engine/lib/libNE.a(NEModel.c.o)
                0x0200aa34                NE_ModelSetCoordI
 .text.NE_ModelSetRot
                0x0200aa3c        0x8 /opt/wonderful/thirdparty/blocksds/external/nitro-engine/lib/libNE.a(NEModel.c.o)
                0x0200aa3c                NE_ModelSetRot
 .text.NE_ModelAnimateAll
                0x0200aa44       0xa0 /opt/wonderful/thirdparty/blocksds/external/nitro-engine/lib/libNE.a(NEModel.c.o)
                0x0200aa44                NE_ModelAnimateAll
 .text.NE_ModelSystemReset
                0x0200aae4       0xbc /opt/wonderful/thirdparty/blocksds/external/nitro-engine/lib/libNE.a(NEModel.c.o)
                0x0200aae4                NE_ModelSystemReset
 .text.NE_ModelSystemEnd
                0x0200aba0       0x50 /opt/wonderful/thirdparty/blocksds/external/nitro-engine/lib/libNE.a(NEModel.c.o)
                0x0200aba0                NE_ModelSystemEnd
 .text.NE_ResetRadioButtonGroup
                0x0200abf0       0x3c /opt/wonderful/thirdparty/blocksds/external/nitro-engine/lib/libNE.a(NEGUI.c.o)
 .text.NE_GUIDeleteAll.part.0
                0x0200ac2c       0x38 /opt/wonderful/thirdparty/blocksds/external/nitro-engine/lib/libNE.a(NEGUI.c.o)
 .text.NE_GUIUpdate
                0x0200ac64      0x59c /opt/wonderful/thirdparty/blocksds/external/nitro-engine/lib/libNE.a(NEGUI.c.o)
                0x0200ac64                NE_GUIUpdate
 .text.NE_GUISystemReset
                0x0200b200       0x54 /opt/wonderful/thirdparty/blocksds/external/nitro-engine/lib/libNE.a(NEGUI.c.o)
                0x0200b200                NE_GUISystemReset
 .text.NE_GUISystemEnd
                0x0200b254       0x24 /opt/wonderful/thirdparty/blocksds/external/nitro-engine/lib/libNE.a(NEGUI.c.o)
                0x0200b254                NE_GUISystemEnd
 .text.NE_AnimationDelete.part.0
                0x0200b278       0x44 /opt/wonderful/thirdparty/blocksds/external/nitro-engine/lib/libNE.a(NEAnimation.c.o)
 .text.NE_AnimationSystemReset
                0x0200b2bc       0x90 /opt/wonderful/thirdparty/blocksds/external/nitro-engine/lib/libNE.a(NEAnimation.c.o)
                0x0200b2bc                NE_AnimationSystemReset
 .text.NE_AnimationSystemEnd
                0x0200b34c       0x44 /opt/wonderful/thirdparty/blocksds/external/nitro-engine/lib/libNE.a(NEAnimation.c.o)
                0x0200b34c                NE_AnimationSystemEnd
 .text.NE_FATLoadData
                0x0200b390       0x58 /opt/wonderful/thirdparty/blocksds/external/nitro-engine/lib/libNE.a(NEFAT.c.o)
                0x0200b390                NE_FATLoadData
 .text.NE_LightOff
                0x0200b3e8       0x14 /opt/wonderful/thirdparty/blocksds/external/nitro-engine/lib/libNE.a(NEPolygon.c.o)
                0x0200b3e8                NE_LightOff
 .text.NE_LightSetI
                0x0200b3fc       0x38 /opt/wonderful/thirdparty/blocksds/external/nitro-engine/lib/libNE.a(NEPolygon.c.o)
                0x0200b3fc                NE_LightSetI
 .text.NE_ShininessTableGenerate
                0x0200b434       0xa4 /opt/wonderful/thirdparty/blocksds/external/nitro-engine/lib/libNE.a(NEPolygon.c.o)
                0x0200b434                NE_ShininessTableGenerate
 .text.NE_PolyFormat
                0x0200b4d8       0x1c /opt/wonderful/thirdparty/blocksds/external/nitro-engine/lib/libNE.a(NEPolygon.c.o)
                0x0200b4d8                NE_PolyFormat
 .text.NE_OutliningSetColor
                0x0200b4f4       0x14 /opt/wonderful/thirdparty/blocksds/external/nitro-engine/lib/libNE.a(NEPolygon.c.o)
                0x0200b4f4                NE_OutliningSetColor
 .text.NE_FogEnableBackground
                0x0200b508       0x28 /opt/wonderful/thirdparty/blocksds/external/nitro-engine/lib/libNE.a(NEPolygon.c.o)
                0x0200b508                NE_FogEnableBackground
 .text.NE_ClearColorSet
                0x0200b530       0x38 /opt/wonderful/thirdparty/blocksds/external/nitro-engine/lib/libNE.a(NEPolygon.c.o)
                0x0200b530                NE_ClearColorSet
 .text.NE_ClearBMPEnable
                0x0200b568       0x50 /opt/wonderful/thirdparty/blocksds/external/nitro-engine/lib/libNE.a(NEPolygon.c.o)
                0x0200b568                NE_ClearBMPEnable
 .text.ne_texture_delete
                0x0200b5b8       0x94 /opt/wonderful/thirdparty/blocksds/external/nitro-engine/lib/libNE.a(NETexture.c.o)
 .text.NE_TextureSystemEnd.part.0
                0x0200b64c       0x5c /opt/wonderful/thirdparty/blocksds/external/nitro-engine/lib/libNE.a(NETexture.c.o)
 .text.NE_MaterialTexLoad.part.0
                0x0200b6a8      0x1c0 /opt/wonderful/thirdparty/blocksds/external/nitro-engine/lib/libNE.a(NETexture.c.o)
 .text.NE_MaterialCreate
                0x0200b868       0x6c /opt/wonderful/thirdparty/blocksds/external/nitro-engine/lib/libNE.a(NETexture.c.o)
                0x0200b868                NE_MaterialCreate
 .text.NE_MaterialTex4x4Load
                0x0200b8d4      0x2dc /opt/wonderful/thirdparty/blocksds/external/nitro-engine/lib/libNE.a(NETexture.c.o)
                0x0200b8d4                NE_MaterialTex4x4Load
 .text.NE_MaterialTexLoad
                0x0200bbb0       0x3c /opt/wonderful/thirdparty/blocksds/external/nitro-engine/lib/libNE.a(NETexture.c.o)
                0x0200bbb0                NE_MaterialTexLoad
 .text.NE_MaterialUse
                0x0200bbec       0x74 /opt/wonderful/thirdparty/blocksds/external/nitro-engine/lib/libNE.a(NETexture.c.o)
                0x0200bbec                NE_MaterialUse
 .text.NE_TextureSystemReset
                0x0200bc60      0x1c4 /opt/wonderful/thirdparty/blocksds/external/nitro-engine/lib/libNE.a(NETexture.c.o)
                0x0200bc60                NE_TextureSystemReset
 .text.NE_TextureSystemEnd
                0x0200be24       0x14 /opt/wonderful/thirdparty/blocksds/external/nitro-engine/lib/libNE.a(NETexture.c.o)
                0x0200be24                NE_TextureSystemEnd
 .text.NE_MaterialSetDefaultProperties
                0x0200be38       0x40 /opt/wonderful/thirdparty/blocksds/external/nitro-engine/lib/libNE.a(NETexture.c.o)
                0x0200be38                NE_MaterialSetDefaultProperties
 .text.NE_SpriteDeleteAll.part.0
                0x0200be78       0x5c /opt/wonderful/thirdparty/blocksds/external/nitro-engine/lib/libNE.a(NE2D.c.o)
 .text.NE_SpriteSystemReset
                0x0200bed4       0x54 /opt/wonderful/thirdparty/blocksds/external/nitro-engine/lib/libNE.a(NE2D.c.o)
                0x0200bed4                NE_SpriteSystemReset
 .text.NE_SpriteSystemEnd
                0x0200bf28       0x24 /opt/wonderful/thirdparty/blocksds/external/nitro-engine/lib/libNE.a(NE2D.c.o)
                0x0200bf28                NE_SpriteSystemEnd
 .text.NE_TextPriorityReset
                0x0200bf4c        0xc /opt/wonderful/thirdparty/blocksds/external/nitro-engine/lib/libNE.a(NEText.c.o)
                0x0200bf4c                NE_TextPriorityReset
 .text.NE_TextResetSystem
                0x0200bf58       0x1c /opt/wonderful/thirdparty/blocksds/external/nitro-engine/lib/libNE.a(NEText.c.o)
                0x0200bf58                NE_TextResetSystem
 .text.NE_CameraSystemEnd.part.0
                0x0200bf74       0x68 /opt/wonderful/thirdparty/blocksds/external/nitro-engine/lib/libNE.a(NECamera.c.o)
 .text.NE_CameraCreate
                0x0200bfdc       0x54 /opt/wonderful/thirdparty/blocksds/external/nitro-engine/lib/libNE.a(NECamera.c.o)
                0x0200bfdc                NE_CameraCreate
 .text.NE_CameraSetI
                0x0200c030       0x28 /opt/wonderful/thirdparty/blocksds/external/nitro-engine/lib/libNE.a(NECamera.c.o)
                0x0200c030                NE_CameraSetI
 .text.NE_CameraUse
                0x0200c058      0x4c4 /opt/wonderful/thirdparty/blocksds/external/nitro-engine/lib/libNE.a(NECamera.c.o)
                0x0200c058                NE_CameraUse
 .text.NE_CameraSystemReset
                0x0200c51c       0x48 /opt/wonderful/thirdparty/blocksds/external/nitro-engine/lib/libNE.a(NECamera.c.o)
                0x0200c51c                NE_CameraSystemReset
 .text.NE_CameraSystemEnd
                0x0200c564       0x14 /opt/wonderful/thirdparty/blocksds/external/nitro-engine/lib/libNE.a(NECamera.c.o)
                0x0200c564                NE_CameraSystemEnd
 .text.NE_ViewRotate
                0x0200c578       0xb4 /opt/wonderful/thirdparty/blocksds/external/nitro-engine/lib/libNE.a(NECamera.c.o)
                0x0200c578                NE_ViewRotate
 .text.NE_PhysicsUpdate.part.0
                0x0200c62c      0x484 /opt/wonderful/thirdparty/blocksds/external/nitro-engine/lib/libNE.a(NEPhysics.c.o)
 .text.NE_PhysicsDeleteAll.part.0
                0x0200cab0       0x5c /opt/wonderful/thirdparty/blocksds/external/nitro-engine/lib/libNE.a(NEPhysics.c.o)
 .text.NE_PhysicsSystemReset
                0x0200cb0c       0x54 /opt/wonderful/thirdparty/blocksds/external/nitro-engine/lib/libNE.a(NEPhysics.c.o)
                0x0200cb0c                NE_PhysicsSystemReset
 .text.NE_PhysicsSystemEnd
                0x0200cb60       0x24 /opt/wonderful/thirdparty/blocksds/external/nitro-engine/lib/libNE.a(NEPhysics.c.o)
                0x0200cb60                NE_PhysicsSystemEnd
 .text.NE_PhysicsUpdateAll
                0x0200cb84       0x40 /opt/wonderful/thirdparty/blocksds/external/nitro-engine/lib/libNE.a(NEPhysics.c.o)
                0x0200cb84                NE_PhysicsUpdateAll
 .text.NE_Free.part.0
                0x0200cbc4       0x84 /opt/wonderful/thirdparty/blocksds/external/nitro-engine/lib/libNE.a(NEAlloc.c.o)
 .text.NE_AllocInit
                0x0200cc48       0x44 /opt/wonderful/thirdparty/blocksds/external/nitro-engine/lib/libNE.a(NEAlloc.c.o)
                0x0200cc48                NE_AllocInit
 .text.NE_AllocEnd
                0x0200cc8c       0x28 /opt/wonderful/thirdparty/blocksds/external/nitro-engine/lib/libNE.a(NEAlloc.c.o)
                0x0200cc8c                NE_AllocEnd
 .text.NE_AllocFindInRange
                0x0200ccb4       0x5c /opt/wonderful/thirdparty/blocksds/external/nitro-engine/lib/libNE.a(NEAlloc.c.o)
                0x0200ccb4                NE_AllocFindInRange
 .text.NE_AllocAddress
                0x0200cd10       0xf4 /opt/wonderful/thirdparty/blocksds/external/nitro-engine/lib/libNE.a(NEAlloc.c.o)
                0x0200cd10                NE_AllocAddress
 .text.NE_AllocFromEnd
                0x0200ce04       0x68 /opt/wonderful/thirdparty/blocksds/external/nitro-engine/lib/libNE.a(NEAlloc.c.o)
                0x0200ce04                NE_AllocFromEnd
 .text.NE_Free  0x0200ce6c       0x14 /opt/wonderful/thirdparty/blocksds/external/nitro-engine/lib/libNE.a(NEAlloc.c.o)
                0x0200ce6c                NE_Free
 .text.NE_Lock  0x0200ce80       0x30 /opt/wonderful/thirdparty/blocksds/external/nitro-engine/lib/libNE.a(NEAlloc.c.o)
                0x0200ce80                NE_Lock
 .text.NE_PaletteSystemEnd.part.0
                0x0200ceb0       0x54 /opt/wonderful/thirdparty/blocksds/external/nitro-engine/lib/libNE.a(NEPalette.c.o)
 .text.NE_PaletteUse
                0x0200cf04       0x28 /opt/wonderful/thirdparty/blocksds/external/nitro-engine/lib/libNE.a(NEPalette.c.o)
                0x0200cf04                NE_PaletteUse
 .text.NE_PaletteSystemReset
                0x0200cf2c       0x88 /opt/wonderful/thirdparty/blocksds/external/nitro-engine/lib/libNE.a(NEPalette.c.o)
                0x0200cf2c                NE_PaletteSystemReset
 .text.NE_PaletteSystemEnd
                0x0200cfb4       0x14 /opt/wonderful/thirdparty/blocksds/external/nitro-engine/lib/libNE.a(NEPalette.c.o)
                0x0200cfb4                NE_PaletteSystemEnd
 .text.swiWaitForVBlank
                0x0200cfc8        0x8 /opt/wonderful/thirdparty/blocksds/core/libs/libnds/lib/libnds9.a(IntrWait.s.o)
                0x0200cfc8                swiWaitForVBlank
 .text.swiIntrWait
                0x0200cfd0       0x70 /opt/wonderful/thirdparty/blocksds/core/libs/libnds/lib/libnds9.a(IntrWait.s.o)
                0x0200cfd0                swiIntrWait
 .text.__libnds_mpu_setup
                0x0200d040      0x1c4 /opt/wonderful/thirdparty/blocksds/core/libs/libnds/lib/libnds9.a(mpu_setup.s.o)
                0x0200d040                __libnds_mpu_setup
 .text.memUncached
                0x0200d204       0x20 /opt/wonderful/thirdparty/blocksds/core/libs/libnds/lib/libnds9.a(mpu_setup.s.o)
                0x0200d204                memUncached
 .text.dmaSetParams
                0x0200d224       0x1c /opt/wonderful/thirdparty/blocksds/core/libs/libnds/lib/libnds9.a(dma.s.o)
                0x0200d224                dmaSetParams
 .text.dmaStopSafe
                0x0200d240       0x44 /opt/wonderful/thirdparty/blocksds/core/libs/libnds/lib/libnds9.a(dma.s.o)
                0x0200d240                dmaStopSafe
 .text.__aeabi_memcpy
                0x0200d284       0xdc /opt/wonderful/thirdparty/blocksds/core/libs/libnds/lib/libnds9.a(memcpy.s.o)
                0x0200d284                __aeabi_memcpy
                0x0200d2bc                __aeabi_memcpy4
                0x0200d2bc                __aeabi_memcpy8
                0x0200d328                __ndsabi_memcpy2
                0x0200d34c                __ndsabi_memcpy1
 .text.memcpy   0x0200d360       0x10 /opt/wonderful/thirdparty/blocksds/core/libs/libnds/lib/libnds9.a(memcpy.s.o)
                0x0200d360                memcpy
 .text.__aeabi_memset
                0x0200d370       0x9c /opt/wonderful/thirdparty/blocksds/core/libs/libnds/lib/libnds9.a(memset.s.o)
                0x0200d370                __aeabi_memset
                0x0200d394                __aeabi_memset8
                0x0200d394                __aeabi_memset4
                0x0200d3a0                __ndsabi_wordset4
                0x0200d3a4                __ndsabi_lwordset4
 .text.__ndsabi_memset1
                0x0200d40c       0x10 /opt/wonderful/thirdparty/blocksds/core/libs/libnds/lib/libnds9.a(memset.s.o)
                0x0200d40c                __ndsabi_memset1
 .text.memset   0x0200d41c       0x1c /opt/wonderful/thirdparty/blocksds/core/libs/libnds/lib/libnds9.a(memset.s.o)
                0x0200d41c                memset
 .text.vramSetPrimaryBanks
                0x0200d438       0x44 /opt/wonderful/thirdparty/blocksds/core/libs/libnds/lib/libnds9.a(video.c.o)
                0x0200d438                vramSetPrimaryBanks
 .text.setBrightness
                0x0200d47c       0x40 /opt/wonderful/thirdparty/blocksds/core/libs/libnds/lib/libnds9.a(video.c.o)
                0x0200d47c                setBrightness
 .text.vramDefault
                0x0200d4bc       0xc8 /opt/wonderful/thirdparty/blocksds/core/libs/libnds/lib/libnds9.a(video.c.o)
                0x0200d4bc                vramDefault
 .text.systemValueHandler
                0x0200d584       0x44 /opt/wonderful/thirdparty/blocksds/core/libs/libnds/lib/libnds9.a(system.c.o)
                0x0200d584                systemValueHandler
 .text.systemMsgHandler
                0x0200d5c8       0x2c /opt/wonderful/thirdparty/blocksds/core/libs/libnds/lib/libnds9.a(system.c.o)
                0x0200d5c8                systemMsgHandler
 .text.powerOn  0x0200d5f4       0x2c /opt/wonderful/thirdparty/blocksds/core/libs/libnds/lib/libnds9.a(system.c.o)
                0x0200d5f4                powerOn
 .text.powerOff
                0x0200d620       0x28 /opt/wonderful/thirdparty/blocksds/core/libs/libnds/lib/libnds9.a(system.c.o)
                0x0200d620                powerOff
 .text.scanKeys
                0x0200d648       0xc0 /opt/wonderful/thirdparty/blocksds/core/libs/libnds/lib/libnds9.a(keys.c.o)
                0x0200d648                scanKeys
 .text.keysHeld
                0x0200d708        0xc /opt/wonderful/thirdparty/blocksds/core/libs/libnds/lib/libnds9.a(keys.c.o)
                0x0200d708                keysHeld
 .text.keysDown
                0x0200d714       0x14 /opt/wonderful/thirdparty/blocksds/core/libs/libnds/lib/libnds9.a(keys.c.o)
                0x0200d714                keysDown
 .text.keysUp   0x0200d728       0x18 /opt/wonderful/thirdparty/blocksds/core/libs/libnds/lib/libnds9.a(keys.c.o)
                0x0200d728                keysUp
 .text.keysCurrent
                0x0200d740       0x48 /opt/wonderful/thirdparty/blocksds/core/libs/libnds/lib/libnds9.a(keys.c.o)
                0x0200d740                keysCurrent
 .text.touchRead
                0x0200d788       0x24 /opt/wonderful/thirdparty/blocksds/core/libs/libnds/lib/libnds9.a(keys.c.o)
                0x0200d788                touchRead
 .text.setTransferInputData
                0x0200d7ac       0x20 /opt/wonderful/thirdparty/blocksds/core/libs/libnds/lib/libnds9.a(keys.c.o)
                0x0200d7ac                setTransferInputData
 .text.initSystem
                0x0200d7cc      0x1a0 /opt/wonderful/thirdparty/blocksds/core/libs/libnds/lib/libnds9.a(initSystem.c.o)
                0x0200d7cc                initSystem
 .text.newRow   0x0200d96c       0xdc /opt/wonderful/thirdparty/blocksds/core/libs/libnds/lib/libnds9.a(console.c.o)
 .text.consolePrintChar
                0x0200da48       0xe0 /opt/wonderful/thirdparty/blocksds/core/libs/libnds/lib/libnds9.a(console.c.o)
                0x0200da48                consolePrintChar
 .text.con_write
                0x0200db28      0x344 /opt/wonderful/thirdparty/blocksds/core/libs/libnds/lib/libnds9.a(console.c.o)
 .text.consoleLoadFont
                0x0200de6c      0x36c /opt/wonderful/thirdparty/blocksds/core/libs/libnds/lib/libnds9.a(console.c.o)
                0x0200de6c                consoleLoadFont
 .text.consoleInit
                0x0200e1d8      0x194 /opt/wonderful/thirdparty/blocksds/core/libs/libnds/lib/libnds9.a(console.c.o)
                0x0200e1d8                consoleInit
 .text.consoleDemoInit
                0x0200e36c       0x48 /opt/wonderful/thirdparty/blocksds/core/libs/libnds/lib/libnds9.a(console.c.o)
                0x0200e36c                consoleDemoInit
 .text.sinLutLookup
                0x0200e3b4       0x4c /opt/wonderful/thirdparty/blocksds/core/libs/libnds/lib/libnds9.a(trig.c.o)
                0x0200e3b4                sinLutLookup
 .text.sinLerp  0x0200e400       0x38 /opt/wonderful/thirdparty/blocksds/core/libs/libnds/lib/libnds9.a(trig.c.o)
                0x0200e400                sinLerp
 .text.cosLerp  0x0200e438       0x48 /opt/wonderful/thirdparty/blocksds/core/libs/libnds/lib/libnds9.a(trig.c.o)
                0x0200e438                cosLerp
 .text.tanLerp  0x0200e480       0xa8 /opt/wonderful/thirdparty/blocksds/core/libs/libnds/lib/libnds9.a(trig.c.o)
                0x0200e480                tanLerp
 .text.nitrofs_read_internal
                0x0200e528       0x8c /opt/wonderful/thirdparty/blocksds/core/libs/libnds/lib/libnds9.a(nitrofs.c.o)
 .text.nitrofs_dir_state_init
                0x0200e5b4       0xa8 /opt/wonderful/thirdparty/blocksds/core/libs/libnds/lib/libnds9.a(nitrofs.c.o)
 .text.nitrofs_dir_state_next
                0x0200e65c       0xc0 /opt/wonderful/thirdparty/blocksds/core/libs/libnds/lib/libnds9.a(nitrofs.c.o)
 .text.nitrofs_dir_step
                0x0200e71c       0xf4 /opt/wonderful/thirdparty/blocksds/core/libs/libnds/lib/libnds9.a(nitrofs.c.o)
 .text.nitrofs_use_for_path
                0x0200e810       0x30 /opt/wonderful/thirdparty/blocksds/core/libs/libnds/lib/libnds9.a(nitrofs.c.o)
                0x0200e810                nitrofs_use_for_path
 .text.nitrofs_path_resolve
                0x0200e840       0x68 /opt/wonderful/thirdparty/blocksds/core/libs/libnds/lib/libnds9.a(nitrofs.c.o)
                0x0200e840                nitrofs_path_resolve
 .text.nitrofs_chdir
                0x0200e8a8       0x24 /opt/wonderful/thirdparty/blocksds/core/libs/libnds/lib/libnds9.a(nitrofs.c.o)
                0x0200e8a8                nitrofs_chdir
 .text.nitrofs_read
                0x0200e8cc       0x30 /opt/wonderful/thirdparty/blocksds/core/libs/libnds/lib/libnds9.a(nitrofs.c.o)
                0x0200e8cc                nitrofs_read
 .text.nitrofs_lseek
                0x0200e8fc       0x54 /opt/wonderful/thirdparty/blocksds/core/libs/libnds/lib/libnds9.a(nitrofs.c.o)
                0x0200e8fc                nitrofs_lseek
 .text.nitrofs_close
                0x0200e950       0x10 /opt/wonderful/thirdparty/blocksds/core/libs/libnds/lib/libnds9.a(nitrofs.c.o)
                0x0200e950                nitrofs_close
 .text.nitroFSOpenById
                0x0200e960       0x6c /opt/wonderful/thirdparty/blocksds/core/libs/libnds/lib/libnds9.a(nitrofs.c.o)
                0x0200e960                nitroFSOpenById
 .text.nitrofs_open
                0x0200e9cc       0x4c /opt/wonderful/thirdparty/blocksds/core/libs/libnds/lib/libnds9.a(nitrofs.c.o)
                0x0200e9cc                nitrofs_open
 .text.nitroFSInit
                0x0200ea18      0x138 /opt/wonderful/thirdparty/blocksds/core/libs/libnds/lib/libnds9.a(nitrofs.c.o)
                0x0200ea18                nitroFSInit
 .text.build_argv
                0x0200eb50       0x58 /opt/wonderful/thirdparty/blocksds/core/libs/libnds/lib/libnds9.a(crt0_argv.c.o)
                0x0200eb50                build_argv
 .text.putc_buffered
                0x0200eba8       0x98 /opt/wonderful/thirdparty/blocksds/core/libs/libnds/lib/libnds9.a(iob.c.o)
 .text.stdout_putc_buffered
                0x0200ec40       0x20 /opt/wonderful/thirdparty/blocksds/core/libs/libnds/lib/libnds9.a(iob.c.o)
 .text.stderr_putc_buffered
                0x0200ec60       0x20 /opt/wonderful/thirdparty/blocksds/core/libs/libnds/lib/libnds9.a(iob.c.o)
 .text.stdin_getc_keyboard
                0x0200ec80       0xec /opt/wonderful/thirdparty/blocksds/core/libs/libnds/lib/libnds9.a(iob.c.o)
 .text.dldi_arm7_write_sectors
                0x0200ed6c       0x64 /opt/wonderful/thirdparty/blocksds/core/libs/libnds/lib/libnds9.a(dldi.c.o)
                0x0200ed6c                dldi_arm7_write_sectors
 .text.dldi_arm7_is_inserted
                0x0200edd0       0x3c /opt/wonderful/thirdparty/blocksds/core/libs/libnds/lib/libnds9.a(dldi.c.o)
                0x0200edd0                dldi_arm7_is_inserted
 .text.dldi_arm7_clear_status
                0x0200ee0c       0x3c /opt/wonderful/thirdparty/blocksds/core/libs/libnds/lib/libnds9.a(dldi.c.o)
                0x0200ee0c                dldi_arm7_clear_status
 .text.dldi_arm7_shutdown
                0x0200ee48       0x3c /opt/wonderful/thirdparty/blocksds/core/libs/libnds/lib/libnds9.a(dldi.c.o)
                0x0200ee48                dldi_arm7_shutdown
 .text.dldi_arm7_startup
                0x0200ee84       0x50 /opt/wonderful/thirdparty/blocksds/core/libs/libnds/lib/libnds9.a(dldi.c.o)
                0x0200ee84                dldi_arm7_startup
 .text.dldi_arm7_read_sectors
                0x0200eed4       0x64 /opt/wonderful/thirdparty/blocksds/core/libs/libnds/lib/libnds9.a(dldi.c.o)
                0x0200eed4                dldi_arm7_read_sectors
 .text.dldiGetMode
                0x0200ef38        0xc /opt/wonderful/thirdparty/blocksds/core/libs/libnds/lib/libnds9.a(dldi.c.o)
                0x0200ef38                dldiGetMode
 .text.dldiGetInternal
                0x0200ef44       0xb0 /opt/wonderful/thirdparty/blocksds/core/libs/libnds/lib/libnds9.a(dldi.c.o)
                0x0200ef44                dldiGetInternal
 .text.dldiGetStubDataEnd
                0x0200eff4       0x1c /opt/wonderful/thirdparty/blocksds/core/libs/libnds/lib/libnds9.a(dldi.c.o)
                0x0200eff4                dldiGetStubDataEnd
 .text.dldiGetStubEnd
                0x0200f010        0x8 /opt/wonderful/thirdparty/blocksds/core/libs/libnds/lib/libnds9.a(dldi.c.o)
                0x0200f010                dldiGetStubEnd
 .text.cardReadArm7
                0x0200f018       0x7c /opt/wonderful/thirdparty/blocksds/core/libs/libnds/lib/libnds9.a(card.c.o)
                0x0200f018                cardReadArm7
 .text.soundEnable
                0x0200f094       0x10 /opt/wonderful/thirdparty/blocksds/core/libs/libnds/lib/libnds9.a(sound.c.o)
                0x0200f094                soundEnable
 .text.fifo_buffer_enqueue_block
                0x0200f0a4       0x44 /opt/wonderful/thirdparty/blocksds/core/libs/libnds/lib/libnds9.a(fifosystem.c.o)
 .text.fifo_buffer_wait_block
                0x0200f0e8       0x80 /opt/wonderful/thirdparty/blocksds/core/libs/libnds/lib/libnds9.a(fifosystem.c.o)
 .text.fifoInternalSend.part.0
                0x0200f168       0xcc /opt/wonderful/thirdparty/blocksds/core/libs/libnds/lib/libnds9.a(fifosystem.c.o)
 .text.fifoInternalSendInterrupt
                0x0200f234       0xb0 /opt/wonderful/thirdparty/blocksds/core/libs/libnds/lib/libnds9.a(fifosystem.c.o)
 .text.fifoSetValue32Handler
                0x0200f2e4       0xd4 /opt/wonderful/thirdparty/blocksds/core/libs/libnds/lib/libnds9.a(fifosystem.c.o)
                0x0200f2e4                fifoSetValue32Handler
 .text.fifoSendValue32
                0x0200f3b8       0x50 /opt/wonderful/thirdparty/blocksds/core/libs/libnds/lib/libnds9.a(fifosystem.c.o)
                0x0200f3b8                fifoSendValue32
 .text.fifoSendDatamsg
                0x0200f408       0x94 /opt/wonderful/thirdparty/blocksds/core/libs/libnds/lib/libnds9.a(fifosystem.c.o)
                0x0200f408                fifoSendDatamsg
 .text.fifoGetValue32
                0x0200f49c       0x70 /opt/wonderful/thirdparty/blocksds/core/libs/libnds/lib/libnds9.a(fifosystem.c.o)
                0x0200f49c                fifoGetValue32
 .text.fifoGetDatamsg
                0x0200f50c       0xe8 /opt/wonderful/thirdparty/blocksds/core/libs/libnds/lib/libnds9.a(fifosystem.c.o)
                0x0200f50c                fifoGetDatamsg
 .text.fifoInternalRecvInterrupt
                0x0200f5f4      0x310 /opt/wonderful/thirdparty/blocksds/core/libs/libnds/lib/libnds9.a(fifosystem.c.o)
 .text.fifoSetDatamsgHandler
                0x0200f904       0x9c /opt/wonderful/thirdparty/blocksds/core/libs/libnds/lib/libnds9.a(fifosystem.c.o)
                0x0200f904                fifoSetDatamsgHandler
 .text.fifoCheckValue32
                0x0200f9a0       0x24 /opt/wonderful/thirdparty/blocksds/core/libs/libnds/lib/libnds9.a(fifosystem.c.o)
                0x0200f9a0                fifoCheckValue32
 .text.fifoInit
                0x0200f9c4      0x114 /opt/wonderful/thirdparty/blocksds/core/libs/libnds/lib/libnds9.a(fifosystem.c.o)
                0x0200f9c4                fifoInit
 .text.fifoMutexAcquire
                0x0200fad8       0x30 /opt/wonderful/thirdparty/blocksds/core/libs/libnds/lib/libnds9.a(fifosystem.c.o)
                0x0200fad8                fifoMutexAcquire
 .text.fifoMutexRelease
                0x0200fb08       0x14 /opt/wonderful/thirdparty/blocksds/core/libs/libnds/lib/libnds9.a(fifosystem.c.o)
                0x0200fb08                fifoMutexRelease
 .text.irqDummy
                0x0200fb1c        0x4 /opt/wonderful/thirdparty/blocksds/core/libs/libnds/lib/libnds9.a(interrupts.c.o)
                0x0200fb1c                irqDummy
 .text.irqSet   0x0200fb20       0x78 /opt/wonderful/thirdparty/blocksds/core/libs/libnds/lib/libnds9.a(interrupts.c.o)
                0x0200fb20                irqSet
 .text.irqInit  0x0200fb98       0x50 /opt/wonderful/thirdparty/blocksds/core/libs/libnds/lib/libnds9.a(interrupts.c.o)
                0x0200fb98                irqInit
 .text.irqEnable
                0x0200fbe8       0x64 /opt/wonderful/thirdparty/blocksds/core/libs/libnds/lib/libnds9.a(interrupts.c.o)
                0x0200fbe8                irqEnable
 .text.cardPolledTransfer
                0x0200fc4c       0x54 /opt/wonderful/thirdparty/blocksds/core/libs/libnds/lib/libnds9.a(card.c.o)
                0x0200fc4c                cardPolledTransfer
 .text.cardRead
                0x0200fca0      0x120 /opt/wonderful/thirdparty/blocksds/core/libs/libnds/lib/libnds9.a(card.c.o)
                0x0200fca0                cardRead
 .text.systemErrorExit
                0x0200fdc0        0x4 /opt/wonderful/thirdparty/blocksds/core/libs/libnds/lib/libnds9.a(exit.c.o)
                0x0200fdc0                systemErrorExit
 .text.__libnds_exit
                0x0200fdc4        0x8 /opt/wonderful/thirdparty/blocksds/core/libs/libnds/lib/libnds9.a(exit.c.o)
                0x0200fdc4                __libnds_exit
 .text._exit    0x0200fdcc       0x78 /opt/wonderful/thirdparty/blocksds/core/libs/libnds/lib/libnds9.a(exit.c.o)
                0x0200fdcc                _exit
 .text.sbrk     0x0200fe44       0x5c /opt/wonderful/thirdparty/blocksds/core/libs/libnds/lib/libnds9.a(sbrk.c.o)
                0x0200fe44                sbrk
 .text.cothread_delete_internal
                0x0200fea0       0x3c /opt/wonderful/thirdparty/blocksds/core/libs/libnds/lib/libnds9.a(threads.c.o)
 .text.cothread_main
                0x0200fedc       0x10 /opt/wonderful/thirdparty/blocksds/core/libs/libnds/lib/libnds9.a(threads.c.o)
                0x0200fedc                cothread_main
 .text.cothread_yield
                0x0200feec       0x14 /opt/wonderful/thirdparty/blocksds/core/libs/libnds/lib/libnds9.a(threads.c.o)
                0x0200feec                cothread_yield
 .text.cothread_yield_irq
                0x0200ff00       0x18 /opt/wonderful/thirdparty/blocksds/core/libs/libnds/lib/libnds9.a(threads.c.o)
                0x0200ff00                cothread_yield_irq
 .text.cothread_start
                0x0200ff18       0xe8 /opt/wonderful/thirdparty/blocksds/core/libs/libnds/lib/libnds9.a(threads.c.o)
                0x0200ff18                cothread_start
 .text.__ndsabi_coro_resume
                0x02010000       0x18 /opt/wonderful/thirdparty/blocksds/core/libs/libnds/lib/libnds9.a(coroutine.s.o)
                0x02010000                __ndsabi_coro_resume
 .text.__ndsabi_coro_yield
                0x02010018       0x1c /opt/wonderful/thirdparty/blocksds/core/libs/libnds/lib/libnds9.a(coroutine.s.o)
                0x02010018                __ndsabi_coro_yield
 .text.__ndsabi_coro_pop_noctx
                0x02010034       0x34 /opt/wonderful/thirdparty/blocksds/core/libs/libnds/lib/libnds9.a(coroutine.s.o)
                0x02010034                __ndsabi_coro_pop_noctx
 .text.__aeabi_read_tp
                0x02010068        0xc /opt/wonderful/thirdparty/blocksds/core/libs/libnds/lib/libnds9.a(aeabi_read_tp.s.o)
                0x02010068                __aeabi_read_tp
 .text.checkIfText
                0x02010074       0x5c /opt/wonderful/thirdparty/blocksds/core/libs/libnds/lib/libnds9.a(background.c.o)
                0x02010074                checkIfText
 .text.bgUpdate
                0x020100d0       0xf4 /opt/wonderful/thirdparty/blocksds/core/libs/libnds/lib/libnds9.a(background.c.o)
                0x020100d0                bgUpdate
 .text.bgInit_call
                0x020101c4       0xac /opt/wonderful/thirdparty/blocksds/core/libs/libnds/lib/libnds9.a(background.c.o)
                0x020101c4                bgInit_call
 .text.bgInitSub_call
                0x02010270       0xb4 /opt/wonderful/thirdparty/blocksds/core/libs/libnds/lib/libnds9.a(background.c.o)
                0x02010270                bgInitSub_call
 .text.keyboardGetKey
                0x02010324       0x5c /opt/wonderful/thirdparty/blocksds/core/libs/libnds/lib/libnds9.a(keyboard.c.o)
                0x02010324                keyboardGetKey
 .text.keyboardShiftState
                0x02010380       0x88 /opt/wonderful/thirdparty/blocksds/core/libs/libnds/lib/libnds9.a(keyboard.c.o)
                0x02010380                keyboardShiftState
 .text.swapKeyGfx
                0x02010408      0x164 /opt/wonderful/thirdparty/blocksds/core/libs/libnds/lib/libnds9.a(keyboard.c.o)
                0x02010408                swapKeyGfx
 .text.keyboardUpdate
                0x0201056c       0xf0 /opt/wonderful/thirdparty/blocksds/core/libs/libnds/lib/libnds9.a(keyboard.c.o)
                0x0201056c                keyboardUpdate
 .text.keyboardShow
                0x0201065c       0xd8 /opt/wonderful/thirdparty/blocksds/core/libs/libnds/lib/libnds9.a(keyboard.c.o)
                0x0201065c                keyboardShow
 .text.keyboardHide
                0x02010734       0x8c /opt/wonderful/thirdparty/blocksds/core/libs/libnds/lib/libnds9.a(keyboard.c.o)
                0x02010734                keyboardHide
 .text.open     0x020107c0       0xf0 /opt/wonderful/thirdparty/blocksds/core/libs/libnds/lib/libnds9.a(filesystem.c.o)
                0x020107c0                open
 .text.read     0x020108b0       0x44 /opt/wonderful/thirdparty/blocksds/core/libs/libnds/lib/libnds9.a(filesystem.c.o)
                0x020108b0                read
 .text.write    0x020108f4       0x54 /opt/wonderful/thirdparty/blocksds/core/libs/libnds/lib/libnds9.a(filesystem.c.o)
                0x020108f4                write
 .text.close    0x02010948       0x50 /opt/wonderful/thirdparty/blocksds/core/libs/libnds/lib/libnds9.a(filesystem.c.o)
                0x02010948                close
 .text.lseek    0x02010998       0x70 /opt/wonderful/thirdparty/blocksds/core/libs/libnds/lib/libnds9.a(filesystem.c.o)
                0x02010998                lseek
 .text.fatfs_error_to_posix
                0x02010a08       0x24 /opt/wonderful/thirdparty/blocksds/core/libs/libnds/lib/libnds9.a(fatfs.c.o)
                0x02010a08                fatfs_error_to_posix
 .text.fatfs_timestamp_to_fattime
                0x02010a2c       0x2c /opt/wonderful/thirdparty/blocksds/core/libs/libnds/lib/libnds9.a(fatfs.c.o)
                0x02010a2c                fatfs_timestamp_to_fattime
 .text.get_dirname
                0x02010a58       0x6c /opt/wonderful/thirdparty/blocksds/core/libs/libnds/lib/libnds9.a(fatfs.c.o)
                0x02010a58                get_dirname
 .text.fatGetDefaultCwd
                0x02010ac4       0x70 /opt/wonderful/thirdparty/blocksds/core/libs/libnds/lib/libnds9.a(fatfs.c.o)
                0x02010ac4                fatGetDefaultCwd
 .text.fatInit.part.0
                0x02010b34      0x108 /opt/wonderful/thirdparty/blocksds/core/libs/libnds/lib/libnds9.a(fatfs.c.o)
 .text.fatInitDefault
                0x02010c3c       0x24 /opt/wonderful/thirdparty/blocksds/core/libs/libnds/lib/libnds9.a(fatfs.c.o)
                0x02010c3c                fatInitDefault
 .text.fatInitLookupCache
                0x02010c60       0x5c /opt/wonderful/thirdparty/blocksds/core/libs/libnds/lib/libnds9.a(fatfs.c.o)
                0x02010c60                fatInitLookupCache
 .text.cache_init
                0x02010cbc       0x9c /opt/wonderful/thirdparty/blocksds/core/libs/libnds/lib/libnds9.a(cache.c.o)
                0x02010cbc                cache_init
 .text.cache_sector_get
                0x02010d58       0x70 /opt/wonderful/thirdparty/blocksds/core/libs/libnds/lib/libnds9.a(cache.c.o)
                0x02010d58                cache_sector_get
 .text.cache_sector_add
                0x02010dc8      0x144 /opt/wonderful/thirdparty/blocksds/core/libs/libnds/lib/libnds9.a(cache.c.o)
                0x02010dc8                cache_sector_add
 .text.cache_sector_invalidate
                0x02010f0c       0x44 /opt/wonderful/thirdparty/blocksds/core/libs/libnds/lib/libnds9.a(cache.c.o)
                0x02010f0c                cache_sector_invalidate
 .text.chdir    0x02010f50      0x114 /opt/wonderful/thirdparty/blocksds/core/libs/libnds/lib/libnds9.a(chdir.c.o)
                0x02010f50                chdir
 .text.__ndsabi_coro_make_noctx
                0x02011064       0x24 /opt/wonderful/thirdparty/blocksds/core/libs/libnds/lib/libnds9.a(coroutine.c.o)
                0x02011064                __ndsabi_coro_make_noctx
 .text.get_ldnumber
                0x02011088       0xd0 /opt/wonderful/thirdparty/blocksds/core/libs/libnds/lib/libnds9.a(ff.c.o)
 .text.dir_clear
                0x02011158      0x110 /opt/wonderful/thirdparty/blocksds/core/libs/libnds/lib/libnds9.a(ff.c.o)
 .text.unlock_volume.part.0.isra.0
                0x02011268        0x8 /opt/wonderful/thirdparty/blocksds/core/libs/libnds/lib/libnds9.a(ff.c.o)
 .text.sync_fs  0x02011270       0xb4 /opt/wonderful/thirdparty/blocksds/core/libs/libnds/lib/libnds9.a(ff.c.o)
 .text.move_window
                0x02011324       0x6c /opt/wonderful/thirdparty/blocksds/core/libs/libnds/lib/libnds9.a(ff.c.o)
 .text.put_fat.part.0
                0x02011390      0x11c /opt/wonderful/thirdparty/blocksds/core/libs/libnds/lib/libnds9.a(ff.c.o)
 .text.get_fat.isra.0
                0x020114ac       0xbc /opt/wonderful/thirdparty/blocksds/core/libs/libnds/lib/libnds9.a(ff.c.o)
 .text.remove_chain
                0x02011568       0x90 /opt/wonderful/thirdparty/blocksds/core/libs/libnds/lib/libnds9.a(ff.c.o)
 .text.create_chain
                0x020115f8      0x120 /opt/wonderful/thirdparty/blocksds/core/libs/libnds/lib/libnds9.a(ff.c.o)
 .text.dir_next
                0x02011718       0xdc /opt/wonderful/thirdparty/blocksds/core/libs/libnds/lib/libnds9.a(ff.c.o)
 .text.dir_sdi  0x020117f4       0x9c /opt/wonderful/thirdparty/blocksds/core/libs/libnds/lib/libnds9.a(ff.c.o)
 .text.dir_find
                0x02011890      0x1a8 /opt/wonderful/thirdparty/blocksds/core/libs/libnds/lib/libnds9.a(ff.c.o)
 .text.follow_path
                0x02011a38      0x50c /opt/wonderful/thirdparty/blocksds/core/libs/libnds/lib/libnds9.a(ff.c.o)
 .text.dir_register
                0x02011f44      0x31c /opt/wonderful/thirdparty/blocksds/core/libs/libnds/lib/libnds9.a(ff.c.o)
 .text.validate
                0x02012260       0x5c /opt/wonderful/thirdparty/blocksds/core/libs/libnds/lib/libnds9.a(ff.c.o)
 .text.check_fs
                0x020122bc      0x138 /opt/wonderful/thirdparty/blocksds/core/libs/libnds/lib/libnds9.a(ff.c.o)
 .text.mount_volume
                0x020123f4      0x334 /opt/wonderful/thirdparty/blocksds/core/libs/libnds/lib/libnds9.a(ff.c.o)
 .text.f_mount  0x02012728       0xa4 /opt/wonderful/thirdparty/blocksds/core/libs/libnds/lib/libnds9.a(ff.c.o)
                0x02012728                f_mount
 .text.f_open   0x020127cc      0x354 /opt/wonderful/thirdparty/blocksds/core/libs/libnds/lib/libnds9.a(ff.c.o)
                0x020127cc                f_open
 .text.f_read   0x02012b20      0x2c8 /opt/wonderful/thirdparty/blocksds/core/libs/libnds/lib/libnds9.a(ff.c.o)
                0x02012b20                f_read
 .text.f_write  0x02012de8      0x308 /opt/wonderful/thirdparty/blocksds/core/libs/libnds/lib/libnds9.a(ff.c.o)
                0x02012de8                f_write
 .text.f_sync   0x020130f0       0xe4 /opt/wonderful/thirdparty/blocksds/core/libs/libnds/lib/libnds9.a(ff.c.o)
                0x020130f0                f_sync
 .text.f_close  0x020131d4       0x30 /opt/wonderful/thirdparty/blocksds/core/libs/libnds/lib/libnds9.a(ff.c.o)
                0x020131d4                f_close
 .text.f_chdrive
                0x02013204       0x24 /opt/wonderful/thirdparty/blocksds/core/libs/libnds/lib/libnds9.a(ff.c.o)
                0x02013204                f_chdrive
 .text.f_chdir  0x02013228       0xc4 /opt/wonderful/thirdparty/blocksds/core/libs/libnds/lib/libnds9.a(ff.c.o)
                0x02013228                f_chdir
 .text.f_lseek  0x020132ec      0x340 /opt/wonderful/thirdparty/blocksds/core/libs/libnds/lib/libnds9.a(ff.c.o)
                0x020132ec                f_lseek
 .text.ff_uni2oem
                0x0201362c       0x44 /opt/wonderful/thirdparty/blocksds/core/libs/libnds/lib/libnds9.a(ffunicode.c.o)
                0x0201362c                ff_uni2oem
 .text.ff_wtoupper
                0x02013670       0xcc /opt/wonderful/thirdparty/blocksds/core/libs/libnds/lib/libnds9.a(ffunicode.c.o)
                0x02013670                ff_wtoupper
 .text.ff_mutex_create
                0x0201373c       0x10 /opt/wonderful/thirdparty/blocksds/core/libs/libnds/lib/libnds9.a(ffsystem.c.o)
                0x0201373c                ff_mutex_create
 .text.ff_mutex_delete
                0x0201374c        0x4 /opt/wonderful/thirdparty/blocksds/core/libs/libnds/lib/libnds9.a(ffsystem.c.o)
                0x0201374c                ff_mutex_delete
 .text.ff_mutex_take
                0x02013750       0x1c /opt/wonderful/thirdparty/blocksds/core/libs/libnds/lib/libnds9.a(ffsystem.c.o)
                0x02013750                ff_mutex_take
 .text.ff_mutex_give
                0x0201376c       0x10 /opt/wonderful/thirdparty/blocksds/core/libs/libnds/lib/libnds9.a(ffsystem.c.o)
                0x0201376c                ff_mutex_give
 .text.disk_status
                0x0201377c       0x28 /opt/wonderful/thirdparty/blocksds/core/libs/libnds/lib/libnds9.a(diskio.c.o)
                0x0201377c                disk_status
 .text.disk_initialize
                0x020137a4       0x50 /opt/wonderful/thirdparty/blocksds/core/libs/libnds/lib/libnds9.a(diskio.c.o)
                0x020137a4                disk_initialize
 .text.disk_read
                0x020137f4       0xf8 /opt/wonderful/thirdparty/blocksds/core/libs/libnds/lib/libnds9.a(diskio.c.o)
                0x020137f4                disk_read
 .text.disk_write
                0x020138ec       0xc8 /opt/wonderful/thirdparty/blocksds/core/libs/libnds/lib/libnds9.a(diskio.c.o)
                0x020138ec                disk_write
 .text.disk_ioctl
                0x020139b4       0x2c /opt/wonderful/thirdparty/blocksds/core/libs/libnds/lib/libnds9.a(diskio.c.o)
                0x020139b4                disk_ioctl
 .text.get_fattime
                0x020139e0       0x1c /opt/wonderful/thirdparty/blocksds/core/libs/libnds/lib/libnds9.a(diskio.c.o)
                0x020139e0                get_fattime
 .text.calloc   0x020139fc       0xb4 /opt/wonderful/toolchain/gcc-arm-none-eabi/lib/gcc/arm-none-eabi/13.2.0/../../../../arm-none-eabi/lib/thumb/arm946e-s/libc.a(malloc-calloc.c.o)
                0x020139fc                calloc
 .text.malloc_trim
                0x02013ab0       0x9c /opt/wonderful/toolchain/gcc-arm-none-eabi/lib/gcc/arm-none-eabi/13.2.0/../../../../arm-none-eabi/lib/thumb/arm946e-s/libc.a(malloc-free.c.o)
                0x02013ab0                malloc_trim
 .text.free     0x02013b4c      0x164 /opt/wonderful/toolchain/gcc-arm-none-eabi/lib/gcc/arm-none-eabi/13.2.0/../../../../arm-none-eabi/lib/thumb/arm946e-s/libc.a(malloc-free.c.o)
                0x02013b4c                __malloc_free
                0x02013b4c                free
 .text.malloc   0x02013cb0      0x430 /opt/wonderful/toolchain/gcc-arm-none-eabi/lib/gcc/arm-none-eabi/13.2.0/../../../../arm-none-eabi/lib/thumb/arm946e-s/libc.a(malloc-malloc.c.o)
                0x02013cb0                malloc
 .text.realloc  0x020140e0      0x35c /opt/wonderful/toolchain/gcc-arm-none-eabi/lib/gcc/arm-none-eabi/13.2.0/../../../../arm-none-eabi/lib/thumb/arm946e-s/libc.a(malloc-realloc.c.o)
                0x020140e0                realloc
 .text.__libc_init_array
                0x0201443c       0x54 /opt/wonderful/toolchain/gcc-arm-none-eabi/lib/gcc/arm-none-eabi/13.2.0/../../../../arm-none-eabi/lib/thumb/arm946e-s/libc.a(libc_misc_init.c.o)
                0x0201443c                __libc_init_array
 .text.__retarget_lock_init
                0x02014490        0x2 /opt/wonderful/toolchain/gcc-arm-none-eabi/lib/gcc/arm-none-eabi/13.2.0/../../../../arm-none-eabi/lib/thumb/arm946e-s/libc.a(libc_misc_lock.c.o)
                0x02014490                __retarget_lock_init
 .text.__retarget_lock_close
                0x02014492        0x2 /opt/wonderful/toolchain/gcc-arm-none-eabi/lib/gcc/arm-none-eabi/13.2.0/../../../../arm-none-eabi/lib/thumb/arm946e-s/libc.a(libc_misc_lock.c.o)
                0x02014492                __retarget_lock_close
 .text.__retarget_lock_acquire
                0x02014494        0x2 /opt/wonderful/toolchain/gcc-arm-none-eabi/lib/gcc/arm-none-eabi/13.2.0/../../../../arm-none-eabi/lib/thumb/arm946e-s/libc.a(libc_misc_lock.c.o)
                0x02014494                __retarget_lock_acquire
 .text.__retarget_lock_acquire_recursive
                0x02014496        0x2 /opt/wonderful/toolchain/gcc-arm-none-eabi/lib/gcc/arm-none-eabi/13.2.0/../../../../arm-none-eabi/lib/thumb/arm946e-s/libc.a(libc_misc_lock.c.o)
                0x02014496                __retarget_lock_acquire_recursive
 .text.__retarget_lock_release
                0x02014498        0x2 /opt/wonderful/toolchain/gcc-arm-none-eabi/lib/gcc/arm-none-eabi/13.2.0/../../../../arm-none-eabi/lib/thumb/arm946e-s/libc.a(libc_misc_lock.c.o)
                0x02014498                __retarget_lock_release
 .text.__retarget_lock_release_recursive
                0x0201449a        0x2 /opt/wonderful/toolchain/gcc-arm-none-eabi/lib/gcc/arm-none-eabi/13.2.0/../../../../arm-none-eabi/lib/thumb/arm946e-s/libc.a(libc_misc_lock.c.o)
                0x0201449a                __retarget_lock_release_recursive
 .text.swapfunc
                0x0201449c       0x2c /opt/wonderful/toolchain/gcc-arm-none-eabi/lib/gcc/arm-none-eabi/13.2.0/../../../../arm-none-eabi/lib/thumb/arm946e-s/libc.a(libc_search_qsort.c.o)
 .text.med3.constprop.0
                0x020144c8       0x42 /opt/wonderful/toolchain/gcc-arm-none-eabi/lib/gcc/arm-none-eabi/13.2.0/../../../../arm-none-eabi/lib/thumb/arm946e-s/libc.a(libc_search_qsort.c.o)
 .text.qsort    0x0201450a      0x2b4 /opt/wonderful/toolchain/gcc-arm-none-eabi/lib/gcc/arm-none-eabi/13.2.0/../../../../arm-none-eabi/lib/thumb/arm946e-s/libc.a(libc_search_qsort.c.o)
                0x0201450a                qsort
 *fill*         0x020147be        0x2 ff
 .text.__assert_func
                0x020147c0       0x3c /opt/wonderful/toolchain/gcc-arm-none-eabi/lib/gcc/arm-none-eabi/13.2.0/../../../../arm-none-eabi/lib/thumb/arm946e-s/libc.a(libc_stdlib_assert_func.c.o)
                0x020147c0                __assert_func
 .text.atof     0x020147fc        0xa /opt/wonderful/toolchain/gcc-arm-none-eabi/lib/gcc/arm-none-eabi/13.2.0/../../../../arm-none-eabi/lib/thumb/arm946e-s/libc.a(libc_stdlib_atof.c.o)
                0x020147fc                atof
 .text.rand     0x02014806        0x8 /opt/wonderful/toolchain/gcc-arm-none-eabi/lib/gcc/arm-none-eabi/13.2.0/../../../../arm-none-eabi/lib/thumb/arm946e-s/libc.a(libc_stdlib_rand.c.o)
                0x02014806                rand
 *fill*         0x0201480e        0x2 ff
 .text.random   0x02014810       0x34 /opt/wonderful/toolchain/gcc-arm-none-eabi/lib/gcc/arm-none-eabi/13.2.0/../../../../arm-none-eabi/lib/thumb/arm946e-s/libc.a(libc_stdlib_random.c.o)
                0x02014810                random
 .text.exit     0x02014844       0x20 /opt/wonderful/toolchain/gcc-arm-none-eabi/lib/gcc/arm-none-eabi/13.2.0/../../../../arm-none-eabi/lib/thumb/arm946e-s/libc.a(libc_stdlib_pico-exit.c.o)
                0x02014844                exit
 .text.memcmp   0x02014864       0x1c /opt/wonderful/toolchain/gcc-arm-none-eabi/lib/gcc/arm-none-eabi/13.2.0/../../../../arm-none-eabi/lib/thumb/arm946e-s/libc.a(libc_string_memcmp.c.o)
                0x02014864                memcmp
 .text.strchr   0x02014880       0x1e /opt/wonderful/toolchain/gcc-arm-none-eabi/lib/gcc/arm-none-eabi/13.2.0/../../../../arm-none-eabi/lib/thumb/arm946e-s/libc.a(libc_string_strchr.c.o)
                0x02014880                strchr
 .text.strdup   0x0201489e       0x20 /opt/wonderful/toolchain/gcc-arm-none-eabi/lib/gcc/arm-none-eabi/13.2.0/../../../../arm-none-eabi/lib/thumb/arm946e-s/libc.a(libc_string_strdup.c.o)
                0x0201489e                strdup
 .text.strncmp  0x020148be       0x22 /opt/wonderful/toolchain/gcc-arm-none-eabi/lib/gcc/arm-none-eabi/13.2.0/../../../../arm-none-eabi/lib/thumb/arm946e-s/libc.a(libc_string_strncmp.c.o)
                0x020148be                strncmp
 .text.strstr   0x020148e0       0x2c /opt/wonderful/toolchain/gcc-arm-none-eabi/lib/gcc/arm-none-eabi/13.2.0/../../../../arm-none-eabi/lib/thumb/arm946e-s/libc.a(libc_string_strstr.c.o)
                0x020148e0                strstr
 .text.gmtime   0x0201490c       0x18 /opt/wonderful/toolchain/gcc-arm-none-eabi/lib/gcc/arm-none-eabi/13.2.0/../../../../arm-none-eabi/lib/thumb/arm946e-s/libc.a(libc_time_gmtime.c.o)
                0x0201490c                gmtime
 .text.gmtime_r
                0x02014924      0x1a8 /opt/wonderful/toolchain/gcc-arm-none-eabi/lib/gcc/arm-none-eabi/13.2.0/../../../../arm-none-eabi/lib/thumb/arm946e-s/libc.a(libc_time_gmtime_r.c.o)
                0x02014924                gmtime_r
 .text.localtime
                0x02014acc       0x18 /opt/wonderful/toolchain/gcc-arm-none-eabi/lib/gcc/arm-none-eabi/13.2.0/../../../../arm-none-eabi/lib/thumb/arm946e-s/libc.a(libc_time_lcltime.c.o)
                0x02014acc                localtime
 .text.localtime_r
                0x02014ae4      0x1f8 /opt/wonderful/toolchain/gcc-arm-none-eabi/lib/gcc/arm-none-eabi/13.2.0/../../../../arm-none-eabi/lib/thumb/arm946e-s/libc.a(libc_time_lcltime_r.c.o)
                0x02014ae4                localtime_r
 .text.time     0x02014cdc       0x2a /opt/wonderful/toolchain/gcc-arm-none-eabi/lib/gcc/arm-none-eabi/13.2.0/../../../../arm-none-eabi/lib/thumb/arm946e-s/libc.a(libc_time_time.c.o)
                0x02014cdc                time
 *fill*         0x02014d06        0x2 ff
 .text.__tzcalc_limits
                0x02014d08      0x17c /opt/wonderful/toolchain/gcc-arm-none-eabi/lib/gcc/arm-none-eabi/13.2.0/../../../../arm-none-eabi/lib/thumb/arm946e-s/libc.a(libc_time_tzcalc_limits.c.o)
                0x02014d08                __tzcalc_limits
 .text._tzset_unlocked
                0x02014e84      0x3f0 /opt/wonderful/toolchain/gcc-arm-none-eabi/lib/gcc/arm-none-eabi/13.2.0/../../../../arm-none-eabi/lib/thumb/arm946e-s/libc.a(libc_time_tzset.c.o)
                0x02014e84                _tzset_unlocked
 .text.fclose   0x02015274       0x18 /opt/wonderful/toolchain/gcc-arm-none-eabi/lib/gcc/arm-none-eabi/13.2.0/../../../../arm-none-eabi/lib/thumb/arm946e-s/libc.a(libc_tinystdio_fclose.c.o)
                0x02015274                fclose
 .text.fflush   0x0201528c       0x12 /opt/wonderful/toolchain/gcc-arm-none-eabi/lib/gcc/arm-none-eabi/13.2.0/../../../../arm-none-eabi/lib/thumb/arm946e-s/libc.a(libc_tinystdio_fflush.c.o)
                0x0201528c                fflush
 .text.fgetc    0x0201529e       0x40 /opt/wonderful/toolchain/gcc-arm-none-eabi/lib/gcc/arm-none-eabi/13.2.0/../../../../arm-none-eabi/lib/thumb/arm946e-s/libc.a(libc_tinystdio_fgetc.c.o)
                0x0201529e                getc
                0x0201529e                fgetc
 .text.fileno   0x020152de       0x10 /opt/wonderful/toolchain/gcc-arm-none-eabi/lib/gcc/arm-none-eabi/13.2.0/../../../../arm-none-eabi/lib/thumb/arm946e-s/libc.a(libc_tinystdio_fileno.c.o)
                0x020152de                fileno
 .text.fprintf  0x020152ee       0x16 /opt/wonderful/toolchain/gcc-arm-none-eabi/lib/gcc/arm-none-eabi/13.2.0/../../../../arm-none-eabi/lib/thumb/arm946e-s/libc.a(libc_tinystdio_fprintf.c.o)
                0x020152ee                fprintf
 .text.fread    0x02015304      0x198 /opt/wonderful/toolchain/gcc-arm-none-eabi/lib/gcc/arm-none-eabi/13.2.0/../../../../arm-none-eabi/lib/thumb/arm946e-s/libc.a(libc_tinystdio_fread.c.o)
                0x02015304                fread
 .text.fseek    0x0201549c       0x40 /opt/wonderful/toolchain/gcc-arm-none-eabi/lib/gcc/arm-none-eabi/13.2.0/../../../../arm-none-eabi/lib/thumb/arm946e-s/libc.a(libc_tinystdio_fseek.c.o)
                0x0201549c                fseek
 .text.ftell    0x020154dc       0x2c /opt/wonderful/toolchain/gcc-arm-none-eabi/lib/gcc/arm-none-eabi/13.2.0/../../../../arm-none-eabi/lib/thumb/arm946e-s/libc.a(libc_tinystdio_ftell.c.o)
                0x020154dc                ftell
 .text.perror   0x02015508       0x44 /opt/wonderful/toolchain/gcc-arm-none-eabi/lib/gcc/arm-none-eabi/13.2.0/../../../../arm-none-eabi/lib/thumb/arm946e-s/libc.a(libc_tinystdio_perror.c.o)
                0x02015508                perror
 .text.printf   0x0201554c       0x20 /opt/wonderful/toolchain/gcc-arm-none-eabi/lib/gcc/arm-none-eabi/13.2.0/../../../../arm-none-eabi/lib/thumb/arm946e-s/libc.a(libc_tinystdio_printf.c.o)
                0x0201554c                printf
 .text.puts     0x0201556c       0x40 /opt/wonderful/toolchain/gcc-arm-none-eabi/lib/gcc/arm-none-eabi/13.2.0/../../../../arm-none-eabi/lib/thumb/arm946e-s/libc.a(libc_tinystdio_puts.c.o)
                0x0201556c                puts
 .text.rewind   0x020155ac       0x16 /opt/wonderful/toolchain/gcc-arm-none-eabi/lib/gcc/arm-none-eabi/13.2.0/../../../../arm-none-eabi/lib/thumb/arm946e-s/libc.a(libc_tinystdio_rewind.c.o)
                0x020155ac                rewind
 .text.setvbuf  0x020155c2       0x18 /opt/wonderful/toolchain/gcc-arm-none-eabi/lib/gcc/arm-none-eabi/13.2.0/../../../../arm-none-eabi/lib/thumb/arm946e-s/libc.a(libc_tinystdio_setvbuf.c.o)
                0x020155c2                setvbuf
 *fill*         0x020155da        0x2 ff
 .text.sscanf   0x020155dc       0x3c /opt/wonderful/toolchain/gcc-arm-none-eabi/lib/gcc/arm-none-eabi/13.2.0/../../../../arm-none-eabi/lib/thumb/arm946e-s/libc.a(libc_tinystdio_sscanf.c.o)
                0x020155dc                sscanf
 .text.strtod   0x02015618      0x3ac /opt/wonderful/toolchain/gcc-arm-none-eabi/lib/gcc/arm-none-eabi/13.2.0/../../../../arm-none-eabi/lib/thumb/arm946e-s/libc.a(libc_tinystdio_strtod.c.o)
                0x02015618                strtold
                0x02015618                strtod
 .text.strtoul  0x020159c4      0x12c /opt/wonderful/toolchain/gcc-arm-none-eabi/lib/gcc/arm-none-eabi/13.2.0/../../../../arm-none-eabi/lib/thumb/arm946e-s/libc.a(libc_tinystdio_strtoul.c.o)
                0x020159c4                strtoul
 .text.__ultoa_invert
                0x02015af0       0x52 /opt/wonderful/toolchain/gcc-arm-none-eabi/lib/gcc/arm-none-eabi/13.2.0/../../../../arm-none-eabi/lib/thumb/arm946e-s/libc.a(libc_tinystdio_vfprintf.c.o)
 *fill*         0x02015b42        0x2 ff
 .text.skip_to_arg
                0x02015b44      0x13c /opt/wonderful/toolchain/gcc-arm-none-eabi/lib/gcc/arm-none-eabi/13.2.0/../../../../arm-none-eabi/lib/thumb/arm946e-s/libc.a(libc_tinystdio_vfprintf.c.o)
 .text.vfprintf
                0x02015c80      0x9e4 /opt/wonderful/toolchain/gcc-arm-none-eabi/lib/gcc/arm-none-eabi/13.2.0/../../../../arm-none-eabi/lib/thumb/arm946e-s/libc.a(libc_tinystdio_vfprintf.c.o)
                0x02015c80                __d_vfprintf
                0x02015c80                vfprintf
 .text.scanf_getc
                0x02016664       0x14 /opt/wonderful/toolchain/gcc-arm-none-eabi/lib/gcc/arm-none-eabi/13.2.0/../../../../arm-none-eabi/lib/thumb/arm946e-s/libc.a(libc_tinystdio_vfscanf.c.o)
 .text.putval   0x02016678       0x2a /opt/wonderful/toolchain/gcc-arm-none-eabi/lib/gcc/arm-none-eabi/13.2.0/../../../../arm-none-eabi/lib/thumb/arm946e-s/libc.a(libc_tinystdio_vfscanf.c.o)
 .text.scanf_ungetc.isra.0
                0x020166a2       0x14 /opt/wonderful/toolchain/gcc-arm-none-eabi/lib/gcc/arm-none-eabi/13.2.0/../../../../arm-none-eabi/lib/thumb/arm946e-s/libc.a(libc_tinystdio_vfscanf.c.o)
 .text.skip_spaces
                0x020166b6       0x2a /opt/wonderful/toolchain/gcc-arm-none-eabi/lib/gcc/arm-none-eabi/13.2.0/../../../../arm-none-eabi/lib/thumb/arm946e-s/libc.a(libc_tinystdio_vfscanf.c.o)
 .text.vfscanf  0x020166e0      0x980 /opt/wonderful/toolchain/gcc-arm-none-eabi/lib/gcc/arm-none-eabi/13.2.0/../../../../arm-none-eabi/lib/thumb/arm946e-s/libc.a(libc_tinystdio_vfscanf.c.o)
                0x020166e0                __d_vfscanf
                0x020166e0                vfscanf
 .text.mulShift64
                0x02017060       0x64 /opt/wonderful/toolchain/gcc-arm-none-eabi/lib/gcc/arm-none-eabi/13.2.0/../../../../arm-none-eabi/lib/thumb/arm946e-s/libc.a(libc_tinystdio_atod_ryu.c.o)
 .text.__atod_engine
                0x020170c4      0x160 /opt/wonderful/toolchain/gcc-arm-none-eabi/lib/gcc/arm-none-eabi/13.2.0/../../../../arm-none-eabi/lib/thumb/arm946e-s/libc.a(libc_tinystdio_atod_ryu.c.o)
                0x020170c4                __atod_engine
 .text.__atof_engine
                0x02017224      0x11e /opt/wonderful/toolchain/gcc-arm-none-eabi/lib/gcc/arm-none-eabi/13.2.0/../../../../arm-none-eabi/lib/thumb/arm946e-s/libc.a(libc_tinystdio_atof_ryu.c.o)
                0x02017224                __atof_engine
 .text.mulShiftAll64
                0x02017342      0x1e6 /opt/wonderful/toolchain/gcc-arm-none-eabi/lib/gcc/arm-none-eabi/13.2.0/../../../../arm-none-eabi/lib/thumb/arm946e-s/libc.a(libc_tinystdio_dtoa_ryu.c.o)
 .text.div10    0x02017528       0x28 /opt/wonderful/toolchain/gcc-arm-none-eabi/lib/gcc/arm-none-eabi/13.2.0/../../../../arm-none-eabi/lib/thumb/arm946e-s/libc.a(libc_tinystdio_dtoa_ryu.c.o)
 .text.__dtoa_engine
                0x02017550      0x490 /opt/wonderful/toolchain/gcc-arm-none-eabi/lib/gcc/arm-none-eabi/13.2.0/../../../../arm-none-eabi/lib/thumb/arm946e-s/libc.a(libc_tinystdio_dtoa_ryu.c.o)
                0x02017550                __dtoa_engine
 .text.mulShift32
                0x020179e0       0x4a /opt/wonderful/toolchain/gcc-arm-none-eabi/lib/gcc/arm-none-eabi/13.2.0/../../../../arm-none-eabi/lib/thumb/arm946e-s/libc.a(libc_tinystdio_ryu_divpow2.c.o)
 .text.__mulPow5InvDivPow2
                0x02017a2a       0x28 /opt/wonderful/toolchain/gcc-arm-none-eabi/lib/gcc/arm-none-eabi/13.2.0/../../../../arm-none-eabi/lib/thumb/arm946e-s/libc.a(libc_tinystdio_ryu_divpow2.c.o)
                0x02017a2a                __mulPow5InvDivPow2
 .text.__mulPow5divPow2
                0x02017a52       0x20 /opt/wonderful/toolchain/gcc-arm-none-eabi/lib/gcc/arm-none-eabi/13.2.0/../../../../arm-none-eabi/lib/thumb/arm946e-s/libc.a(libc_tinystdio_ryu_divpow2.c.o)
                0x02017a52                __mulPow5divPow2
 *fill*         0x02017a72        0x2 ff
 .text.__log10Pow2
                0x02017a74        0xc /opt/wonderful/toolchain/gcc-arm-none-eabi/lib/gcc/arm-none-eabi/13.2.0/../../../../arm-none-eabi/lib/thumb/arm946e-s/libc.a(libc_tinystdio_ryu_log10.c.o)
                0x02017a74                __log10Pow2
 .text.__log10Pow5
                0x02017a80        0xc /opt/wonderful/toolchain/gcc-arm-none-eabi/lib/gcc/arm-none-eabi/13.2.0/../../../../arm-none-eabi/lib/thumb/arm946e-s/libc.a(libc_tinystdio_ryu_log10.c.o)
                0x02017a80                __log10Pow5
 .text.__log2pow5
                0x02017a8c        0xc /opt/wonderful/toolchain/gcc-arm-none-eabi/lib/gcc/arm-none-eabi/13.2.0/../../../../arm-none-eabi/lib/thumb/arm946e-s/libc.a(libc_tinystdio_ryu_log2pow5.c.o)
                0x02017a8c                __log2pow5
 .text.__ceil_log2pow5
                0x02017a98       0x10 /opt/wonderful/toolchain/gcc-arm-none-eabi/lib/gcc/arm-none-eabi/13.2.0/../../../../arm-none-eabi/lib/thumb/arm946e-s/libc.a(libc_tinystdio_ryu_log2pow5.c.o)
                0x02017a98                __ceil_log2pow5
 .text.__pow5bits
                0x02017aa8       0x10 /opt/wonderful/toolchain/gcc-arm-none-eabi/lib/gcc/arm-none-eabi/13.2.0/../../../../arm-none-eabi/lib/thumb/arm946e-s/libc.a(libc_tinystdio_ryu_pow5bits.c.o)
                0x02017aa8                __pow5bits
 .text.__pow5Factor
                0x02017ab8       0x2c /opt/wonderful/toolchain/gcc-arm-none-eabi/lib/gcc/arm-none-eabi/13.2.0/../../../../arm-none-eabi/lib/thumb/arm946e-s/libc.a(libc_tinystdio_ryu_table.c.o)
                0x02017ab8                __pow5Factor
 .text.__double_computePow5
                0x02017ae4       0xfc /opt/wonderful/toolchain/gcc-arm-none-eabi/lib/gcc/arm-none-eabi/13.2.0/../../../../arm-none-eabi/lib/thumb/arm946e-s/libc.a(libc_tinystdio_ryu_table.c.o)
                0x02017ae4                __double_computePow5
 .text.__double_computeInvPow5
                0x02017be0      0x100 /opt/wonderful/toolchain/gcc-arm-none-eabi/lib/gcc/arm-none-eabi/13.2.0/../../../../arm-none-eabi/lib/thumb/arm946e-s/libc.a(libc_tinystdio_ryu_table.c.o)
                0x02017be0                __double_computeInvPow5
 .text.__umul128
                0x02017ce0       0x70 /opt/wonderful/toolchain/gcc-arm-none-eabi/lib/gcc/arm-none-eabi/13.2.0/../../../../arm-none-eabi/lib/thumb/arm946e-s/libc.a(libc_tinystdio_ryu_umul128.c.o)
                0x02017ce0                __umul128
 .text.__shiftright128
                0x02017d50       0x28 /opt/wonderful/toolchain/gcc-arm-none-eabi/lib/gcc/arm-none-eabi/13.2.0/../../../../arm-none-eabi/lib/thumb/arm946e-s/libc.a(libc_tinystdio_ryu_umul128.c.o)
                0x02017d50                __shiftright128
 .text.__picolibc_non_atomic_exchange_ungetc
                0x02017d78        0x8 /opt/wonderful/toolchain/gcc-arm-none-eabi/lib/gcc/arm-none-eabi/13.2.0/../../../../arm-none-eabi/lib/thumb/arm946e-s/libc.a(libc_tinystdio_exchange.c.o)
                0x02017d78                __atomic_exchange_ungetc
                0x02017d78                __picolibc_non_atomic_exchange_ungetc
 .text.fdopen   0x02017d80       0xa0 /opt/wonderful/toolchain/gcc-arm-none-eabi/lib/gcc/arm-none-eabi/13.2.0/../../../../arm-none-eabi/lib/thumb/arm946e-s/libc.a(libc_tinystdio_fdopen.c.o)
                0x02017d80                fdopen
 .text.fopen    0x02017e20       0x2e /opt/wonderful/toolchain/gcc-arm-none-eabi/lib/gcc/arm-none-eabi/13.2.0/../../../../arm-none-eabi/lib/thumb/arm946e-s/libc.a(libc_tinystdio_fopen.c.o)
                0x02017e20                fopen
 *fill*         0x02017e4e        0x2 ff
 .text.sqrt     0x02017e50      0x164 /opt/wonderful/toolchain/gcc-arm-none-eabi/lib/gcc/arm-none-eabi/13.2.0/../../../../arm-none-eabi/lib/thumb/arm946e-s/libc.a(libm_machine_arm_s_sqrt.c.o)
                0x02017e50                sqrt
                0x02017e50                sqrtl
 .text.atan     0x02017fb4      0x304 /opt/wonderful/toolchain/gcc-arm-none-eabi/lib/gcc/arm-none-eabi/13.2.0/../../../../arm-none-eabi/lib/thumb/arm946e-s/libc.a(libm_math_s_atan.c.o)
                0x02017fb4                atanl
                0x02017fb4                atan
 .text.atan2    0x020182b8      0x190 /opt/wonderful/toolchain/gcc-arm-none-eabi/lib/gcc/arm-none-eabi/13.2.0/../../../../arm-none-eabi/lib/thumb/arm946e-s/libc.a(libm_math_s_atan2.c.o)
                0x020182b8                atan2l
                0x020182b8                atan2
 .text.cos      0x02018448       0x7c /opt/wonderful/toolchain/gcc-arm-none-eabi/lib/gcc/arm-none-eabi/13.2.0/../../../../arm-none-eabi/lib/thumb/arm946e-s/libc.a(libm_math_s_cos.c.o)
                0x02018448                cos
                0x02018448                cosl
                0x02018448                _cos
 .text.__rem_pio2
                0x020184c4      0x3c4 /opt/wonderful/toolchain/gcc-arm-none-eabi/lib/gcc/arm-none-eabi/13.2.0/../../../../arm-none-eabi/lib/thumb/arm946e-s/libc.a(libm_math_s_rem_pio2.c.o)
                0x020184c4                __rem_pio2
 .text.sin      0x02018888       0x84 /opt/wonderful/toolchain/gcc-arm-none-eabi/lib/gcc/arm-none-eabi/13.2.0/../../../../arm-none-eabi/lib/thumb/arm946e-s/libc.a(libm_math_s_sin.c.o)
                0x02018888                sinl
                0x02018888                sin
                0x02018888                _sin
 .text.__fpclassifyd
                0x0201890c       0x38 /opt/wonderful/toolchain/gcc-arm-none-eabi/lib/gcc/arm-none-eabi/13.2.0/../../../../arm-none-eabi/lib/thumb/arm946e-s/libc.a(libm_common_s_fpclassify.c.o)
                0x0201890c                __fpclassifyl
                0x0201890c                __fpclassifyd
 .text.__math_invalid
                0x02018944       0x10 /opt/wonderful/toolchain/gcc-arm-none-eabi/lib/gcc/arm-none-eabi/13.2.0/../../../../arm-none-eabi/lib/thumb/arm946e-s/libc.a(libm_common_math_err_invalid.c.o)
                0x02018944                __math_invalid
 .text.memmove  0x02018954       0x24 /opt/wonderful/toolchain/gcc-arm-none-eabi/lib/gcc/arm-none-eabi/13.2.0/../../../../arm-none-eabi/lib/thumb/arm946e-s/libc.a(memmove.c.o)
                0x02018954                memmove
                0x02018954                __aeabi_memmove8
                0x02018954                __aeabi_memmove
                0x02018954                __aeabi_memmove4
 .text.__libc_fini_array
                0x02018978       0x30 /opt/wonderful/toolchain/gcc-arm-none-eabi/lib/gcc/arm-none-eabi/13.2.0/../../../../arm-none-eabi/lib/thumb/arm946e-s/libc.a(libc_misc_fini.c.o)
                0x02018978                __libc_fini_array
 .text.unlikely.abort
                0x020189a8        0xe /opt/wonderful/toolchain/gcc-arm-none-eabi/lib/gcc/arm-none-eabi/13.2.0/../../../../arm-none-eabi/lib/thumb/arm946e-s/libc.a(libc_stdlib_abort.c.o)
                0x020189a8                abort
 .text.getenv   0x020189b6        0xa /opt/wonderful/toolchain/gcc-arm-none-eabi/lib/gcc/arm-none-eabi/13.2.0/../../../../arm-none-eabi/lib/thumb/arm946e-s/libc.a(libc_stdlib_getenv.c.o)
                0x020189b6                getenv
 .text._findenv
                0x020189c0       0x7c /opt/wonderful/toolchain/gcc-arm-none-eabi/lib/gcc/arm-none-eabi/13.2.0/../../../../arm-none-eabi/lib/thumb/arm946e-s/libc.a(libc_stdlib_getenv_r.c.o)
                0x020189c0                _findenv
 .text._strerror_r
                0x02018a3c      0x3c8 /opt/wonderful/toolchain/gcc-arm-none-eabi/lib/gcc/arm-none-eabi/13.2.0/../../../../arm-none-eabi/lib/thumb/arm946e-s/libc.a(libc_string_strerror.c.o)
                0x02018a3c                _strerror_r
 .text.strerror
                0x02018e04        0xc /opt/wonderful/toolchain/gcc-arm-none-eabi/lib/gcc/arm-none-eabi/13.2.0/../../../../arm-none-eabi/lib/thumb/arm946e-s/libc.a(libc_string_strerror.c.o)
                0x02018e04                strerror
 .text.strnlen  0x02018e10       0x16 /opt/wonderful/toolchain/gcc-arm-none-eabi/lib/gcc/arm-none-eabi/13.2.0/../../../../arm-none-eabi/lib/thumb/arm946e-s/libc.a(libc_string_strnlen.c.o)
                0x02018e10                strnlen
 .text._user_strerror
                0x02018e26        0x4 /opt/wonderful/toolchain/gcc-arm-none-eabi/lib/gcc/arm-none-eabi/13.2.0/../../../../arm-none-eabi/lib/thumb/arm946e-s/libc.a(libc_string_u_strerr.c.o)
                0x02018e26                _user_strerror
 *fill*         0x02018e2a        0x2 ff
 .text.__gettzinfo
                0x02018e2c        0x8 /opt/wonderful/toolchain/gcc-arm-none-eabi/lib/gcc/arm-none-eabi/13.2.0/../../../../arm-none-eabi/lib/thumb/arm946e-s/libc.a(libc_time_gettzinfo.c.o)
                0x02018e2c                __gettzinfo
 .text.__bufio_flush_locked
                0x02018e34       0x6a /opt/wonderful/toolchain/gcc-arm-none-eabi/lib/gcc/arm-none-eabi/13.2.0/../../../../arm-none-eabi/lib/thumb/arm946e-s/libc.a(libc_tinystdio_bufio.c.o)
                0x02018e34                __bufio_flush_locked
 .text.__bufio_fill_locked
                0x02018e9e       0x2c /opt/wonderful/toolchain/gcc-arm-none-eabi/lib/gcc/arm-none-eabi/13.2.0/../../../../arm-none-eabi/lib/thumb/arm946e-s/libc.a(libc_tinystdio_bufio.c.o)
                0x02018e9e                __bufio_fill_locked
 .text.__bufio_flush
                0x02018eca       0x1c /opt/wonderful/toolchain/gcc-arm-none-eabi/lib/gcc/arm-none-eabi/13.2.0/../../../../arm-none-eabi/lib/thumb/arm946e-s/libc.a(libc_tinystdio_bufio.c.o)
                0x02018eca                __bufio_flush
 .text.__bufio_setdir_locked
                0x02018ee6       0x1a /opt/wonderful/toolchain/gcc-arm-none-eabi/lib/gcc/arm-none-eabi/13.2.0/../../../../arm-none-eabi/lib/thumb/arm946e-s/libc.a(libc_tinystdio_bufio.c.o)
                0x02018ee6                __bufio_setdir_locked
 .text.__bufio_put
                0x02018f00       0x76 /opt/wonderful/toolchain/gcc-arm-none-eabi/lib/gcc/arm-none-eabi/13.2.0/../../../../arm-none-eabi/lib/thumb/arm946e-s/libc.a(libc_tinystdio_bufio.c.o)
                0x02018f00                __bufio_put
 *fill*         0x02018f76        0x2 ff
 .text.__bufio_get
                0x02018f78       0xb0 /opt/wonderful/toolchain/gcc-arm-none-eabi/lib/gcc/arm-none-eabi/13.2.0/../../../../arm-none-eabi/lib/thumb/arm946e-s/libc.a(libc_tinystdio_bufio.c.o)
                0x02018f78                __bufio_get
 .text.__bufio_seek
                0x02019028       0x6c /opt/wonderful/toolchain/gcc-arm-none-eabi/lib/gcc/arm-none-eabi/13.2.0/../../../../arm-none-eabi/lib/thumb/arm946e-s/libc.a(libc_tinystdio_bufio.c.o)
                0x02019028                __bufio_seek
 .text.__bufio_setvbuf
                0x02019094       0x8c /opt/wonderful/toolchain/gcc-arm-none-eabi/lib/gcc/arm-none-eabi/13.2.0/../../../../arm-none-eabi/lib/thumb/arm946e-s/libc.a(libc_tinystdio_bufio.c.o)
                0x02019094                __bufio_setvbuf
 .text.__bufio_close
                0x02019120       0x40 /opt/wonderful/toolchain/gcc-arm-none-eabi/lib/gcc/arm-none-eabi/13.2.0/../../../../arm-none-eabi/lib/thumb/arm946e-s/libc.a(libc_tinystdio_bufio.c.o)
                0x02019120                __bufio_close
 .text.__dtox_engine