Archive member included to satisfy reference by file (symbol)

/opt/wonderful/thirdparty/blocksds/external/nitro-engine/lib/libNE.a(NEGeneral.c.o)
                              build/DS_GAME/src/main.c.o (NE_Init3D)
/opt/wonderful/thirdparty/blocksds/external/nitro-engine/lib/libNE.a(NEDisplayList.c.o)
                              /opt/wonderful/thirdparty/blocksds/external/nitro-engine/lib/libNE.a(NEGeneral.c.o) (NE_DisplayListSetDefaultFunction)
/opt/wonderful/thirdparty/blocksds/external/nitro-engine/lib/libNE.a(NEModel.c.o)
                              build/DS_GAME/src/main.c.o (NE_ModelCreate)
/opt/wonderful/thirdparty/blocksds/external/nitro-engine/lib/libNE.a(NEGUI.c.o)
                              /opt/wonderful/thirdparty/blocksds/external/nitro-engine/lib/libNE.a(NEGeneral.c.o) (NE_GUIUpdate)
/opt/wonderful/thirdparty/blocksds/external/nitro-engine/lib/libNE.a(NEAnimation.c.o)
                              /opt/wonderful/thirdparty/blocksds/external/nitro-engine/lib/libNE.a(NEGeneral.c.o) (NE_AnimationSystemReset)
/opt/wonderful/thirdparty/blocksds/external/nitro-engine/lib/libNE.a(NEFAT.c.o)
                              /opt/wonderful/thirdparty/blocksds/external/nitro-engine/lib/libNE.a(NEModel.c.o) (NE_FATLoadData)
/opt/wonderful/thirdparty/blocksds/external/nitro-engine/lib/libNE.a(dsma.c.o)
                              /opt/wonderful/thirdparty/blocksds/external/nitro-engine/lib/libNE.a(NEModel.c.o) (DSMA_DrawModel)
/opt/wonderful/thirdparty/blocksds/external/nitro-engine/lib/libNE.a(NEPolygon.c.o)
                              /opt/wonderful/thirdparty/blocksds/external/nitro-engine/lib/libNE.a(NEGeneral.c.o) (NE_LightOff)
/opt/wonderful/thirdparty/blocksds/external/nitro-engine/lib/libNE.a(NETexture.c.o)
                              build/DS_GAME/src/main.c.o (NE_MaterialCreate)
/opt/wonderful/thirdparty/blocksds/external/nitro-engine/lib/libNE.a(NE2D.c.o)
                              /opt/wonderful/thirdparty/blocksds/external/nitro-engine/lib/libNE.a(NEGeneral.c.o) (NE_SpriteSystemReset)
/opt/wonderful/thirdparty/blocksds/external/nitro-engine/lib/libNE.a(NEText.c.o)
                              /opt/wonderful/thirdparty/blocksds/external/nitro-engine/lib/libNE.a(NEGeneral.c.o) (NE_TextPriorityReset)
/opt/wonderful/thirdparty/blocksds/external/nitro-engine/lib/libNE.a(NECamera.c.o)
                              build/DS_GAME/src/main.c.o (NE_CameraCreate)
/opt/wonderful/thirdparty/blocksds/external/nitro-engine/lib/libNE.a(NEPhysics.c.o)
                              /opt/wonderful/thirdparty/blocksds/external/nitro-engine/lib/libNE.a(NEGeneral.c.o) (NE_PhysicsSystemReset)
/opt/wonderful/thirdparty/blocksds/external/nitro-engine/lib/libNE.a(NEAlloc.c.o)
                              /opt/wonderful/thirdparty/blocksds/external/nitro-engine/lib/libNE.a(NETexture.c.o) (NE_AllocInit)
/opt/wonderful/thirdparty/blocksds/external/nitro-engine/lib/libNE.a(NEPalette.c.o)
                              /opt/wonderful/thirdparty/blocksds/external/nitro-engine/lib/libNE.a(NETexture.c.o) (NE_PaletteLoadSize)
/opt/wonderful/thirdparty/blocksds/core/libs/maxmod/lib/libmm9.a(mm_main9.s.o)
                              build/DS_GAME/src/main.c.o (mmInitDefault)
/opt/wonderful/thirdparty/blocksds/core/libs/maxmod/lib/libmm9.a(mm_comms.s.o)
                              /opt/wonderful/thirdparty/blocksds/core/libs/maxmod/lib/libmm9.a(mm_main9.s.o) (mmSetupComms)
/opt/wonderful/thirdparty/blocksds/core/libs/maxmod/lib/libmm9.a(mm_memory.s.o)
                              build/DS_GAME/src/main.c.o (mmLoad)
/opt/wonderful/thirdparty/blocksds/core/libs/maxmod/lib/libmm9.a(mm_flusher.s.o)
                              /opt/wonderful/thirdparty/blocksds/core/libs/maxmod/lib/libmm9.a(mm_memory.s.o) (mmFlushBank)
/opt/wonderful/thirdparty/blocksds/core/libs/maxmod/lib/libmm9.a(mm_soundbank.s.o)
                              /opt/wonderful/thirdparty/blocksds/core/libs/maxmod/lib/libmm9.a(mm_main9.s.o) (mmSoundBankInMemory)
/opt/wonderful/thirdparty/blocksds/core/libs/libnds/lib/libnds9.a(IntrWait.s.o)
                              build/DS_GAME/src/chloe_filesystem.c.o (swiWaitForVBlank)
/opt/wonderful/thirdparty/blocksds/core/libs/libnds/lib/libnds9.a(mpu_setup.s.o)
                              /opt/wonderful/thirdparty/blocksds/core/sys/crts/ds_arm9_crt0.o (__libnds_mpu_setup)
/opt/wonderful/thirdparty/blocksds/core/libs/libnds/lib/libnds9.a(cp15.s.o)
                              /opt/wonderful/thirdparty/blocksds/core/libs/libnds/lib/libnds9.a(mpu_setup.s.o) (CP15_CleanAndFlushDCache)
/opt/wonderful/thirdparty/blocksds/core/libs/libnds/lib/libnds9.a(dma.s.o)
                              /opt/wonderful/thirdparty/blocksds/external/nitro-engine/lib/libNE.a(NEGeneral.c.o) (dmaSetParams)
/opt/wonderful/thirdparty/blocksds/core/libs/libnds/lib/libnds9.a(memcpy.s.o)
                              /opt/wonderful/thirdparty/blocksds/external/nitro-engine/lib/libNE.a(NEModel.c.o) (memcpy)
[...]
Memory Configuration

Name             Origin             Length             Attributes
ewram            0x02000000         0x00380000
dtcm             0x02ff0000         0x00004000
vectors          0x01000000         0x00000100
itcm             0x01000100         0x00007f00
*default*        0x00000000         0xffffffff

Linker script and memory map

                0x02380000                        __ewram_end = (ORIGIN (ewram) + LENGTH (ewram))
                0x02380000                        __eheap_end = (ORIGIN (ewram) + LENGTH (ewram))
                0x02ff4000                        __dtcm_top = (ORIGIN (dtcm) + LENGTH (dtcm))
                0x02ff3ff8                        __irq_flags = (__dtcm_top - 0x8)
                0x02ff3ffc                        __irq_vector = (__dtcm_top - 0x4)
                0x02ff3f00                        __sp_svc = (__dtcm_top - 0x100)
                0x02ff3e00                        __sp_irq = (__sp_svc - 0x100)
                0x02ff3d00                        __sp_usr = (__sp_irq - 0x100)

.secure         0x02000000      0x800
 *(.secure)
 .secure        0x02000000      0x800 /opt/wonderful/thirdparty/blocksds/core/libs/libnds/lib/libnds9.a(securearea.c.o)
                0x02000000                __secure_area__

.crt0           0x02000800      0x314
                0x02000800                        __text_start = .
 *(.crt0)
 .crt0          0x02000800      0x314 /opt/wonderful/thirdparty/blocksds/core/sys/crts/ds_arm9_crt0.o
                0x02000800                _start
                0x02000b14                        . = ALIGN (0x4)
                0x00004000                        PROVIDE (__dldi_size = 0x4000)
                0x0000000e                        __dldi_log2_size = (LOG2CEIL ((__dldi_size + 0x1)) - 0x1)

.dldi           0x02000b40     0x4000
                0x02000b40                        __dldi_start = .
 *(.dldi)
 .dldi          0x02000b40       0x88 /opt/wonderful/thirdparty/blocksds/core/libs/libnds/lib/libnds9.a(dldi_stub.s.o)
                0x02000b40                _io_dldi_stub
                0x02000bc8                        . = ALIGN (0x4)
                0x02000bc8                        __dldi_data_end = .
                0x02004b40                        __dldi_end = (__dldi_data_end > __dldi_start)?(__dldi_start + __dldi_size):__dldi_start
                0x02004b40                        . = __dldi_end
 *fill*         0x02000bc8     0x3f78 00
                0x02004b40                        . = ALIGN (0x4)

.plt
 *(.plt)

.init           0x02004b40        0x8
 *(SORT_NONE(.init))
 .init          0x02004b40        0x8 /opt/wonderful/toolchain/gcc-arm-none-eabi/lib/gcc/arm-none-eabi/13.2.0/thumb/arm946e-s/crtn.o

.text           0x02004b48     0xff48
 *(EXCLUDE_FILE(*.twl* *.vectors* *.itcm*) .text)
 .text          0x02004b48      0x108 /opt/wonderful/thirdparty/blocksds/core/libs/maxmod/lib/libmm9.a(mm_main9.s.o)
                0x02004b48                mmActive
                0x02004b4e                mmSetEventHandler
                0x02004b54                mmInit
                0x02004b7e                mmInitDefault
                0x02004bc8                mmInitDefaultMem
                0x02004bea                mmSuspendIRQ_t
                0x02004c08                mmRestoreIRQ_t
 .text          0x02004c50      0x24c /opt/wonderful/thirdparty/blocksds/core/libs/maxmod/lib/libmm9.a(mm_comms.s.o)
                0x02004c50                mmSetupComms
                0x02004ca2                mmSendBank
                0x02004cac                mmLockChannels
                0x02004cb2                mmUnlockChannels
                0x02004cb8                mmStart
                0x02004cc2                mmPause
                0x02004cc6                mmResume
                0x02004cca                mmStop
                0x02004cce                mmPosition
                0x02004cd2                mmJingle
                0x02004cd6                mmSetModuleVolume
                0x02004cda                mmSetJingleVolume
                0x02004cde                mmSetModuleTempo
                0x02004ce2                mmSetModulePitch
                0x02004ce6                mmSetEffectsVolume
                0x02004cea                mmSelectMode
                0x02004cee                mmStreamBegin
                0x02004d02                mmStreamEnd
                0x02004d58                mmEffect
                0x02004d7c                mmEffectVolume
                0x02004d80                mmEffectPanning
                0x02004d84                mmEffectRate
                0x02004d8e                mmEffectScaleRate
                0x02004d98                mmEffectRelease
                0x02004d9e                mmEffectCancel
                0x02004da4                mmEffectEx
                0x02004de2                mmEffectCancelAll
                0x02004de6                mmReverbEnable
                0x02004dea                mmReverbDisable
                0x02004dee                mmReverbConfigure
                0x02004e4a                mmReverbStart
                0x02004e4e                mmReverbStop
 .text          0x02004e9c      0x120 /opt/wonderful/thirdparty/blocksds/core/libs/maxmod/lib/libmm9.a(mm_memory.s.o)
                0x02004e9c                mmLoad
                0x02004eec                mmUnload
                0x02004f44                mmLoadEffect
                0x02004f7c                mmUnloadEffect
 .text          0x02004fbc       0x3c /opt/wonderful/thirdparty/blocksds/core/libs/maxmod/lib/libmm9.a(mm_flusher.s.o)
                0x02004fbc                mmFlushBank
 .text          0x02004ff8      0x100 /opt/wonderful/thirdparty/blocksds/core/libs/maxmod/lib/libmm9.a(mm_soundbank.s.o)
                0x02004ff8                mmSoundBankInMemory
                0x02005000                mmSoundBankInFiles
                0x02005012                mmSetCustomSoundBankHandler
                0x0200503e                mmsHandleFileOp
 .text          0x020050f8        0xe /opt/wonderful/toolchain/gcc-arm-none-eabi/lib/gcc/arm-none-eabi/13.2.0/../../../../arm-none-eabi/lib/thumb/arm946e-s/libc.a(strlen.S.o)
                0x020050f8                strlen
 *fill*         0x02005106        0x2 ff
 .text          0x02005108       0x14 /opt/wonderful/toolchain/gcc-arm-none-eabi/lib/gcc/arm-none-eabi/13.2.0/thumb/arm946e-s/libgcc.a(_thumb1_case_uqi.o)
                0x02005108                __gnu_thumb1_case_uqi
 .text          0x0200511c       0x14 /opt/wonderful/toolchain/gcc-arm-none-eabi/lib/gcc/arm-none-eabi/13.2.0/thumb/arm946e-s/libgcc.a(_thumb1_case_uhi.o)
                0x0200511c                __gnu_thumb1_case_uhi
 .text          0x02005130      0x214 /opt/wonderful/toolchain/gcc-arm-none-eabi/lib/gcc/arm-none-eabi/13.2.0/thumb/arm946e-s/libgcc.a(_udivsi3.o)
                0x02005130                __udivsi3
                0x02005130                __aeabi_uidiv
                0x02005324                __aeabi_uidivmod
 .text          0x02005344      0x248 /opt/wonderful/toolchain/gcc-arm-none-eabi/lib/gcc/arm-none-eabi/13.2.0/thumb/arm946e-s/libgcc.a(_divsi3.o)
                0x02005344                __aeabi_idiv
                0x02005344                __divsi3
                0x0200556c                __aeabi_idivmod
 .text          0x0200558c        0x4 /opt/wonderful/toolchain/gcc-arm-none-eabi/lib/gcc/arm-none-eabi/13.2.0/thumb/arm946e-s/libgcc.a(_dvmd_tls.o)
                0x0200558c                __aeabi_ldiv0
                0x0200558c                __aeabi_idiv0
 .text          0x02005590       0x18 /opt/wonderful/toolchain/gcc-arm-none-eabi/lib/gcc/arm-none-eabi/13.2.0/thumb/arm946e-s/libgcc.a(_lshrdi3.o)
                0x02005590                __aeabi_llsr
                0x02005590                __lshrdi3
 .text          0x020055a8       0x1c /opt/wonderful/toolchain/gcc-arm-none-eabi/lib/gcc/arm-none-eabi/13.2.0/thumb/arm946e-s/libgcc.a(_ashrdi3.o)
                0x020055a8                __ashrdi3
                0x020055a8                __aeabi_lasr
 .text          0x020055c4       0x18 /opt/wonderful/toolchain/gcc-arm-none-eabi/lib/gcc/arm-none-eabi/13.2.0/thumb/arm946e-s/libgcc.a(_ashldi3.o)
                0x020055c4                __ashldi3
                0x020055c4                __aeabi_llsl
 .text          0x020055dc      0x3c0 /opt/wonderful/toolchain/gcc-arm-none-eabi/lib/gcc/arm-none-eabi/13.2.0/thumb/arm946e-s/libgcc.a(_arm_addsubdf3.o)
                0x020055dc                __aeabi_drsub
                0x020055e4                __subdf3
                0x020055e4                __aeabi_dsub
                0x020055e8                __adddf3
                0x020055e8                __aeabi_dadd
                0x02005894                __aeabi_ui2d
                0x02005894                __floatunsidf
                0x020058b8                __floatsidf
                0x020058b8                __aeabi_i2d
                0x020058e0                __extendsfdf2
                0x020058e0                __aeabi_f2d
                0x02005928                __aeabi_ul2d
                0x02005928                __floatundidf
                0x0200593c                __aeabi_l2d
                0x0200593c                __floatdidf
 .text          0x0200599c       0xa0 /opt/wonderful/toolchain/gcc-arm-none-eabi/lib/gcc/arm-none-eabi/13.2.0/thumb/arm946e-s/libgcc.a(_arm_truncdfsf2.o)
                0x0200599c                __aeabi_d2f
                0x0200599c                __truncdfsf2
 .text          0x02005a3c      0x250 /opt/wonderful/toolchain/gcc-arm-none-eabi/lib/gcc/arm-none-eabi/13.2.0/thumb/arm946e-s/libgcc.a(_arm_addsubsf3.o)
                0x02005a3c                __aeabi_frsub
                0x02005a44                __subsf3
                0x02005a44                __aeabi_fsub
                0x02005a48                __aeabi_fadd
                0x02005a48                __addsf3
                0x02005bd8                __floatunsisf
                0x02005bd8                __aeabi_ui2f
                0x02005be0                __floatsisf
                0x02005be0                __aeabi_i2f
                0x02005c00                __floatundisf
                0x02005c00                __aeabi_ul2f
                0x02005c10                __floatdisf
                0x02005c10                __aeabi_l2f
 .text          0x02005c8c      0x2f8 /opt/wonderful/toolchain/gcc-arm-none-eabi/lib/gcc/arm-none-eabi/13.2.0/thumb/arm946e-s/libgcc.a(_arm_muldivsf3.o)
                0x02005c8c                __mulsf3
                0x02005c8c                __aeabi_fmul
                0x02005e24                __aeabi_fdiv
                0x02005e24                __divsf3
 .text          0x02005f84       0x5c /opt/wonderful/toolchain/gcc-arm-none-eabi/lib/gcc/arm-none-eabi/13.2.0/thumb/arm946e-s/libgcc.a(_arm_fixsfsi.o)
                0x02005f84                __fixsfsi
                0x02005f84                __aeabi_f2iz
 .text          0x02005fe0        0x8 /opt/wonderful/toolchain/gcc-arm-none-eabi/lib/gcc/arm-none-eabi/13.2.0/thumb/arm946e-s/libgcc.a(_clzsi2.o)
                0x02005fe0                __clzsi2
 .text          0x02005fe8       0x14 /opt/wonderful/toolchain/gcc-arm-none-eabi/lib/gcc/arm-none-eabi/13.2.0/thumb/arm946e-s/libgcc.a(_clzdi2.o)
                0x02005fe8                __clzdi2
 .text          0x02005ffc       0xd4 /opt/wonderful/toolchain/gcc-arm-none-eabi/lib/gcc/arm-none-eabi/13.2.0/thumb/arm946e-s/libgcc.a(_aeabi_ldivmod.o)
                0x02005ffc                __aeabi_ldivmod
 .text          0x020060d0       0x3c /opt/wonderful/toolchain/gcc-arm-none-eabi/lib/gcc/arm-none-eabi/13.2.0/thumb/arm946e-s/libgcc.a(_aeabi_uldivmod.o)
                0x020060d0                __aeabi_uldivmod
 .text          0x0200610c       0x60 /opt/wonderful/toolchain/gcc-arm-none-eabi/lib/gcc/arm-none-eabi/13.2.0/thumb/arm946e-s/libgcc.a(_muldi3.o)
                0x0200610c                __aeabi_lmul
                0x0200610c                __muldi3
 .text          0x0200616c      0x198 /opt/wonderful/toolchain/gcc-arm-none-eabi/lib/gcc/arm-none-eabi/13.2.0/thumb/arm946e-s/libgcc.a(_udivmoddi4.o)
                0x0200616c                __udivmoddi4
 *(EXCLUDE_FILE(*.twl* *.vectors* *.itcm*) .stub)
 *(EXCLUDE_FILE(*.twl* *.vectors* *.itcm*) .text.*)
 .text.Draw3DScene
                0x02006304       0x9c build/DS_GAME/src/main.c.o
                0x02006304                Draw3DScene
 .text.Update3DScene
                0x020063a0       0x64 build/DS_GAME/src/main.c.o
                0x020063a0                Update3DScene
 .text.Init3DScene
                0x02006404       0xc0 build/DS_GAME/src/main.c.o
                0x02006404                Init3DScene
 .text.startup.main
                0x020064c4      0x104 build/DS_GAME/src/main.c.o
                0x020064c4                main
 .text.WaitForNitro
                0x020065c8       0x34 build/DS_GAME/src/chloe_filesystem.c.o
                0x020065c8                WaitForNitro
 .text.glFrustumf32
                0x020065fc      0x160 /opt/wonderful/thirdparty/blocksds/external/nitro-engine/lib/libNE.a(NEGeneral.c.o)
 .text.ne_systems_reset_all
                0x0200675c       0x84 /opt/wonderful/thirdparty/blocksds/external/nitro-engine/lib/libNE.a(NEGeneral.c.o)
 .text.NE_End.part.0
                0x020067e0      0x124 /opt/wonderful/thirdparty/blocksds/external/nitro-engine/lib/libNE.a(NEGeneral.c.o)
 .text.ne_process_common
                0x02006904      0x138 /opt/wonderful/thirdparty/blocksds/external/nitro-engine/lib/libNE.a(NEGeneral.c.o)
 .text.NE_CurrentExecutionMode
                0x02006a3c        0xc /opt/wonderful/thirdparty/blocksds/external/nitro-engine/lib/libNE.a(NEGeneral.c.o)
                0x02006a3c                NE_CurrentExecutionMode
 .text.NE_Viewport
                0x02006a48      0x114 /opt/wonderful/thirdparty/blocksds/external/nitro-engine/lib/libNE.a(NEGeneral.c.o)
                0x02006a48                NE_Viewport
 .text.ne_init_registers
                0x02006b5c      0x1a8 /opt/wonderful/thirdparty/blocksds/external/nitro-engine/lib/libNE.a(NEGeneral.c.o)
 .text.NE_Init3D
                0x02006d04       0x5c /opt/wonderful/thirdparty/blocksds/external/nitro-engine/lib/libNE.a(NEGeneral.c.o)
                0x02006d04                NE_Init3D
 .text.NE_ProcessArg
                0x02006d60       0x1c /opt/wonderful/thirdparty/blocksds/external/nitro-engine/lib/libNE.a(NEGeneral.c.o)
                0x02006d60                NE_ProcessArg
 .text.NE_VBLFunc
                0x02006d7c       0xa0 /opt/wonderful/thirdparty/blocksds/external/nitro-engine/lib/libNE.a(NEGeneral.c.o)
                0x02006d7c                NE_VBLFunc
 .text.NE_HBLFunc
                0x02006e1c       0xb0 /opt/wonderful/thirdparty/blocksds/external/nitro-engine/lib/libNE.a(NEGeneral.c.o)
                0x02006e1c                NE_HBLFunc
 .text.NE_WaitForVBL
                0x02006ecc       0x84 /opt/wonderful/thirdparty/blocksds/external/nitro-engine/lib/libNE.a(NEGeneral.c.o)
                0x02006ecc                NE_WaitForVBL
 .text.NE_DisplayListDrawCPU
                0x02006f50       0x18 /opt/wonderful/thirdparty/blocksds/external/nitro-engine/lib/libNE.a(NEDisplayList.c.o)
                0x02006f50                NE_DisplayListDrawCPU
 .text.NE_DisplayListDrawDMA_GFX_FIFO
                0x02006f68       0x60 /opt/wonderful/thirdparty/blocksds/external/nitro-engine/lib/libNE.a(NEDisplayList.c.o)
                0x02006f68                NE_DisplayListDrawDMA_GFX_FIFO
 .text.NE_DisplayListSetDefaultFunction
                0x02006fc8       0x1c /opt/wonderful/thirdparty/blocksds/external/nitro-engine/lib/libNE.a(NEDisplayList.c.o)
                0x02006fc8                NE_DisplayListSetDefaultFunction
 .text.NE_DisplayListDrawDefault
                0x02006fe4       0x10 /opt/wonderful/thirdparty/blocksds/external/nitro-engine/lib/libNE.a(NEDisplayList.c.o)
                0x02006fe4                NE_DisplayListDrawDefault
 .text.NE_ModelDelete.part.0
                0x02006ff4       0x7c /opt/wonderful/thirdparty/blocksds/external/nitro-engine/lib/libNE.a(NEModel.c.o)
 .text.NE_ModelCreate
                0x02007070       0x80 /opt/wonderful/thirdparty/blocksds/external/nitro-engine/lib/libNE.a(NEModel.c.o)
                0x02007070                NE_ModelCreate
 .text.NE_ModelLoadStaticMeshFAT
                0x020070f0       0x9c /opt/wonderful/thirdparty/blocksds/external/nitro-engine/lib/libNE.a(NEModel.c.o)
                0x020070f0                NE_ModelLoadStaticMeshFAT
 .text.NE_ModelSetMaterial
                0x0200718c        0x4 /opt/wonderful/thirdparty/blocksds/external/nitro-engine/lib/libNE.a(NEModel.c.o)
                0x0200718c                NE_ModelSetMaterial
 .text.NE_ModelDraw
                0x02007190      0x184 /opt/wonderful/thirdparty/blocksds/external/nitro-engine/lib/libNE.a(NEModel.c.o)
                0x02007190                NE_ModelDraw
 .text.NE_ModelSetCoordI
                0x02007314        0x8 /opt/wonderful/thirdparty/blocksds/external/nitro-engine/lib/libNE.a(NEModel.c.o)
                0x02007314                NE_ModelSetCoordI
 .text.NE_ModelSetRot
                0x0200731c        0x8 /opt/wonderful/thirdparty/blocksds/external/nitro-engine/lib/libNE.a(NEModel.c.o)
                0x0200731c                NE_ModelSetRot
 .text.NE_ModelAnimateAll
                0x02007324       0xa0 /opt/wonderful/thirdparty/blocksds/external/nitro-engine/lib/libNE.a(NEModel.c.o)
                0x02007324                NE_ModelAnimateAll
 .text.NE_ModelSystemReset
                0x020073c4       0xbc /opt/wonderful/thirdparty/blocksds/external/nitro-engine/lib/libNE.a(NEModel.c.o)
                0x020073c4                NE_ModelSystemReset
 .text.NE_ModelSystemEnd
                0x02007480       0x50 /opt/wonderful/thirdparty/blocksds/external/nitro-engine/lib/libNE.a(NEModel.c.o)
                0x02007480                NE_ModelSystemEnd
 .text.NE_ResetRadioButtonGroup
                0x020074d0       0x3c /opt/wonderful/thirdparty/blocksds/external/nitro-engine/lib/libNE.a(NEGUI.c.o)
 .text.NE_GUIDeleteAll.part.0
                0x0200750c       0x38 /opt/wonderful/thirdparty/blocksds/external/nitro-engine/lib/libNE.a(NEGUI.c.o)
 .text.NE_GUIUpdate
                0x02007544      0x59c /opt/wonderful/thirdparty/blocksds/external/nitro-engine/lib/libNE.a(NEGUI.c.o)
                0x02007544                NE_GUIUpdate
 .text.NE_GUISystemReset
                0x02007ae0       0x54 /opt/wonderful/thirdparty/blocksds/external/nitro-engine/lib/libNE.a(NEGUI.c.o)
                0x02007ae0                NE_GUISystemReset
 .text.NE_GUISystemEnd
                0x02007b34       0x24 /opt/wonderful/thirdparty/blocksds/external/nitro-engine/lib/libNE.a(NEGUI.c.o)
                0x02007b34                NE_GUISystemEnd
 .text.NE_AnimationDelete.part.0
                0x02007b58       0x44 /opt/wonderful/thirdparty/blocksds/external/nitro-engine/lib/libNE.a(NEAnimation.c.o)
 .text.NE_AnimationSystemReset
                0x02007b9c       0x90 /opt/wonderful/thirdparty/blocksds/external/nitro-engine/lib/libNE.a(NEAnimation.c.o)
                0x02007b9c                NE_AnimationSystemReset
 .text.NE_AnimationSystemEnd
                0x02007c2c       0x44 /opt/wonderful/thirdparty/blocksds/external/nitro-engine/lib/libNE.a(NEAnimation.c.o)
                0x02007c2c                NE_AnimationSystemEnd
 .text.NE_FATLoadData
                0x02007c70       0x58 /opt/wonderful/thirdparty/blocksds/external/nitro-engine/lib/libNE.a(NEFAT.c.o)
                0x02007c70                NE_FATLoadData
 .text.NE_LightOff
                0x02007cc8       0x14 /opt/wonderful/thirdparty/blocksds/external/nitro-engine/lib/libNE.a(NEPolygon.c.o)
                0x02007cc8                NE_LightOff
 .text.NE_LightSetI
                0x02007cdc       0x38 /opt/wonderful/thirdparty/blocksds/external/nitro-engine/lib/libNE.a(NEPolygon.c.o)
                0x02007cdc                NE_LightSetI
 .text.NE_ShininessTableGenerate
                0x02007d14       0xa4 /opt/wonderful/thirdparty/blocksds/external/nitro-engine/lib/libNE.a(NEPolygon.c.o)
                0x02007d14                NE_ShininessTableGenerate
 .text.NE_PolyFormat
                0x02007db8       0x1c /opt/wonderful/thirdparty/blocksds/external/nitro-engine/lib/libNE.a(NEPolygon.c.o)
                0x02007db8                NE_PolyFormat
 .text.NE_OutliningSetColor
                0x02007dd4       0x14 /opt/wonderful/thirdparty/blocksds/external/nitro-engine/lib/libNE.a(NEPolygon.c.o)
                0x02007dd4                NE_OutliningSetColor
 .text.NE_FogEnableBackground
                0x02007de8       0x28 /opt/wonderful/thirdparty/blocksds/external/nitro-engine/lib/libNE.a(NEPolygon.c.o)
                0x02007de8                NE_FogEnableBackground
 .text.NE_ClearColorSet
                0x02007e10       0x38 /opt/wonderful/thirdparty/blocksds/external/nitro-engine/lib/libNE.a(NEPolygon.c.o)
                0x02007e10                NE_ClearColorSet
 .text.NE_ClearBMPEnable
                0x02007e48       0x50 /opt/wonderful/thirdparty/blocksds/external/nitro-engine/lib/libNE.a(NEPolygon.c.o)
                0x02007e48                NE_ClearBMPEnable
 .text.ne_texture_delete
                0x02007e98       0x94 /opt/wonderful/thirdparty/blocksds/external/nitro-engine/lib/libNE.a(NETexture.c.o)
 .text.NE_TextureSystemEnd.part.0
                0x02007f2c       0x5c /opt/wonderful/thirdparty/blocksds/external/nitro-engine/lib/libNE.a(NETexture.c.o)
 .text.NE_MaterialTexLoad.part.0
                0x02007f88      0x1c0 /opt/wonderful/thirdparty/blocksds/external/nitro-engine/lib/libNE.a(NETexture.c.o)
 .text.NE_MaterialCreate
                0x02008148       0x6c /opt/wonderful/thirdparty/blocksds/external/nitro-engine/lib/libNE.a(NETexture.c.o)
                0x02008148                NE_MaterialCreate
 .text.NE_MaterialTex4x4Load
                0x020081b4      0x2dc /opt/wonderful/thirdparty/blocksds/external/nitro-engine/lib/libNE.a(NETexture.c.o)
                0x020081b4                NE_MaterialTex4x4Load
 .text.NE_MaterialTexLoad
                0x02008490       0x3c /opt/wonderful/thirdparty/blocksds/external/nitro-engine/lib/libNE.a(NETexture.c.o)
                0x02008490                NE_MaterialTexLoad
 .text.NE_MaterialUse
                0x020084cc       0x74 /opt/wonderful/thirdparty/blocksds/external/nitro-engine/lib/libNE.a(NETexture.c.o)
                0x020084cc                NE_MaterialUse
 .text.NE_TextureSystemReset
                0x02008540      0x1c4 /opt/wonderful/thirdparty/blocksds/external/nitro-engine/lib/libNE.a(NETexture.c.o)
                0x02008540                NE_TextureSystemReset
 .text.NE_TextureSystemEnd
                0x02008704       0x14 /opt/wonderful/thirdparty/blocksds/external/nitro-engine/lib/libNE.a(NETexture.c.o)
                0x02008704                NE_TextureSystemEnd
 .text.NE_MaterialSetDefaultProperties
                0x02008718       0x40 /opt/wonderful/thirdparty/blocksds/external/nitro-engine/lib/libNE.a(NETexture.c.o)
                0x02008718                NE_MaterialSetDefaultProperties
 .text.NE_SpriteDeleteAll.part.0
                0x02008758       0x5c /opt/wonderful/thirdparty/blocksds/external/nitro-engine/lib/libNE.a(NE2D.c.o)
 .text.NE_SpriteSystemReset
                0x020087b4       0x54 /opt/wonderful/thirdparty/blocksds/external/nitro-engine/lib/libNE.a(NE2D.c.o)
                0x020087b4                NE_SpriteSystemReset
 .text.NE_SpriteSystemEnd
                0x02008808       0x24 /opt/wonderful/thirdparty/blocksds/external/nitro-engine/lib/libNE.a(NE2D.c.o)
                0x02008808                NE_SpriteSystemEnd
 .text.NE_TextPriorityReset
                0x0200882c        0xc /opt/wonderful/thirdparty/blocksds/external/nitro-engine/lib/libNE.a(NEText.c.o)
                0x0200882c                NE_TextPriorityReset
 .text.NE_TextResetSystem
                0x02008838       0x1c /opt/wonderful/thirdparty/blocksds/external/nitro-engine/lib/libNE.a(NEText.c.o)
                0x02008838                NE_TextResetSystem
 .text.NE_CameraSystemEnd.part.0
                0x02008854       0x68 /opt/wonderful/thirdparty/blocksds/external/nitro-engine/lib/libNE.a(NECamera.c.o)
 .text.NE_CameraCreate
                0x020088bc       0x54 /opt/wonderful/thirdparty/blocksds/external/nitro-engine/lib/libNE.a(NECamera.c.o)
                0x020088bc                NE_CameraCreate
 .text.NE_CameraSetI
                0x02008910       0x28 /opt/wonderful/thirdparty/blocksds/external/nitro-engine/lib/libNE.a(NECamera.c.o)
                0x02008910                NE_CameraSetI
 .text.NE_CameraUse
                0x02008938      0x4c4 /opt/wonderful/thirdparty/blocksds/external/nitro-engine/lib/libNE.a(NECamera.c.o)
                0x02008938                NE_CameraUse
 .text.NE_CameraSystemReset
                0x02008dfc       0x48 /opt/wonderful/thirdparty/blocksds/external/nitro-engine/lib/libNE.a(NECamera.c.o)
                0x02008dfc                NE_CameraSystemReset
 .text.NE_CameraSystemEnd
                0x02008e44       0x14 /opt/wonderful/thirdparty/blocksds/external/nitro-engine/lib/libNE.a(NECamera.c.o)
                0x02008e44                NE_CameraSystemEnd
 .text.NE_ViewRotate
                0x02008e58       0xb4 /opt/wonderful/thirdparty/blocksds/external/nitro-engine/lib/libNE.a(NECamera.c.o)
                0x02008e58                NE_ViewRotate
 .text.NE_PhysicsUpdate.part.0
                0x02008f0c      0x484 /opt/wonderful/thirdparty/blocksds/external/nitro-engine/lib/libNE.a(NEPhysics.c.o)
 .text.NE_PhysicsDeleteAll.part.0
                0x02009390       0x5c /opt/wonderful/thirdparty/blocksds/external/nitro-engine/lib/libNE.a(NEPhysics.c.o)
 .text.NE_PhysicsSystemReset
                0x020093ec       0x54 /opt/wonderful/thirdparty/blocksds/external/nitro-engine/lib/libNE.a(NEPhysics.c.o)
                0x020093ec                NE_PhysicsSystemReset
 .text.NE_PhysicsSystemEnd
                0x02009440       0x24 /opt/wonderful/thirdparty/blocksds/external/nitro-engine/lib/libNE.a(NEPhysics.c.o)
                0x02009440                NE_PhysicsSystemEnd
 .text.NE_PhysicsUpdateAll
                0x02009464       0x40 /opt/wonderful/thirdparty/blocksds/external/nitro-engine/lib/libNE.a(NEPhysics.c.o)
                0x02009464                NE_PhysicsUpdateAll
 .text.NE_Free.part.0
                0x020094a4       0x84 /opt/wonderful/thirdparty/blocksds/external/nitro-engine/lib/libNE.a(NEAlloc.c.o)
 .text.NE_AllocInit
                0x02009528       0x44 /opt/wonderful/thirdparty/blocksds/external/nitro-engine/lib/libNE.a(NEAlloc.c.o)
                0x02009528                NE_AllocInit
 .text.NE_AllocEnd
                0x0200956c       0x28 /opt/wonderful/thirdparty/blocksds/external/nitro-engine/lib/libNE.a(NEAlloc.c.o)
                0x0200956c                NE_AllocEnd
 .text.NE_AllocFindInRange
                0x02009594       0x5c /opt/wonderful/thirdparty/blocksds/external/nitro-engine/lib/libNE.a(NEAlloc.c.o)
                0x02009594                NE_AllocFindInRange
 .text.NE_AllocAddress
                0x020095f0       0xf4 /opt/wonderful/thirdparty/blocksds/external/nitro-engine/lib/libNE.a(NEAlloc.c.o)
                0x020095f0                NE_AllocAddress
 .text.NE_AllocFromEnd
                0x020096e4       0x68 /opt/wonderful/thirdparty/blocksds/external/nitro-engine/lib/libNE.a(NEAlloc.c.o)
                0x020096e4                NE_AllocFromEnd
 .text.NE_Free  0x0200974c       0x14 /opt/wonderful/thirdparty/blocksds/external/nitro-engine/lib/libNE.a(NEAlloc.c.o)
                0x0200974c                NE_Free
 .text.NE_Lock  0x02009760       0x30 /opt/wonderful/thirdparty/blocksds/external/nitro-engine/lib/libNE.a(NEAlloc.c.o)
                0x02009760                NE_Lock
 .text.NE_PaletteSystemEnd.part.0
                0x02009790       0x54 /opt/wonderful/thirdparty/blocksds/external/nitro-engine/lib/libNE.a(NEPalette.c.o)
 .text.NE_PaletteUse
                0x020097e4       0x28 /opt/wonderful/thirdparty/blocksds/external/nitro-engine/lib/libNE.a(NEPalette.c.o)
                0x020097e4                NE_PaletteUse
 .text.NE_PaletteSystemReset
                0x0200980c       0x88 /opt/wonderful/thirdparty/blocksds/external/nitro-engine/lib/libNE.a(NEPalette.c.o)
                0x0200980c                NE_PaletteSystemReset
 .text.NE_PaletteSystemEnd
                0x02009894       0x14 /opt/wonderful/thirdparty/blocksds/external/nitro-engine/lib/libNE.a(NEPalette.c.o)
                0x02009894                NE_PaletteSystemEnd
 .text.swiWaitForVBlank
                0x020098a8        0x8 /opt/wonderful/thirdparty/blocksds/core/libs/libnds/lib/libnds9.a(IntrWait.s.o)
                0x020098a8                swiWaitForVBlank
 .text.swiIntrWait
                0x020098b0       0x70 /opt/wonderful/thirdparty/blocksds/core/libs/libnds/lib/libnds9.a(IntrWait.s.o)
                0x020098b0                swiIntrWait
 .text.__libnds_mpu_setup
                0x02009920      0x1c4 /opt/wonderful/thirdparty/blocksds/core/libs/libnds/lib/libnds9.a(mpu_setup.s.o)
                0x02009920                __libnds_mpu_setup
 .text.memUncached
                0x02009ae4       0x20 /opt/wonderful/thirdparty/blocksds/core/libs/libnds/lib/libnds9.a(mpu_setup.s.o)
                0x02009ae4                memUncached
 .text.dmaSetParams
                0x02009b04       0x1c /opt/wonderful/thirdparty/blocksds/core/libs/libnds/lib/libnds9.a(dma.s.o)
                0x02009b04                dmaSetParams
 .text.dmaStopSafe
                0x02009b20       0x44 /opt/wonderful/thirdparty/blocksds/core/libs/libnds/lib/libnds9.a(dma.s.o)
                0x02009b20                dmaStopSafe
 .text.__aeabi_memcpy
                0x02009b64       0xdc /opt/wonderful/thirdparty/blocksds/core/libs/libnds/lib/libnds9.a(memcpy.s.o)
                0x02009b64                __aeabi_memcpy
                0x02009b9c                __aeabi_memcpy4
                0x02009b9c                __aeabi_memcpy8
                0x02009c08                __ndsabi_memcpy2
                0x02009c2c                __ndsabi_memcpy1
 .text.memcpy   0x02009c40       0x10 /opt/wonderful/thirdparty/blocksds/core/libs/libnds/lib/libnds9.a(memcpy.s.o)
                0x02009c40                memcpy
 .text.__aeabi_memset
                0x02009c50       0x9c /opt/wonderful/thirdparty/blocksds/core/libs/libnds/lib/libnds9.a(memset.s.o)
                0x02009c50                __aeabi_memset
                0x02009c74                __aeabi_memset8
                0x02009c74                __aeabi_memset4
                0x02009c80                __ndsabi_wordset4
                0x02009c84                __ndsabi_lwordset4
 .text.__ndsabi_memset1
                0x02009cec       0x10 /opt/wonderful/thirdparty/blocksds/core/libs/libnds/lib/libnds9.a(memset.s.o)
                0x02009cec                __ndsabi_memset1
 .text.memset   0x02009cfc       0x1c /opt/wonderful/thirdparty/blocksds/core/libs/libnds/lib/libnds9.a(memset.s.o)
                0x02009cfc                memset
 .text.vramSetPrimaryBanks
                0x02009d18       0x44 /opt/wonderful/thirdparty/blocksds/core/libs/libnds/lib/libnds9.a(video.c.o)
                0x02009d18                vramSetPrimaryBanks
 .text.setBrightness
                0x02009d5c       0x40 /opt/wonderful/thirdparty/blocksds/core/libs/libnds/lib/libnds9.a(video.c.o)
                0x02009d5c                setBrightness
 .text.vramDefault
                0x02009d9c       0xc8 /opt/wonderful/thirdparty/blocksds/core/libs/libnds/lib/libnds9.a(video.c.o)
                0x02009d9c                vramDefault
 .text.systemValueHandler
                0x02009e64       0x44 /opt/wonderful/thirdparty/blocksds/core/libs/libnds/lib/libnds9.a(system.c.o)
                0x02009e64                systemValueHandler
 .text.systemMsgHandler
                0x02009ea8       0x2c /opt/wonderful/thirdparty/blocksds/core/libs/libnds/lib/libnds9.a(system.c.o)
                0x02009ea8                systemMsgHandler
 .text.powerOn  0x02009ed4       0x2c /opt/wonderful/thirdparty/blocksds/core/libs/libnds/lib/libnds9.a(system.c.o)
                0x02009ed4                powerOn
 .text.powerOff
                0x02009f00       0x28 /opt/wonderful/thirdparty/blocksds/core/libs/libnds/lib/libnds9.a(system.c.o)
                0x02009f00                powerOff
 .text.scanKeys
                0x02009f28       0xc0 /opt/wonderful/thirdparty/blocksds/core/libs/libnds/lib/libnds9.a(keys.c.o)
                0x02009f28                scanKeys
 .text.keysHeld
                0x02009fe8        0xc /opt/wonderful/thirdparty/blocksds/core/libs/libnds/lib/libnds9.a(keys.c.o)
                0x02009fe8                keysHeld
 .text.keysDown
                0x02009ff4       0x14 /opt/wonderful/thirdparty/blocksds/core/libs/libnds/lib/libnds9.a(keys.c.o)
                0x02009ff4                keysDown
 .text.keysUp   0x0200a008       0x18 /opt/wonderful/thirdparty/blocksds/core/libs/libnds/lib/libnds9.a(keys.c.o)
                0x0200a008                keysUp
 .text.keysCurrent
                0x0200a020       0x48 /opt/wonderful/thirdparty/blocksds/core/libs/libnds/lib/libnds9.a(keys.c.o)
                0x0200a020                keysCurrent
 .text.touchRead
                0x0200a068       0x24 /opt/wonderful/thirdparty/blocksds/core/libs/libnds/lib/libnds9.a(keys.c.o)
                0x0200a068                touchRead
 .text.setTransferInputData
                0x0200a08c       0x20 /opt/wonderful/thirdparty/blocksds/core/libs/libnds/lib/libnds9.a(keys.c.o)
                0x0200a08c                setTransferInputData
 .text.initSystem
                0x0200a0ac      0x1a0 /opt/wonderful/thirdparty/blocksds/core/libs/libnds/lib/libnds9.a(initSystem.c.o)
                0x0200a0ac                initSystem
 .text.newRow   0x0200a24c       0xdc /opt/wonderful/thirdparty/blocksds/core/libs/libnds/lib/libnds9.a(console.c.o)
 .text.consolePrintChar
                0x0200a328       0xe0 /opt/wonderful/thirdparty/blocksds/core/libs/libnds/lib/libnds9.a(console.c.o)
                0x0200a328                consolePrintChar
 .text.con_write
                0x0200a408      0x344 /opt/wonderful/thirdparty/blocksds/core/libs/libnds/lib/libnds9.a(console.c.o)
 .text.consoleLoadFont
                0x0200a74c      0x36c /opt/wonderful/thirdparty/blocksds/core/libs/libnds/lib/libnds9.a(console.c.o)
                0x0200a74c                consoleLoadFont
 .text.consoleInit
                0x0200aab8      0x194 /opt/wonderful/thirdparty/blocksds/core/libs/libnds/lib/libnds9.a(console.c.o)
                0x0200aab8                consoleInit
 .text.consoleDemoInit
                0x0200ac4c       0x48 /opt/wonderful/thirdparty/blocksds/core/libs/libnds/lib/libnds9.a(console.c.o)
                0x0200ac4c                consoleDemoInit
 .text.sinLutLookup
                0x0200ac94       0x4c /opt/wonderful/thirdparty/blocksds/core/libs/libnds/lib/libnds9.a(trig.c.o)
                0x0200ac94                sinLutLookup
 .text.sinLerp  0x0200ace0       0x38 /opt/wonderful/thirdparty/blocksds/core/libs/libnds/lib/libnds9.a(trig.c.o)
                0x0200ace0                sinLerp
 .text.cosLerp  0x0200ad18       0x48 /opt/wonderful/thirdparty/blocksds/core/libs/libnds/lib/libnds9.a(trig.c.o)
                0x0200ad18                cosLerp
 .text.tanLerp  0x0200ad60       0xa8 /opt/wonderful/thirdparty/blocksds/core/libs/libnds/lib/libnds9.a(trig.c.o)
                0x0200ad60                tanLerp
 .text.nitrofs_read_internal
                0x0200ae08       0x8c /opt/wonderful/thirdparty/blocksds/core/libs/libnds/lib/libnds9.a(nitrofs.c.o)
 .text.nitrofs_dir_state_init
                0x0200ae94       0xa8 /opt/wonderful/thirdparty/blocksds/core/libs/libnds/lib/libnds9.a(nitrofs.c.o)
 .text.nitrofs_dir_state_next
                0x0200af3c       0xc0 /opt/wonderful/thirdparty/blocksds/core/libs/libnds/lib/libnds9.a(nitrofs.c.o)
 .text.nitrofs_dir_step
                0x0200affc       0xf4 /opt/wonderful/thirdparty/blocksds/core/libs/libnds/lib/libnds9.a(nitrofs.c.o)
 .text.nitrofs_use_for_path
                0x0200b0f0       0x30 /opt/wonderful/thirdparty/blocksds/core/libs/libnds/lib/libnds9.a(nitrofs.c.o)
                0x0200b0f0                nitrofs_use_for_path
 .text.nitrofs_path_resolve
                0x0200b120       0x68 /opt/wonderful/thirdparty/blocksds/core/libs/libnds/lib/libnds9.a(nitrofs.c.o)
                0x0200b120                nitrofs_path_resolve
 .text.nitrofs_chdir
                0x0200b188       0x24 /opt/wonderful/thirdparty/blocksds/core/libs/libnds/lib/libnds9.a(nitrofs.c.o)
                0x0200b188                nitrofs_chdir
 .text.nitrofs_read
                0x0200b1ac       0x30 /opt/wonderful/thirdparty/blocksds/core/libs/libnds/lib/libnds9.a(nitrofs.c.o)
                0x0200b1ac                nitrofs_read
 .text.nitrofs_lseek
                0x0200b1dc       0x54 /opt/wonderful/thirdparty/blocksds/core/libs/libnds/lib/libnds9.a(nitrofs.c.o)
                0x0200b1dc                nitrofs_lseek
 .text.nitrofs_close
                0x0200b230       0x10 /opt/wonderful/thirdparty/blocksds/core/libs/libnds/lib/libnds9.a(nitrofs.c.o)
                0x0200b230                nitrofs_close
 .text.nitroFSOpenById
                0x0200b240       0x6c /opt/wonderful/thirdparty/blocksds/core/libs/libnds/lib/libnds9.a(nitrofs.c.o)
                0x0200b240                nitroFSOpenById
 .text.nitrofs_open
                0x0200b2ac       0x4c /opt/wonderful/thirdparty/blocksds/core/libs/libnds/lib/libnds9.a(nitrofs.c.o)
                0x0200b2ac                nitrofs_open
 .text.nitroFSInit
                0x0200b2f8      0x138 /opt/wonderful/thirdparty/blocksds/core/libs/libnds/lib/libnds9.a(nitrofs.c.o)
                0x0200b2f8                nitroFSInit
 .text.build_argv
                0x0200b430       0x58 /opt/wonderful/thirdparty/blocksds/core/libs/libnds/lib/libnds9.a(crt0_argv.c.o)
                0x0200b430                build_argv
 .text.putc_buffered
                0x0200b488       0x98 /opt/wonderful/thirdparty/blocksds/core/libs/libnds/lib/libnds9.a(iob.c.o)
 .text.stdout_putc_buffered
                0x0200b520       0x20 /opt/wonderful/thirdparty/blocksds/core/libs/libnds/lib/libnds9.a(iob.c.o)
 .text.stderr_putc_buffered
                0x0200b540       0x20 /opt/wonderful/thirdparty/blocksds/core/libs/libnds/lib/libnds9.a(iob.c.o)
 .text.stdin_getc_keyboard
                0x0200b560       0xec /opt/wonderful/thirdparty/blocksds/core/libs/libnds/lib/libnds9.a(iob.c.o)
 .text.dldi_arm7_write_sectors
                0x0200b64c       0x64 /opt/wonderful/thirdparty/blocksds/core/libs/libnds/lib/libnds9.a(dldi.c.o)
                0x0200b64c                dldi_arm7_write_sectors
 .text.dldi_arm7_is_inserted
                0x0200b6b0       0x3c /opt/wonderful/thirdparty/blocksds/core/libs/libnds/lib/libnds9.a(dldi.c.o)
                0x0200b6b0                dldi_arm7_is_inserted
 .text.dldi_arm7_clear_status
                0x0200b6ec       0x3c /opt/wonderful/thirdparty/blocksds/core/libs/libnds/lib/libnds9.a(dldi.c.o)
                0x0200b6ec                dldi_arm7_clear_status
 .text.dldi_arm7_shutdown
                0x0200b728       0x3c /opt/wonderful/thirdparty/blocksds/core/libs/libnds/lib/libnds9.a(dldi.c.o)
                0x0200b728                dldi_arm7_shutdown
 .text.dldi_arm7_startup
                0x0200b764       0x50 /opt/wonderful/thirdparty/blocksds/core/libs/libnds/lib/libnds9.a(dldi.c.o)
                0x0200b764                dldi_arm7_startup
 .text.dldi_arm7_read_sectors
                0x0200b7b4       0x64 /opt/wonderful/thirdparty/blocksds/core/libs/libnds/lib/libnds9.a(dldi.c.o)
                0x0200b7b4                dldi_arm7_read_sectors
 .text.dldiGetMode
                0x0200b818        0xc /opt/wonderful/thirdparty/blocksds/core/libs/libnds/lib/libnds9.a(dldi.c.o)
                0x0200b818                dldiGetMode
 .text.dldiGetInternal
                0x0200b824       0xb0 /opt/wonderful/thirdparty/blocksds/core/libs/libnds/lib/libnds9.a(dldi.c.o)
                0x0200b824                dldiGetInternal
 .text.dldiGetStubDataEnd
                0x0200b8d4       0x1c /opt/wonderful/thirdparty/blocksds/core/libs/libnds/lib/libnds9.a(dldi.c.o)
                0x0200b8d4                dldiGetStubDataEnd
 .text.dldiGetStubEnd
                0x0200b8f0        0x8 /opt/wonderful/thirdparty/blocksds/core/libs/libnds/lib/libnds9.a(dldi.c.o)
                0x0200b8f0                dldiGetStubEnd
 .text.cardReadArm7
                0x0200b8f8       0x7c /opt/wonderful/thirdparty/blocksds/core/libs/libnds/lib/libnds9.a(card.c.o)
                0x0200b8f8                cardReadArm7
 .text.soundEnable
                0x0200b974       0x10 /opt/wonderful/thirdparty/blocksds/core/libs/libnds/lib/libnds9.a(sound.c.o)
                0x0200b974                soundEnable
 .text.fifo_buffer_enqueue_block
                0x0200b984       0x44 /opt/wonderful/thirdparty/blocksds/core/libs/libnds/lib/libnds9.a(fifosystem.c.o)
 .text.fifo_buffer_wait_block
                0x0200b9c8       0x80 /opt/wonderful/thirdparty/blocksds/core/libs/libnds/lib/libnds9.a(fifosystem.c.o)
 .text.fifoInternalSend.part.0
                0x0200ba48       0xcc /opt/wonderful/thirdparty/blocksds/core/libs/libnds/lib/libnds9.a(fifosystem.c.o)
 .text.fifoInternalSendInterrupt
                0x0200bb14       0xb0 /opt/wonderful/thirdparty/blocksds/core/libs/libnds/lib/libnds9.a(fifosystem.c.o)
 .text.fifoSetValue32Handler
                0x0200bbc4       0xd4 /opt/wonderful/thirdparty/blocksds/core/libs/libnds/lib/libnds9.a(fifosystem.c.o)
                0x0200bbc4                fifoSetValue32Handler
 .text.fifoSendValue32
                0x0200bc98       0x50 /opt/wonderful/thirdparty/blocksds/core/libs/libnds/lib/libnds9.a(fifosystem.c.o)
                0x0200bc98                fifoSendValue32
 .text.fifoSendDatamsg
                0x0200bce8       0x94 /opt/wonderful/thirdparty/blocksds/core/libs/libnds/lib/libnds9.a(fifosystem.c.o)
                0x0200bce8                fifoSendDatamsg
 .text.fifoGetValue32
                0x0200bd7c       0x70 /opt/wonderful/thirdparty/blocksds/core/libs/libnds/lib/libnds9.a(fifosystem.c.o)
                0x0200bd7c                fifoGetValue32
 .text.fifoGetDatamsg
                0x0200bdec       0xe8 /opt/wonderful/thirdparty/blocksds/core/libs/libnds/lib/libnds9.a(fifosystem.c.o)
                0x0200bdec                fifoGetDatamsg
 .text.fifoInternalRecvInterrupt
                0x0200bed4      0x310 /opt/wonderful/thirdparty/blocksds/core/libs/libnds/lib/libnds9.a(fifosystem.c.o)
 .text.fifoSetDatamsgHandler
                0x0200c1e4       0x9c /opt/wonderful/thirdparty/blocksds/core/libs/libnds/lib/libnds9.a(fifosystem.c.o)
                0x0200c1e4                fifoSetDatamsgHandler
 .text.fifoCheckValue32
                0x0200c280       0x24 /opt/wonderful/thirdparty/blocksds/core/libs/libnds/lib/libnds9.a(fifosystem.c.o)
                0x0200c280                fifoCheckValue32
 .text.fifoInit
                0x0200c2a4      0x114 /opt/wonderful/thirdparty/blocksds/core/libs/libnds/lib/libnds9.a(fifosystem.c.o)
                0x0200c2a4                fifoInit
 .text.fifoMutexAcquire
                0x0200c3b8       0x30 /opt/wonderful/thirdparty/blocksds/core/libs/libnds/lib/libnds9.a(fifosystem.c.o)
                0x0200c3b8                fifoMutexAcquire
 .text.fifoMutexRelease
                0x0200c3e8       0x14 /opt/wonderful/thirdparty/blocksds/core/libs/libnds/lib/libnds9.a(fifosystem.c.o)
                0x0200c3e8                fifoMutexRelease
 .text.irqDummy
                0x0200c3fc        0x4 /opt/wonderful/thirdparty/blocksds/core/libs/libnds/lib/libnds9.a(interrupts.c.o)
                0x0200c3fc                irqDummy
 .text.irqSet   0x0200c400       0x78 /opt/wonderful/thirdparty/blocksds/core/libs/libnds/lib/libnds9.a(interrupts.c.o)
                0x0200c400                irqSet
 .text.irqInit  0x0200c478       0x50 /opt/wonderful/thirdparty/blocksds/core/libs/libnds/lib/libnds9.a(interrupts.c.o)
                0x0200c478                irqInit
 .text.irqEnable
                0x0200c4c8       0x64 /opt/wonderful/thirdparty/blocksds/core/libs/libnds/lib/libnds9.a(interrupts.c.o)
                0x0200c4c8                irqEnable
 .text.cardPolledTransfer
                0x0200c52c       0x54 /opt/wonderful/thirdparty/blocksds/core/libs/libnds/lib/libnds9.a(card.c.o)
                0x0200c52c                cardPolledTransfer
 .text.cardRead
                0x0200c580      0x120 /opt/wonderful/thirdparty/blocksds/core/libs/libnds/lib/libnds9.a(card.c.o)
                0x0200c580                cardRead
 .text.systemErrorExit
                0x0200c6a0        0x4 /opt/wonderful/thirdparty/blocksds/core/libs/libnds/lib/libnds9.a(exit.c.o)
                0x0200c6a0                systemErrorExit
 .text.__libnds_exit
                0x0200c6a4        0x8 /opt/wonderful/thirdparty/blocksds/core/libs/libnds/lib/libnds9.a(exit.c.o)
                0x0200c6a4                __libnds_exit
 .text._exit    0x0200c6ac       0x78 /opt/wonderful/thirdparty/blocksds/core/libs/libnds/lib/libnds9.a(exit.c.o)
                0x0200c6ac                _exit
 .text.sbrk     0x0200c724       0x5c /opt/wonderful/thirdparty/blocksds/core/libs/libnds/lib/libnds9.a(sbrk.c.o)
                0x0200c724                sbrk
 .text.cothread_delete_internal
                0x0200c780       0x3c /opt/wonderful/thirdparty/blocksds/core/libs/libnds/lib/libnds9.a(threads.c.o)
 .text.cothread_main
                0x0200c7bc       0x10 /opt/wonderful/thirdparty/blocksds/core/libs/libnds/lib/libnds9.a(threads.c.o)
                0x0200c7bc                cothread_main
 .text.cothread_yield
                0x0200c7cc       0x14 /opt/wonderful/thirdparty/blocksds/core/libs/libnds/lib/libnds9.a(threads.c.o)
                0x0200c7cc                cothread_yield
 .text.cothread_yield_irq
                0x0200c7e0       0x18 /opt/wonderful/thirdparty/blocksds/core/libs/libnds/lib/libnds9.a(threads.c.o)
                0x0200c7e0                cothread_yield_irq
 .text.cothread_start
                0x0200c7f8       0xe8 /opt/wonderful/thirdparty/blocksds/core/libs/libnds/lib/libnds9.a(threads.c.o)
                0x0200c7f8                cothread_start
 .text.__ndsabi_coro_resume
                0x0200c8e0       0x18 /opt/wonderful/thirdparty/blocksds/core/libs/libnds/lib/libnds9.a(coroutine.s.o)
                0x0200c8e0                __ndsabi_coro_resume
 .text.__ndsabi_coro_yield
                0x0200c8f8       0x1c /opt/wonderful/thirdparty/blocksds/core/libs/libnds/lib/libnds9.a(coroutine.s.o)
                0x0200c8f8                __ndsabi_coro_yield
 .text.__ndsabi_coro_pop_noctx
                0x0200c914       0x34 /opt/wonderful/thirdparty/blocksds/core/libs/libnds/lib/libnds9.a(coroutine.s.o)
                0x0200c914                __ndsabi_coro_pop_noctx
 .text.__aeabi_read_tp
                0x0200c948        0xc /opt/wonderful/thirdparty/blocksds/core/libs/libnds/lib/libnds9.a(aeabi_read_tp.s.o)
                0x0200c948                __aeabi_read_tp
 .text.checkIfText
                0x0200c954       0x5c /opt/wonderful/thirdparty/blocksds/core/libs/libnds/lib/libnds9.a(background.c.o)
                0x0200c954                checkIfText
 .text.bgUpdate
                0x0200c9b0       0xf4 /opt/wonderful/thirdparty/blocksds/core/libs/libnds/lib/libnds9.a(background.c.o)
                0x0200c9b0                bgUpdate
 .text.bgInit_call
                0x0200caa4       0xac /opt/wonderful/thirdparty/blocksds/core/libs/libnds/lib/libnds9.a(background.c.o)
                0x0200caa4                bgInit_call
 .text.bgInitSub_call
                0x0200cb50       0xb4 /opt/wonderful/thirdparty/blocksds/core/libs/libnds/lib/libnds9.a(background.c.o)
                0x0200cb50                bgInitSub_call
 .text.keyboardGetKey
                0x0200cc04       0x5c /opt/wonderful/thirdparty/blocksds/core/libs/libnds/lib/libnds9.a(keyboard.c.o)
                0x0200cc04                keyboardGetKey
 .text.keyboardShiftState
                0x0200cc60       0x88 /opt/wonderful/thirdparty/blocksds/core/libs/libnds/lib/libnds9.a(keyboard.c.o)
                0x0200cc60                keyboardShiftState
 .text.swapKeyGfx
                0x0200cce8      0x164 /opt/wonderful/thirdparty/blocksds/core/libs/libnds/lib/libnds9.a(keyboard.c.o)
                0x0200cce8                swapKeyGfx
 .text.keyboardUpdate
                0x0200ce4c       0xf0 /opt/wonderful/thirdparty/blocksds/core/libs/libnds/lib/libnds9.a(keyboard.c.o)
                0x0200ce4c                keyboardUpdate
 .text.keyboardShow
                0x0200cf3c       0xd8 /opt/wonderful/thirdparty/blocksds/core/libs/libnds/lib/libnds9.a(keyboard.c.o)
                0x0200cf3c                keyboardShow
 .text.keyboardHide
                0x0200d014       0x8c /opt/wonderful/thirdparty/blocksds/core/libs/libnds/lib/libnds9.a(keyboard.c.o)
                0x0200d014                keyboardHide
 .text.open     0x0200d0a0       0xf0 /opt/wonderful/thirdparty/blocksds/core/libs/libnds/lib/libnds9.a(filesystem.c.o)
                0x0200d0a0                open
 .text.read     0x0200d190       0x44 /opt/wonderful/thirdparty/blocksds/core/libs/libnds/lib/libnds9.a(filesystem.c.o)
                0x0200d190                read
 .text.write    0x0200d1d4       0x54 /opt/wonderful/thirdparty/blocksds/core/libs/libnds/lib/libnds9.a(filesystem.c.o)
                0x0200d1d4                write
 .text.close    0x0200d228       0x50 /opt/wonderful/thirdparty/blocksds/core/libs/libnds/lib/libnds9.a(filesystem.c.o)
                0x0200d228                close
 .text.lseek    0x0200d278       0x70 /opt/wonderful/thirdparty/blocksds/core/libs/libnds/lib/libnds9.a(filesystem.c.o)
                0x0200d278                lseek
 .text.fatfs_error_to_posix
                0x0200d2e8       0x24 /opt/wonderful/thirdparty/blocksds/core/libs/libnds/lib/libnds9.a(fatfs.c.o)
                0x0200d2e8                fatfs_error_to_posix
 .text.fatfs_timestamp_to_fattime
                0x0200d30c       0x2c /opt/wonderful/thirdparty/blocksds/core/libs/libnds/lib/libnds9.a(fatfs.c.o)
                0x0200d30c                fatfs_timestamp_to_fattime
 .text.get_dirname
                0x0200d338       0x6c /opt/wonderful/thirdparty/blocksds/core/libs/libnds/lib/libnds9.a(fatfs.c.o)
                0x0200d338                get_dirname
 .text.fatGetDefaultCwd
                0x0200d3a4       0x70 /opt/wonderful/thirdparty/blocksds/core/libs/libnds/lib/libnds9.a(fatfs.c.o)
                0x0200d3a4                fatGetDefaultCwd
 .text.fatInit.part.0
                0x0200d414      0x108 /opt/wonderful/thirdparty/blocksds/core/libs/libnds/lib/libnds9.a(fatfs.c.o)
 .text.fatInitDefault
                0x0200d51c       0x24 /opt/wonderful/thirdparty/blocksds/core/libs/libnds/lib/libnds9.a(fatfs.c.o)
                0x0200d51c                fatInitDefault
 .text.fatInitLookupCache
                0x0200d540       0x5c /opt/wonderful/thirdparty/blocksds/core/libs/libnds/lib/libnds9.a(fatfs.c.o)
                0x0200d540                fatInitLookupCache
 .text.cache_init
                0x0200d59c       0x9c /opt/wonderful/thirdparty/blocksds/core/libs/libnds/lib/libnds9.a(cache.c.o)
                0x0200d59c                cache_init
 .text.cache_sector_get
                0x0200d638       0x70 /opt/wonderful/thirdparty/blocksds/core/libs/libnds/lib/libnds9.a(cache.c.o)
                0x0200d638                cache_sector_get
 .text.cache_sector_add
                0x0200d6a8      0x144 /opt/wonderful/thirdparty/blocksds/core/libs/libnds/lib/libnds9.a(cache.c.o)
                0x0200d6a8                cache_sector_add
 .text.cache_sector_invalidate
                0x0200d7ec       0x44 /opt/wonderful/thirdparty/blocksds/core/libs/libnds/lib/libnds9.a(cache.c.o)
                0x0200d7ec                cache_sector_invalidate
 .text.chdir    0x0200d830      0x114 /opt/wonderful/thirdparty/blocksds/core/libs/libnds/lib/libnds9.a(chdir.c.o)
                0x0200d830                chdir
 .text.__ndsabi_coro_make_noctx
                0x0200d944       0x24 /opt/wonderful/thirdparty/blocksds/core/libs/libnds/lib/libnds9.a(coroutine.c.o)
                0x0200d944                __ndsabi_coro_make_noctx
 .text.get_ldnumber
                0x0200d968       0xd0 /opt/wonderful/thirdparty/blocksds/core/libs/libnds/lib/libnds9.a(ff.c.o)
 .text.dir_clear
                0x0200da38      0x110 /opt/wonderful/thirdparty/blocksds/core/libs/libnds/lib/libnds9.a(ff.c.o)
 .text.unlock_volume.part.0.isra.0
                0x0200db48        0x8 /opt/wonderful/thirdparty/blocksds/core/libs/libnds/lib/libnds9.a(ff.c.o)
 .text.sync_fs  0x0200db50       0xb4 /opt/wonderful/thirdparty/blocksds/core/libs/libnds/lib/libnds9.a(ff.c.o)
 .text.move_window
                0x0200dc04       0x6c /opt/wonderful/thirdparty/blocksds/core/libs/libnds/lib/libnds9.a(ff.c.o)
 .text.put_fat.part.0
                0x0200dc70      0x11c /opt/wonderful/thirdparty/blocksds/core/libs/libnds/lib/libnds9.a(ff.c.o)
 .text.get_fat.isra.0
                0x0200dd8c       0xbc /opt/wonderful/thirdparty/blocksds/core/libs/libnds/lib/libnds9.a(ff.c.o)
 .text.remove_chain
                0x0200de48       0x90 /opt/wonderful/thirdparty/blocksds/core/libs/libnds/lib/libnds9.a(ff.c.o)
 .text.create_chain
                0x0200ded8      0x120 /opt/wonderful/thirdparty/blocksds/core/libs/libnds/lib/libnds9.a(ff.c.o)
 .text.dir_next
                0x0200dff8       0xdc /opt/wonderful/thirdparty/blocksds/core/libs/libnds/lib/libnds9.a(ff.c.o)
 .text.dir_sdi  0x0200e0d4       0x9c /opt/wonderful/thirdparty/blocksds/core/libs/libnds/lib/libnds9.a(ff.c.o)
 .text.dir_find
                0x0200e170      0x1a8 /opt/wonderful/thirdparty/blocksds/core/libs/libnds/lib/libnds9.a(ff.c.o)
 .text.follow_path
                0x0200e318      0x50c /opt/wonderful/thirdparty/blocksds/core/libs/libnds/lib/libnds9.a(ff.c.o)
 .text.dir_register
                0x0200e824      0x31c /opt/wonderful/thirdparty/blocksds/core/libs/libnds/lib/libnds9.a(ff.c.o)
 .text.validate
                0x0200eb40       0x5c /opt/wonderful/thirdparty/blocksds/core/libs/libnds/lib/libnds9.a(ff.c.o)
 .text.check_fs
                0x0200eb9c      0x138 /opt/wonderful/thirdparty/blocksds/core/libs/libnds/lib/libnds9.a(ff.c.o)
 .text.mount_volume
                0x0200ecd4      0x334 /opt/wonderful/thirdparty/blocksds/core/libs/libnds/lib/libnds9.a(ff.c.o)
 .text.f_mount  0x0200f008       0xa4 /opt/wonderful/thirdparty/blocksds/core/libs/libnds/lib/libnds9.a(ff.c.o)
                0x0200f008                f_mount
 .text.f_open   0x0200f0ac      0x354 /opt/wonderful/thirdparty/blocksds/core/libs/libnds/lib/libnds9.a(ff.c.o)
                0x0200f0ac                f_open
 .text.f_read   0x0200f400      0x2c8 /opt/wonderful/thirdparty/blocksds/core/libs/libnds/lib/libnds9.a(ff.c.o)
                0x0200f400                f_read
 .text.f_write  0x0200f6c8      0x308 /opt/wonderful/thirdparty/blocksds/core/libs/libnds/lib/libnds9.a(ff.c.o)
                0x0200f6c8                f_write
 .text.f_sync   0x0200f9d0       0xe4 /opt/wonderful/thirdparty/blocksds/core/libs/libnds/lib/libnds9.a(ff.c.o)
                0x0200f9d0                f_sync
 .text.f_close  0x0200fab4       0x30 /opt/wonderful/thirdparty/blocksds/core/libs/libnds/lib/libnds9.a(ff.c.o)
                0x0200fab4                f_close
 .text.f_chdrive
                0x0200fae4       0x24 /opt/wonderful/thirdparty/blocksds/core/libs/libnds/lib/libnds9.a(ff.c.o)
                0x0200fae4                f_chdrive
 .text.f_chdir  0x0200fb08       0xc4 /opt/wonderful/thirdparty/blocksds/core/libs/libnds/lib/libnds9.a(ff.c.o)
                0x0200fb08                f_chdir
 .text.f_lseek  0x0200fbcc      0x340 /opt/wonderful/thirdparty/blocksds/core/libs/libnds/lib/libnds9.a(ff.c.o)
                0x0200fbcc                f_lseek
 .text.ff_uni2oem
                0x0200ff0c       0x44 /opt/wonderful/thirdparty/blocksds/core/libs/libnds/lib/libnds9.a(ffunicode.c.o)
                0x0200ff0c                ff_uni2oem
 .text.ff_wtoupper
                0x0200ff50       0xcc /opt/wonderful/thirdparty/blocksds/core/libs/libnds/lib/libnds9.a(ffunicode.c.o)
                0x0200ff50                ff_wtoupper
 .text.ff_mutex_create
                0x0201001c       0x10 /opt/wonderful/thirdparty/blocksds/core/libs/libnds/lib/libnds9.a(ffsystem.c.o)
                0x0201001c                ff_mutex_create
 .text.ff_mutex_delete
                0x0201002c        0x4 /opt/wonderful/thirdparty/blocksds/core/libs/libnds/lib/libnds9.a(ffsystem.c.o)
                0x0201002c                ff_mutex_delete
 .text.ff_mutex_take
                0x02010030       0x1c /opt/wonderful/thirdparty/blocksds/core/libs/libnds/lib/libnds9.a(ffsystem.c.o)
                0x02010030                ff_mutex_take
 .text.ff_mutex_give
                0x0201004c       0x10 /opt/wonderful/thirdparty/blocksds/core/libs/libnds/lib/libnds9.a(ffsystem.c.o)
                0x0201004c                ff_mutex_give
 .text.disk_status
                0x0201005c       0x28 /opt/wonderful/thirdparty/blocksds/core/libs/libnds/lib/libnds9.a(diskio.c.o)
                0x0201005c                disk_status
 .text.disk_initialize
                0x02010084       0x50 /opt/wonderful/thirdparty/blocksds/core/libs/libnds/lib/libnds9.a(diskio.c.o)
                0x02010084                disk_initialize
 .text.disk_read
                0x020100d4       0xf8 /opt/wonderful/thirdparty/blocksds/core/libs/libnds/lib/libnds9.a(diskio.c.o)
                0x020100d4                disk_read
 .text.disk_write
                0x020101cc       0xc8 /opt/wonderful/thirdparty/blocksds/core/libs/libnds/lib/libnds9.a(diskio.c.o)
                0x020101cc                disk_write
 .text.disk_ioctl
                0x02010294       0x2c /opt/wonderful/thirdparty/blocksds/core/libs/libnds/lib/libnds9.a(diskio.c.o)
                0x02010294                disk_ioctl
 .text.get_fattime
                0x020102c0       0x1c /opt/wonderful/thirdparty/blocksds/core/libs/libnds/lib/libnds9.a(diskio.c.o)
                0x020102c0                get_fattime
 .text.calloc   0x020102dc       0xb4 /opt/wonderful/toolchain/gcc-arm-none-eabi/lib/gcc/arm-none-eabi/13.2.0/../../../../arm-none-eabi/lib/thumb/arm946e-s/libc.a(malloc-calloc.c.o)
                0x020102dc                calloc
 .text.malloc_trim
                0x02010390       0x9c /opt/wonderful/toolchain/gcc-arm-none-eabi/lib/gcc/arm-none-eabi/13.2.0/../../../../arm-none-eabi/lib/thumb/arm946e-s/libc.a(malloc-free.c.o)
                0x02010390                malloc_trim
 .text.free     0x0201042c      0x164 /opt/wonderful/toolchain/gcc-arm-none-eabi/lib/gcc/arm-none-eabi/13.2.0/../../../../arm-none-eabi/lib/thumb/arm946e-s/libc.a(malloc-free.c.o)
                0x0201042c                __malloc_free
                0x0201042c                free
 .text.malloc   0x02010590      0x430 /opt/wonderful/toolchain/gcc-arm-none-eabi/lib/gcc/arm-none-eabi/13.2.0/../../../../arm-none-eabi/lib/thumb/arm946e-s/libc.a(malloc-malloc.c.o)
                0x02010590                malloc
 .text.realloc  0x020109c0      0x35c /opt/wonderful/toolchain/gcc-arm-none-eabi/lib/gcc/arm-none-eabi/13.2.0/../../../../arm-none-eabi/lib/thumb/arm946e-s/libc.a(malloc-realloc.c.o)
                0x020109c0                realloc
 .text.__libc_init_array
                0x02010d1c       0x54 /opt/wonderful/toolchain/gcc-arm-none-eabi/lib/gcc/arm-none-eabi/13.2.0/../../../../arm-none-eabi/lib/thumb/arm946e-s/libc.a(libc_misc_init.c.o)
                0x02010d1c                __libc_init_array
 .text.__retarget_lock_init
                0x02010d70        0x2 /opt/wonderful/toolchain/gcc-arm-none-eabi/lib/gcc/arm-none-eabi/13.2.0/../../../../arm-none-eabi/lib/thumb/arm946e-s/libc.a(libc_misc_lock.c.o)
                0x02010d70                __retarget_lock_init
 .text.__retarget_lock_close
                0x02010d72        0x2 /opt/wonderful/toolchain/gcc-arm-none-eabi/lib/gcc/arm-none-eabi/13.2.0/../../../../arm-none-eabi/lib/thumb/arm946e-s/libc.a(libc_misc_lock.c.o)
                0x02010d72                __retarget_lock_close
 .text.__retarget_lock_acquire
                0x02010d74        0x2 /opt/wonderful/toolchain/gcc-arm-none-eabi/lib/gcc/arm-none-eabi/13.2.0/../../../../arm-none-eabi/lib/thumb/arm946e-s/libc.a(libc_misc_lock.c.o)
                0x02010d74                __retarget_lock_acquire
 .text.__retarget_lock_acquire_recursive
                0x02010d76        0x2 /opt/wonderful/toolchain/gcc-arm-none-eabi/lib/gcc/arm-none-eabi/13.2.0/../../../../arm-none-eabi/lib/thumb/arm946e-s/libc.a(libc_misc_lock.c.o)
                0x02010d76                __retarget_lock_acquire_recursive
 .text.__retarget_lock_release
                0x02010d78        0x2 /opt/wonderful/toolchain/gcc-arm-none-eabi/lib/gcc/arm-none-eabi/13.2.0/../../../../arm-none-eabi/lib/thumb/arm946e-s/libc.a(libc_misc_lock.c.o)
                0x02010d78                __retarget_lock_release
 .text.__retarget_lock_release_recursive
                0x02010d7a        0x2 /opt/wonderful/toolchain/gcc-arm-none-eabi/lib/gcc/arm-none-eabi/13.2.0/../../../../arm-none-eabi/lib/thumb/arm946e-s/libc.a(libc_misc_lock.c.o)
                0x02010d7a                __retarget_lock_release_recursive
 .text.rand     0x02010d7c        0x8 /opt/wonderful/toolchain/gcc-arm-none-eabi/lib/gcc/arm-none-eabi/13.2.0/../../../../arm-none-eabi/lib/thumb/arm946e-s/libc.a(libc_stdlib_rand.c.o)
                0x02010d7c                rand
 .text.random   0x02010d84       0x34 /opt/wonderful/toolchain/gcc-arm-none-eabi/lib/gcc/arm-none-eabi/13.2.0/../../../../arm-none-eabi/lib/thumb/arm946e-s/libc.a(libc_stdlib_random.c.o)
                0x02010d84                random
 .text.exit     0x02010db8       0x20 /opt/wonderful/toolchain/gcc-arm-none-eabi/lib/gcc/arm-none-eabi/13.2.0/../../../../arm-none-eabi/lib/thumb/arm946e-s/libc.a(libc_stdlib_pico-exit.c.o)
                0x02010db8                exit
 .text.memcmp   0x02010dd8       0x1c /opt/wonderful/toolchain/gcc-arm-none-eabi/lib/gcc/arm-none-eabi/13.2.0/../../../../arm-none-eabi/lib/thumb/arm946e-s/libc.a(libc_string_memcmp.c.o)
                0x02010dd8                memcmp
 .text.strchr   0x02010df4       0x1e /opt/wonderful/toolchain/gcc-arm-none-eabi/lib/gcc/arm-none-eabi/13.2.0/../../../../arm-none-eabi/lib/thumb/arm946e-s/libc.a(libc_string_strchr.c.o)
                0x02010df4                strchr
 .text.strdup   0x02010e12       0x20 /opt/wonderful/toolchain/gcc-arm-none-eabi/lib/gcc/arm-none-eabi/13.2.0/../../../../arm-none-eabi/lib/thumb/arm946e-s/libc.a(libc_string_strdup.c.o)
                0x02010e12                strdup
 .text.strncmp  0x02010e32       0x22 /opt/wonderful/toolchain/gcc-arm-none-eabi/lib/gcc/arm-none-eabi/13.2.0/../../../../arm-none-eabi/lib/thumb/arm946e-s/libc.a(libc_string_strncmp.c.o)
                0x02010e32                strncmp
 .text.strstr   0x02010e54       0x2c /opt/wonderful/toolchain/gcc-arm-none-eabi/lib/gcc/arm-none-eabi/13.2.0/../../../../arm-none-eabi/lib/thumb/arm946e-s/libc.a(libc_string_strstr.c.o)
                0x02010e54                strstr
 .text.gmtime   0x02010e80       0x18 /opt/wonderful/toolchain/gcc-arm-none-eabi/lib/gcc/arm-none-eabi/13.2.0/../../../../arm-none-eabi/lib/thumb/arm946e-s/libc.a(libc_time_gmtime.c.o)
                0x02010e80                gmtime
 .text.gmtime_r
                0x02010e98      0x1a8 /opt/wonderful/toolchain/gcc-arm-none-eabi/lib/gcc/arm-none-eabi/13.2.0/../../../../arm-none-eabi/lib/thumb/arm946e-s/libc.a(libc_time_gmtime_r.c.o)
                0x02010e98                gmtime_r
 .text.localtime
                0x02011040       0x18 /opt/wonderful/toolchain/gcc-arm-none-eabi/lib/gcc/arm-none-eabi/13.2.0/../../../../arm-none-eabi/lib/thumb/arm946e-s/libc.a(libc_time_lcltime.c.o)
                0x02011040                localtime
 .text.localtime_r
                0x02011058      0x1f8 /opt/wonderful/toolchain/gcc-arm-none-eabi/lib/gcc/arm-none-eabi/13.2.0/../../../../arm-none-eabi/lib/thumb/arm946e-s/libc.a(libc_time_lcltime_r.c.o)
                0x02011058                localtime_r
 .text.time     0x02011250       0x2a /opt/wonderful/toolchain/gcc-arm-none-eabi/lib/gcc/arm-none-eabi/13.2.0/../../../../arm-none-eabi/lib/thumb/arm946e-s/libc.a(libc_time_time.c.o)
                0x02011250                time
 *fill*         0x0201127a        0x2 ff
 .text.__tzcalc_limits
                0x0201127c      0x17c /opt/wonderful/toolchain/gcc-arm-none-eabi/lib/gcc/arm-none-eabi/13.2.0/../../../../arm-none-eabi/lib/thumb/arm946e-s/libc.a(libc_time_tzcalc_limits.c.o)
                0x0201127c                __tzcalc_limits
 .text._tzset_unlocked
                0x020113f8      0x3f0 /opt/wonderful/toolchain/gcc-arm-none-eabi/lib/gcc/arm-none-eabi/13.2.0/../../../../arm-none-eabi/lib/thumb/arm946e-s/libc.a(libc_time_tzset.c.o)
                0x020113f8                _tzset_unlocked
 .text.fclose   0x020117e8       0x18 /opt/wonderful/toolchain/gcc-arm-none-eabi/lib/gcc/arm-none-eabi/13.2.0/../../../../arm-none-eabi/lib/thumb/arm946e-s/libc.a(libc_tinystdio_fclose.c.o)
                0x020117e8                fclose
 .text.fflush   0x02011800       0x12 /opt/wonderful/toolchain/gcc-arm-none-eabi/lib/gcc/arm-none-eabi/13.2.0/../../../../arm-none-eabi/lib/thumb/arm946e-s/libc.a(libc_tinystdio_fflush.c.o)
                0x02011800                fflush
 .text.fileno   0x02011812       0x10 /opt/wonderful/toolchain/gcc-arm-none-eabi/lib/gcc/arm-none-eabi/13.2.0/../../../../arm-none-eabi/lib/thumb/arm946e-s/libc.a(libc_tinystdio_fileno.c.o)
                0x02011812                fileno
 *fill*         0x02011822        0x2 ff
 .text.fread    0x02011824      0x198 /opt/wonderful/toolchain/gcc-arm-none-eabi/lib/gcc/arm-none-eabi/13.2.0/../../../../arm-none-eabi/lib/thumb/arm946e-s/libc.a(libc_tinystdio_fread.c.o)
                0x02011824                fread
 .text.fseek    0x020119bc       0x40 /opt/wonderful/toolchain/gcc-arm-none-eabi/lib/gcc/arm-none-eabi/13.2.0/../../../../arm-none-eabi/lib/thumb/arm946e-s/libc.a(libc_tinystdio_fseek.c.o)
                0x020119bc                fseek
 .text.ftell    0x020119fc       0x2c /opt/wonderful/toolchain/gcc-arm-none-eabi/lib/gcc/arm-none-eabi/13.2.0/../../../../arm-none-eabi/lib/thumb/arm946e-s/libc.a(libc_tinystdio_ftell.c.o)
                0x020119fc                ftell
 .text.perror   0x02011a28       0x44 /opt/wonderful/toolchain/gcc-arm-none-eabi/lib/gcc/arm-none-eabi/13.2.0/../../../../arm-none-eabi/lib/thumb/arm946e-s/libc.a(libc_tinystdio_perror.c.o)
                0x02011a28                perror
 .text.printf   0x02011a6c       0x20 /opt/wonderful/toolchain/gcc-arm-none-eabi/lib/gcc/arm-none-eabi/13.2.0/../../../../arm-none-eabi/lib/thumb/arm946e-s/libc.a(libc_tinystdio_printf.c.o)
                0x02011a6c                printf
 .text.puts     0x02011a8c       0x40 /opt/wonderful/toolchain/gcc-arm-none-eabi/lib/gcc/arm-none-eabi/13.2.0/../../../../arm-none-eabi/lib/thumb/arm946e-s/libc.a(libc_tinystdio_puts.c.o)
                0x02011a8c                puts
 .text.rewind   0x02011acc       0x16 /opt/wonderful/toolchain/gcc-arm-none-eabi/lib/gcc/arm-none-eabi/13.2.0/../../../../arm-none-eabi/lib/thumb/arm946e-s/libc.a(libc_tinystdio_rewind.c.o)
                0x02011acc                rewind
 .text.setvbuf  0x02011ae2       0x18 /opt/wonderful/toolchain/gcc-arm-none-eabi/lib/gcc/arm-none-eabi/13.2.0/../../../../arm-none-eabi/lib/thumb/arm946e-s/libc.a(libc_tinystdio_setvbuf.c.o)
                0x02011ae2                setvbuf
 *fill*         0x02011afa        0x2 ff
 .text.sscanf   0x02011afc       0x3c /opt/wonderful/toolchain/gcc-arm-none-eabi/lib/gcc/arm-none-eabi/13.2.0/../../../../arm-none-eabi/lib/thumb/arm946e-s/libc.a(libc_tinystdio_sscanf.c.o)
                0x02011afc                sscanf
 .text.strtoul  0x02011b38      0x12c /opt/wonderful/toolchain/gcc-arm-none-eabi/lib/gcc/arm-none-eabi/13.2.0/../../../../arm-none-eabi/lib/thumb/arm946e-s/libc.a(libc_tinystdio_strtoul.c.o)
                0x02011b38                strtoul
 .text.__ultoa_invert
                0x02011c64       0x52 /opt/wonderful/toolchain/gcc-arm-none-eabi/lib/gcc/arm-none-eabi/13.2.0/../../../../arm-none-eabi/lib/thumb/arm946e-s/libc.a(libc_tinystdio_vfprintf.c.o)
 *fill*         0x02011cb6        0x2 ff
 .text.skip_to_arg
                0x02011cb8      0x13c /opt/wonderful/toolchain/gcc-arm-none-eabi/lib/gcc/arm-none-eabi/13.2.0/../../../../arm-none-eabi/lib/thumb/arm946e-s/libc.a(libc_tinystdio_vfprintf.c.o)
 .text.vfprintf
                0x02011df4      0x9e4 /opt/wonderful/toolchain/gcc-arm-none-eabi/lib/gcc/arm-none-eabi/13.2.0/../../../../arm-none-eabi/lib/thumb/arm946e-s/libc.a(libc_tinystdio_vfprintf.c.o)
                0x02011df4                __d_vfprintf
                0x02011df4                vfprintf
 .text.scanf_getc
                0x020127d8       0x14 /opt/wonderful/toolchain/gcc-arm-none-eabi/lib/gcc/arm-none-eabi/13.2.0/../../../../arm-none-eabi/lib/thumb/arm946e-s/libc.a(libc_tinystdio_vfscanf.c.o)
 .text.putval   0x020127ec       0x2a /opt/wonderful/toolchain/gcc-arm-none-eabi/lib/gcc/arm-none-eabi/13.2.0/../../../../arm-none-eabi/lib/thumb/arm946e-s/libc.a(libc_tinystdio_vfscanf.c.o)
 .text.scanf_ungetc.isra.0
                0x02012816       0x14 /opt/wonderful/toolchain/gcc-arm-none-eabi/lib/gcc/arm-none-eabi/13.2.0/../../../../arm-none-eabi/lib/thumb/arm946e-s/libc.a(libc_tinystdio_vfscanf.c.o)
 .text.skip_spaces
                0x0201282a       0x2a /opt/wonderful/toolchain/gcc-arm-none-eabi/lib/gcc/arm-none-eabi/13.2.0/../../../../arm-none-eabi/lib/thumb/arm946e-s/libc.a(libc_tinystdio_vfscanf.c.o)
 .text.vfscanf  0x02012854      0x980 /opt/wonderful/toolchain/gcc-arm-none-eabi/lib/gcc/arm-none-eabi/13.2.0/../../../../arm-none-eabi/lib/thumb/arm946e-s/libc.a(libc_tinystdio_vfscanf.c.o)
                0x02012854                __d_vfscanf
                0x02012854                vfscanf
 .text.mulShift64
                0x020131d4       0x64 /opt/wonderful/toolchain/gcc-arm-none-eabi/lib/gcc/arm-none-eabi/13.2.0/../../../../arm-none-eabi/lib/thumb/arm946e-s/libc.a(libc_tinystdio_atod_ryu.c.o)
 .text.__atod_engine
                0x02013238      0x160 /opt/wonderful/toolchain/gcc-arm-none-eabi/lib/gcc/arm-none-eabi/13.2.0/../../../../arm-none-eabi/lib/thumb/arm946e-s/libc.a(libc_tinystdio_atod_ryu.c.o)
                0x02013238                __atod_engine
 .text.__atof_engine
                0x02013398      0x11e /opt/wonderful/toolchain/gcc-arm-none-eabi/lib/gcc/arm-none-eabi/13.2.0/../../../../arm-none-eabi/lib/thumb/arm946e-s/libc.a(libc_tinystdio_atof_ryu.c.o)
                0x02013398                __atof_engine
 .text.mulShiftAll64
                0x020134b6      0x1e6 /opt/wonderful/toolchain/gcc-arm-none-eabi/lib/gcc/arm-none-eabi/13.2.0/../../../../arm-none-eabi/lib/thumb/arm946e-s/libc.a(libc_tinystdio_dtoa_ryu.c.o)
 .text.div10    0x0201369c       0x28 /opt/wonderful/toolchain/gcc-arm-none-eabi/lib/gcc/arm-none-eabi/13.2.0/../../../../arm-none-eabi/lib/thumb/arm946e-s/libc.a(libc_tinystdio_dtoa_ryu.c.o)
 .text.__dtoa_engine
                0x020136c4      0x490 /opt/wonderful/toolchain/gcc-arm-none-eabi/lib/gcc/arm-none-eabi/13.2.0/../../../../arm-none-eabi/lib/thumb/arm946e-s/libc.a(libc_tinystdio_dtoa_ryu.c.o)
                0x020136c4                __dtoa_engine
 .text.mulShift32
                0x02013b54       0x4a /opt/wonderful/toolchain/gcc-arm-none-eabi/lib/gcc/arm-none-eabi/13.2.0/../../../../arm-none-eabi/lib/thumb/arm946e-s/libc.a(libc_tinystdio_ryu_divpow2.c.o)
 .text.__mulPow5InvDivPow2
                0x02013b9e       0x28 /opt/wonderful/toolchain/gcc-arm-none-eabi/lib/gcc/arm-none-eabi/13.2.0/../../../../arm-none-eabi/lib/thumb/arm946e-s/libc.a(libc_tinystdio_ryu_divpow2.c.o)
                0x02013b9e                __mulPow5InvDivPow2
 .text.__mulPow5divPow2
                0x02013bc6       0x20 /opt/wonderful/toolchain/gcc-arm-none-eabi/lib/gcc/arm-none-eabi/13.2.0/../../../../arm-none-eabi/lib/thumb/arm946e-s/libc.a(libc_tinystdio_ryu_divpow2.c.o)
                0x02013bc6                __mulPow5divPow2
 *fill*         0x02013be6        0x2 ff
 .text.__log10Pow2
                0x02013be8        0xc /opt/wonderful/toolchain/gcc-arm-none-eabi/lib/gcc/arm-none-eabi/13.2.0/../../../../arm-none-eabi/lib/thumb/arm946e-s/libc.a(libc_tinystdio_ryu_log10.c.o)
                0x02013be8                __log10Pow2
 .text.__log10Pow5
                0x02013bf4        0xc /opt/wonderful/toolchain/gcc-arm-none-eabi/lib/gcc/arm-none-eabi/13.2.0/../../../../arm-none-eabi/lib/thumb/arm946e-s/libc.a(libc_tinystdio_ryu_log10.c.o)
                0x02013bf4                __log10Pow5
 .text.__log2pow5
                0x02013c00        0xc /opt/wonderful/toolchain/gcc-arm-none-eabi/lib/gcc/arm-none-eabi/13.2.0/../../../../arm-none-eabi/lib/thumb/arm946e-s/libc.a(libc_tinystdio_ryu_log2pow5.c.o)
                0x02013c00                __log2pow5
 .text.__ceil_log2pow5
                0x02013c0c       0x10 /opt/wonderful/toolchain/gcc-arm-none-eabi/lib/gcc/arm-none-eabi/13.2.0/../../../../arm-none-eabi/lib/thumb/arm946e-s/libc.a(libc_tinystdio_ryu_log2pow5.c.o)
                0x02013c0c                __ceil_log2pow5
 .text.__pow5bits
                0x02013c1c       0x10 /opt/wonderful/toolchain/gcc-arm-none-eabi/lib/gcc/arm-none-eabi/13.2.0/../../../../arm-none-eabi/lib/thumb/arm946e-s/libc.a(libc_tinystdio_ryu_pow5bits.c.o)
                0x02013c1c                __pow5bits
 .text.__pow5Factor
                0x02013c2c       0x2c /opt/wonderful/toolchain/gcc-arm-none-eabi/lib/gcc/arm-none-eabi/13.2.0/../../../../arm-none-eabi/lib/thumb/arm946e-s/libc.a(libc_tinystdio_ryu_table.c.o)
                0x02013c2c                __pow5Factor
 .text.__double_computePow5
                0x02013c58       0xfc /opt/wonderful/toolchain/gcc-arm-none-eabi/lib/gcc/arm-none-eabi/13.2.0/../../../../arm-none-eabi/lib/thumb/arm946e-s/libc.a(libc_tinystdio_ryu_table.c.o)
                0x02013c58                __double_computePow5
 .text.__double_computeInvPow5
                0x02013d54      0x100 /opt/wonderful/toolchain/gcc-arm-none-eabi/lib/gcc/arm-none-eabi/13.2.0/../../../../arm-none-eabi/lib/thumb/arm946e-s/libc.a(libc_tinystdio_ryu_table.c.o)
                0x02013d54                __double_computeInvPow5
 .text.__umul128
                0x02013e54       0x70 /opt/wonderful/toolchain/gcc-arm-none-eabi/lib/gcc/arm-none-eabi/13.2.0/../../../../arm-none-eabi/lib/thumb/arm946e-s/libc.a(libc_tinystdio_ryu_umul128.c.o)
                0x02013e54                __umul128
 .text.__shiftright128
                0x02013ec4       0x28 /opt/wonderful/toolchain/gcc-arm-none-eabi/lib/gcc/arm-none-eabi/13.2.0/../../../../arm-none-eabi/lib/thumb/arm946e-s/libc.a(libc_tinystdio_ryu_umul128.c.o)
                0x02013ec4                __shiftright128
 .text.__picolibc_non_atomic_exchange_ungetc
                0x02013eec        0x8 /opt/wonderful/toolchain/gcc-arm-none-eabi/lib/gcc/arm-none-eabi/13.2.0/../../../../arm-none-eabi/lib/thumb/arm946e-s/libc.a(libc_tinystdio_exchange.c.o)
                0x02013eec                __atomic_exchange_ungetc
                0x02013eec                __picolibc_non_atomic_exchange_ungetc
 .text.fdopen   0x02013ef4       0xa0 /opt/wonderful/toolchain/gcc-arm-none-eabi/lib/gcc/arm-none-eabi/13.2.0/../../../../arm-none-eabi/lib/thumb/arm946e-s/libc.a(libc_tinystdio_fdopen.c.o)
                0x02013ef4                fdopen
 .text.fopen    0x02013f94       0x2e /opt/wonderful/toolchain/gcc-arm-none-eabi/lib/gcc/arm-none-eabi/13.2.0/../../../../arm-none-eabi/lib/thumb/arm946e-s/libc.a(libc_tinystdio_fopen.c.o)
                0x02013f94                fopen
 .text.memmove  0x02013fc2       0x24 /opt/wonderful/toolchain/gcc-arm-none-eabi/lib/gcc/arm-none-eabi/13.2.0/../../../../arm-none-eabi/lib/thumb/arm946e-s/libc.a(memmove.c.o)
                0x02013fc2                memmove
                0x02013fc2                __aeabi_memmove8
                0x02013fc2                __aeabi_memmove
                0x02013fc2                __aeabi_memmove4
 *fill*         0x02013fe6        0x2 ff
 .text.__libc_fini_array
                0x02013fe8       0x30 /opt/wonderful/toolchain/gcc-arm-none-eabi/lib/gcc/arm-none-eabi/13.2.0/../../../../arm-none-eabi/lib/thumb/arm946e-s/libc.a(libc_misc_fini.c.o)
                0x02013fe8                __libc_fini_array
 .text.getenv   0x02014018        0xa /opt/wonderful/toolchain/gcc-arm-none-eabi/lib/gcc/arm-none-eabi/13.2.0/../../../../arm-none-eabi/lib/thumb/arm946e-s/libc.a(libc_stdlib_getenv.c.o)
                0x02014018                getenv
 *fill*         0x02014022        0x2 ff
 .text._findenv
                0x02014024       0x7c /opt/wonderful/toolchain/gcc-arm-none-eabi/lib/gcc/arm-none-eabi/13.2.0/../../../../arm-none-eabi/lib/thumb/arm946e-s/libc.a(libc_stdlib_getenv_r.c.o)
                0x02014024                _findenv
 .text._strerror_r
                0x020140a0      0x3c8 /opt/wonderful/toolchain/gcc-arm-none-eabi/lib/gcc/arm-none-eabi/13.2.0/../../../../arm-none-eabi/lib/thumb/arm946e-s/libc.a(libc_string_strerror.c.o)
                0x020140a0                _strerror_r
 .text.strerror
                0x02014468        0xc /opt/wonderful/toolchain/gcc-arm-none-eabi/lib/gcc/arm-none-eabi/13.2.0/../../../../arm-none-eabi/lib/thumb/arm946e-s/libc.a(libc_string_strerror.c.o)
                0x02014468                strerror
 .text.strnlen  0x02014474       0x16 /opt/wonderful/toolchain/gcc-arm-none-eabi/lib/gcc/arm-none-eabi/13.2.0/../../../../arm-none-eabi/lib/thumb/arm946e-s/libc.a(libc_string_strnlen.c.o)
                0x02014474                strnlen
 .text._user_strerror
                0x0201448a        0x4 /opt/wonderful/toolchain/gcc-arm-none-eabi/lib/gcc/arm-none-eabi/13.2.0/../../../../arm-none-eabi/lib/thumb/arm946e-s/libc.a(libc_string_u_strerr.c.o)
                0x0201448a                _user_strerror
 *fill*         0x0201448e        0x2 ff
 .text.__gettzinfo
                0x02014490        0x8 /opt/wonderful/toolchain/gcc-arm-none-eabi/lib/gcc/arm-none-eabi/13.2.0/../../../../arm-none-eabi/lib/thumb/arm946e-s/libc.a(libc_time_gettzinfo.c.o)
                0x02014490                __gettzinfo
 .text.__bufio_flush_locked
                0x02014498       0x6a /opt/wonderful/toolchain/gcc-arm-none-eabi/lib/gcc/arm-none-eabi/13.2.0/../../../../arm-none-eabi/lib/thumb/arm946e-s/libc.a(libc_tinystdio_bufio.c.o)
                0x02014498                __bufio_flush_locked
 .text.__bufio_fill_locked
                0x02014502       0x2c /opt/wonderful/toolchain/gcc-arm-none-eabi/lib/gcc/arm-none-eabi/13.2.0/../../../../arm-none-eabi/lib/thumb/arm946e-s/libc.a(libc_tinystdio_bufio.c.o)
                0x02014502                __bufio_fill_locked
 .text.__bufio_flush
                0x0201452e       0x1c /opt/wonderful/toolchain/gcc-arm-none-eabi/lib/gcc/arm-none-eabi/13.2.0/../../../../arm-none-eabi/lib/thumb/arm946e-s/libc.a(libc_tinystdio_bufio.c.o)
                0x0201452e                __bufio_flush
 .text.__bufio_setdir_locked
                0x0201454a       0x1a /opt/wonderful/toolchain/gcc-arm-none-eabi/lib/gcc/arm-none-eabi/13.2.0/../../../../arm-none-eabi/lib/thumb/arm946e-s/libc.a(libc_tinystdio_bufio.c.o)
                0x0201454a                __bufio_setdir_locked
 .text.__bufio_put
                0x02014564       0x76 /opt/wonderful/toolchain/gcc-arm-none-eabi/lib/gcc/arm-none-eabi/13.2.0/../../../../arm-none-eabi/lib/thumb/arm946e-s/libc.a(libc_tinystdio_bufio.c.o)
                0x02014564                __bufio_put
 *fill*         0x020145da        0x2 ff
 .text.__bufio_get
                0x020145dc       0xb0 /opt/wonderful/toolchain/gcc-arm-none-eabi/lib/gcc/arm-none-eabi/13.2.0/../../../../arm-none-eabi/lib/thumb/arm946e-s/libc.a(libc_tinystdio_bufio.c.o)
                0x020145dc                __bufio_get
 .text.__bufio_seek
                0x0201468c       0x6c /opt/wonderful/toolchain/gcc-arm-none-eabi/lib/gcc/arm-none-eabi/13.2.0/../../../../arm-none-eabi/lib/thumb/arm946e-s/libc.a(libc_tinystdio_bufio.c.o)
                0x0201468c                __bufio_seek
 .text.__bufio_setvbuf
                0x020146f8       0x8c /opt/wonderful/toolchain/gcc-arm-none-eabi/lib/gcc/arm-none-eabi/13.2.0/../../../../arm-none-eabi/lib/thumb/arm946e-s/libc.a(libc_tinystdio_bufio.c.o)
                0x020146f8                __bufio_setvbuf
 .text.__bufio_close
                0x02014784       0x40 /opt/wonderful/toolchain/gcc-arm-none-eabi/lib/gcc/arm-none-eabi/13.2.0/../../../../arm-none-eabi/lib/thumb/arm946e-s/libc.a(libc_tinystdio_bufio.c.o)
                0x02014784                __bufio_close
 .text.__dtox_engine
                0x020147c4      0x13c /opt/wonderful/toolchain/gcc-arm-none-eabi/lib/gcc/arm-none-eabi/13.2.0/../../../../arm-none-eabi/lib/thumb/arm946e-s/libc.a(libc_tinystdio_dtox_engine.c.o)
                0x020147c4                __dtox_engine
 .text.fgetc    0x02014900       0x40 /opt/wonderful/toolchain/gcc-arm-none-eabi/lib/gcc/arm-none-eabi/13.2.0/../../../../arm-none-eabi/lib/thumb/arm946e-s/libc.a(libc_tinystdio_fgetc.c.o)
                0x02014900                getc
                0x02014900                fgetc
 .text.__file_str_get
                0x02014940       0x16 /opt/wonderful/toolchain/gcc-arm-none-eabi/lib/gcc/arm-none-eabi/13.2.0/../../../../arm-none-eabi/lib/thumb/arm946e-s/libc.a(libc_tinystdio_filestrget.c.o)
                0x02014940                __file_str_get
 .text.fprintf  0x02014956       0x16 /opt/wonderful/toolchain/gcc-arm-none-eabi/lib/gcc/arm-none-eabi/13.2.0/../../../../arm-none-eabi/lib/thumb/arm946e-s/libc.a(libc_tinystdio_fprintf.c.o)
                0x02014956                fprintf
 .text.fseeko   0x0201496c       0x40 /opt/wonderful/toolchain/gcc-arm-none-eabi/lib/gcc/arm-none-eabi/13.2.0/../../../../arm-none-eabi/lib/thumb/arm946e-s/libc.a(libc_tinystdio_fseeko.c.o)
                0x0201496c                fseeko
 .text.__posix_sflags
                0x020149ac       0x58 /opt/wonderful/toolchain/gcc-arm-none-eabi/lib/gcc/arm-none-eabi/13.2.0/../../../../arm-none-eabi/lib/thumb/arm946e-s/libc.a(libc_tinystdio_sflags.c.o)
                0x020149ac                __posix_sflags
 .text.ungetc   0x02014a04       0x36 /opt/wonderful/toolchain/gcc-arm-none-eabi/lib/gcc/arm-none-eabi/13.2.0/../../../../arm-none-eabi/lib/thumb/arm946e-s/libc.a(libc_tinystdio_ungetc.c.o)
                0x02014a04                ungetc
 .text.__picolibc_non_atomic_compare_exchange_ungetc
                0x02014a3a       0x12 /opt/wonderful/toolchain/gcc-arm-none-eabi/lib/gcc/arm-none-eabi/13.2.0/../../../../arm-none-eabi/lib/thumb/arm946e-s/libc.a(libc_tinystdio_compare_exchange.c.o)
                0x02014a3a                __picolibc_non_atomic_compare_exchange_ungetc
                0x02014a3a                __atomic_compare_exchange_ungetc
 .text.gettimeofday
                0x02014a4c       0x1c /opt/wonderful/thirdparty/blocksds/core/libs/libnds/lib/libnds9.a(syscalls.c.o)
                0x02014a4c                gettimeofday
 .text.gettimeofday.__stub
                0x02014a68       0x28 linker stubs
 *(EXCLUDE_FILE(*.twl*) .gnu.warning)
 *(EXCLUDE_FILE(*.twl*) .gnu.linkonce.t*)
 *(.glue_7)
 .glue_7        0x02014a90        0x0 linker stubs
 *(.glue_7t)
 .glue_7t       0x02014a90        0x0 linker stubs
                0x02014a90                        . = ALIGN (0x4)

.vfp11_veneer   0x02014a90        0x0
 .vfp11_veneer  0x02014a90        0x0 linker stubs

.v4_bx          0x02014a90        0x0
 .v4_bx         0x02014a90        0x0 linker stubs

.iplt           0x02014a90        0x0
 .iplt          0x02014a90        0x0 /opt/wonderful/thirdparty/blocksds/core/sys/crts/ds_arm9_crt0.o

.fini           0x02014a90        0x8
 *(.fini)
 .fini          0x02014a90        0x8 /opt/wonderful/toolchain/gcc-arm-none-eabi/lib/gcc/arm-none-eabi/13.2.0/thumb/arm946e-s/crtn.o
                0x02014a98                        __text_end = .

.rodata         0x02014a98    0x416e8
 *(EXCLUDE_FILE(*.twl*) .rodata)
 .rodata        0x02014a98       0x24 /opt/wonderful/thirdparty/blocksds/external/nitro-engine/lib/libNE.a(NETexture.c.o)
 .rodata        0x02014abc       0x14 /opt/wonderful/thirdparty/blocksds/core/libs/libnds/lib/libnds9.a(fatfs.c.o)
 .rodata        0x02014ad0       0x18 /opt/wonderful/toolchain/gcc-arm-none-eabi/lib/gcc/arm-none-eabi/13.2.0/../../../../arm-none-eabi/lib/thumb/arm946e-s/libc.a(libc_time_month_lengths.c.o)
                0x02014ad0                __month_lengths
 .rodata        0x02014ae8        0xb /opt/wonderful/toolchain/gcc-arm-none-eabi/lib/gcc/arm-none-eabi/13.2.0/../../../../arm-none-eabi/lib/thumb/arm946e-s/libc.a(libc_tinystdio_vfscanf.c.o)
 *fill*         0x02014af3        0x5 ff
 .rodata        0x02014af8      0x338 /opt/wonderful/toolchain/gcc-arm-none-eabi/lib/gcc/arm-none-eabi/13.2.0/../../../../arm-none-eabi/lib/thumb/arm946e-s/libc.a(libc_tinystdio_ryu_table.c.o)
 *all.rodata*(*)
 *(EXCLUDE_FILE(*.twl*) .roda)
 *(EXCLUDE_FILE(*.twl*) .rodata.*)
 .rodata.blahajBitmap
                0x02014e30    0x20000 build/DS_GAME/gfx/blahaj.png.o
                0x02014e30                blahajBitmap
 .rodata.block_palletteBitmap
                0x02034e30    0x20000 build/DS_GAME/gfx/block_pallette.png.o
                0x02034e30                block_palletteBitmap
 .rodata.Init3DScene.str1.4
                0x02054e30       0xf1 build/DS_GAME/src/main.c.o
                                 0x11 (size before relaxing)
 .rodata.main.str1.4
                0x02054f21       0x49 build/DS_GAME/src/main.c.o
 .rodata.WaitForNitro.str1.4
                0x02054f21        0xe build/DS_GAME/src/chloe_filesystem.c.o
 .rodata.NE_FATLoadData.str1.4
                0x02054f21        0x3 /opt/wonderful/thirdparty/blocksds/external/nitro-engine/lib/libNE.a(NEFAT.c.o)
 .rodata.con_write.str1.4
                0x02054f21       0x30 /opt/wonderful/thirdparty/blocksds/core/libs/libnds/lib/libnds9.a(console.c.o)
 *fill*         0x02054f21        0x3 ff
 .rodata.con_write
                0x02054f24       0xd4 /opt/wonderful/thirdparty/blocksds/core/libs/libnds/lib/libnds9.a(console.c.o)
 .rodata.TAN_LUT
                0x02054ff8      0x204 /opt/wonderful/thirdparty/blocksds/core/libs/libnds/lib/libnds9.a(trig.c.o)
                0x02054ff8                TAN_LUT
 .rodata.SIN_LUT
                0x020551fc      0x102 /opt/wonderful/thirdparty/blocksds/core/libs/libnds/lib/libnds9.a(trig.c.o)
                0x020551fc                SIN_LUT
 .rodata.nitrofs_use_for_path.str1.4
                0x020552fe        0xc /opt/wonderful/thirdparty/blocksds/core/libs/libnds/lib/libnds9.a(nitrofs.c.o)
 .rodata.nitroFSInit.str1.4
                0x020552fe        0x2 /opt/wonderful/thirdparty/blocksds/core/libs/libnds/lib/libnds9.a(nitrofs.c.o)
 *fill*         0x020552fe        0x2 ff
 .rodata.stderr
                0x02055300        0x4 /opt/wonderful/thirdparty/blocksds/core/libs/libnds/lib/libnds9.a(iob.c.o)
                0x02055300                stderr
 .rodata.stdout
                0x02055304        0x4 /opt/wonderful/thirdparty/blocksds/core/libs/libnds/lib/libnds9.a(iob.c.o)
                0x02055304                stdout
 .rodata.stdin  0x02055308        0x4 /opt/wonderful/thirdparty/blocksds/core/libs/libnds/lib/libnds9.a(iob.c.o)
                0x02055308                stdin
 .rodata.default_fontTiles
                0x0205530c      0x300 /opt/wonderful/thirdparty/blocksds/core/libs/libnds/lib/libnds9.a(default_font.png.o)
                0x0205530c                default_fontTiles
 .rodata.CSWTCH.24
                0x0205560c        0xc /opt/wonderful/thirdparty/blocksds/core/libs/libnds/lib/libnds9.a(filesystem.c.o)
 .rodata.fatGetDefaultCwd.str1.4
                0x02055618        0xd /opt/wonderful/thirdparty/blocksds/core/libs/libnds/lib/libnds9.a(fatfs.c.o)
 .rodata.chdir.str1.4
                0x02055618        0xb /opt/wonderful/thirdparty/blocksds/core/libs/libnds/lib/libnds9.a(chdir.c.o)
 .rodata.get_ldnumber.str1.4
                0x02055618        0x7 /opt/wonderful/thirdparty/blocksds/core/libs/libnds/lib/libnds9.a(ff.c.o)
 .rodata.follow_path.str1.4
                0x02055618       0x13 /opt/wonderful/thirdparty/blocksds/core/libs/libnds/lib/libnds9.a(ff.c.o)
 .rodata.check_fs.str1.4
                0x02055618        0x9 /opt/wonderful/thirdparty/blocksds/core/libs/libnds/lib/libnds9.a(ff.c.o)
 .rodata.ExCvt  0x02055618       0x80 /opt/wonderful/thirdparty/blocksds/core/libs/libnds/lib/libnds9.a(ff.c.o)
 .rodata.LfnOfs
                0x02055698        0xd /opt/wonderful/thirdparty/blocksds/core/libs/libnds/lib/libnds9.a(ff.c.o)
 *fill*         0x020556a5        0x3 ff
 .rodata.ff_wtoupper
                0x020556a8       0x24 /opt/wonderful/thirdparty/blocksds/core/libs/libnds/lib/libnds9.a(ffunicode.c.o)
 .rodata.cvt2.0
                0x020556cc       0xbc /opt/wonderful/thirdparty/blocksds/core/libs/libnds/lib/libnds9.a(ffunicode.c.o)
 .rodata.cvt1.1
                0x02055788      0x1f2 /opt/wonderful/thirdparty/blocksds/core/libs/libnds/lib/libnds9.a(ffunicode.c.o)
 *fill*         0x0205597a        0x2 ff
 .rodata.uc437  0x0205597c      0x100 /opt/wonderful/thirdparty/blocksds/core/libs/libnds/lib/libnds9.a(ffunicode.c.o)
 .rodata.str1.1
                0x02055a7c      0x702 /opt/wonderful/toolchain/gcc-arm-none-eabi/lib/gcc/arm-none-eabi/13.2.0/../../../../arm-none-eabi/lib/thumb/arm946e-s/libc.a(libc_time_tzset.c.o)
                                 0x61 (size before relaxing)
 .rodata.str1.1
                0x0205617e        0x4 /opt/wonderful/toolchain/gcc-arm-none-eabi/lib/gcc/arm-none-eabi/13.2.0/../../../../arm-none-eabi/lib/thumb/arm946e-s/libc.a(libc_time_tzvars.c.o)
 .rodata.str1.1
                0x0205617e        0x9 /opt/wonderful/toolchain/gcc-arm-none-eabi/lib/gcc/arm-none-eabi/13.2.0/../../../../arm-none-eabi/lib/thumb/arm946e-s/libc.a(libc_tinystdio_perror.c.o)
 .rodata.str1.1
                0x0205617e        0xf /opt/wonderful/toolchain/gcc-arm-none-eabi/lib/gcc/arm-none-eabi/13.2.0/../../../../arm-none-eabi/lib/thumb/arm946e-s/libc.a(libc_tinystdio_vfprintf.c.o)
 .rodata.str1.1
                0x0205617e       0x13 /opt/wonderful/toolchain/gcc-arm-none-eabi/lib/gcc/arm-none-eabi/13.2.0/../../../../arm-none-eabi/lib/thumb/arm946e-s/libc.a(libc_tinystdio_vfscanf.c.o)
 .rodata.str1.1
                0x0205617e      0x68a /opt/wonderful/toolchain/gcc-arm-none-eabi/lib/gcc/arm-none-eabi/13.2.0/../../../../arm-none-eabi/lib/thumb/arm946e-s/libc.a(libc_string_strerror.c.o)
 *(EXCLUDE_FILE(*.twl*) .gnu.linkonce.r*)
                0x02056808                        . = ALIGN (0x4)
 *fill*         0x0205617e        0x2 ff

.ARM.extab
 *(.ARM.extab* .gnu.linkonce.armextab.*)
                0x02056180                        __exidx_start = .

ARM.exidx       0x02056180        0x8
 *(.ARM.exidx* .gnu.linkonce.armexidx.*)
 .ARM.exidx     0x02056180        0x8 /opt/wonderful/toolchain/gcc-arm-none-eabi/lib/gcc/arm-none-eabi/13.2.0/thumb/arm946e-s/libgcc.a(_udivmoddi4.o)
                0x02056188                        __exidx_end = .
                0x02056188                        . = ALIGN (0x4)
                0x02056188                        PROVIDE (__preinit_array_start = .)

.preinit_array
 *(.preinit_array)
                0x02056188                        PROVIDE (__preinit_array_end = .)
                0x02056188                        PROVIDE (__init_array_start = .)

.init_array
 *(SORT_BY_NAME(.init_array.*))
 *(.init_array)
                0x02056188                        PROVIDE (__init_array_end = .)
                0x02056188                        PROVIDE (__fini_array_start = .)

.fini_array
 *(.fini_array)
 *(SORT_BY_NAME(.fini_array.*))
                0x02056188                        PROVIDE (__fini_array_end = .)

.ctors          0x02056188        0x0
 *crtbegin.o(.ctors)
 *(EXCLUDE_FILE(*crtend.o) .ctors)
 *(SORT_BY_NAME(.ctors.*))
 *(.ctors)
                0x02056188                        . = ALIGN (0x4)

.dtors          0x02056188        0x0
 *crtbegin.o(.dtors)
 *(EXCLUDE_FILE(*crtend.o) .dtors)
 *(SORT_BY_NAME(.dtors.*))
 *(.dtors)
                0x02056188                        . = ALIGN (0x4)

.eh_frame       0x02056188        0x4
 *(.eh_frame)
 .eh_frame      0x02056188        0x4 /opt/wonderful/toolchain/gcc-arm-none-eabi/lib/gcc/arm-none-eabi/13.2.0/thumb/arm946e-s/crtend.o
                0x0205618c                        . = ALIGN (0x4)

.gcc_except_table
                0x0205618c        0x0
 *(.gcc_except_table)
                0x0205618c                        . = ALIGN (0x4)

.jcr
 *(.jcr)

.got            0x0205618c       0x10
 *(.got.plt)
 .got.plt       0x0205618c        0xc /opt/wonderful/thirdparty/blocksds/core/sys/crts/ds_arm9_crt0.o
                0x0205618c                _GLOBAL_OFFSET_TABLE_
 *(.got)
 .got           0x02056198        0x4 /opt/wonderful/thirdparty/blocksds/core/sys/crts/ds_arm9_crt0.o
 *(.rel.got)
 .rel.got       0x0205619c        0x0 /opt/wonderful/thirdparty/blocksds/core/sys/crts/ds_arm9_crt0.o

.ewram          0x0205619c        0x0
                0x0205619c                        __ewram_start = ABSOLUTE (.)
 *(.ewram)
 *ewram.*(.text)
                0x0205619c                        . = ALIGN (0x4)

.data           0x0205619c      0x58c